==== llama_W_O (8,4096,4096), iters=100 ====
[PCG] Loaded from /home/ylu18/luoresearch/2PC/results/llama2_experiment_20260505_034553/dummy_pcg/llama_W_O_party0.bin
[PCG] Matrix: [8×4096] × [4096×4096] = [8×4096], k=64-bit

╔═══════════════════════════════════════════════════════════╗
║  GPU Matrix Beaver Online                                 ║
║  Y = X × W                                                ║
╠═══════════════════════════════════════════════════════════╣
║  GPU: NVIDIA RTX A6000                               ║
║  Matrix: [8×4096] × [4096×4096] = [8×4096]                      
║  k_bits: 64                                              ║
║  iterations: 100                                         ║
╚═══════════════════════════════════════════════════════════╝

Iter 1: total=118.23 ms, PRG=1.68 ms, comm=105.32 ms, GEMM=1.17 ms
Iter 2: total=119.25 ms, PRG=1.68 ms, comm=106.40 ms, GEMM=1.12 ms
Iter 3: total=119.94 ms, PRG=1.68 ms, comm=107.08 ms, GEMM=1.12 ms
Iter 4: total=130.67 ms, PRG=1.68 ms, comm=117.77 ms, GEMM=1.13 ms
Iter 5: total=119.83 ms, PRG=1.69 ms, comm=106.97 ms, GEMM=1.12 ms
Iter 6: total=118.80 ms, PRG=1.68 ms, comm=105.97 ms, GEMM=1.11 ms
Iter 7: total=118.71 ms, PRG=1.68 ms, comm=105.89 ms, GEMM=1.11 ms
Iter 8: total=120.82 ms, PRG=1.68 ms, comm=107.92 ms, GEMM=1.12 ms
Iter 9: total=121.33 ms, PRG=1.68 ms, comm=108.51 ms, GEMM=1.11 ms
Iter 10: total=117.98 ms, PRG=1.68 ms, comm=105.13 ms, GEMM=1.12 ms
Iter 11: total=118.58 ms, PRG=1.67 ms, comm=105.73 ms, GEMM=1.12 ms
Iter 12: total=120.37 ms, PRG=1.67 ms, comm=107.52 ms, GEMM=1.12 ms
Iter 13: total=118.87 ms, PRG=1.67 ms, comm=106.02 ms, GEMM=1.12 ms
Iter 14: total=117.97 ms, PRG=1.68 ms, comm=105.11 ms, GEMM=1.12 ms
Iter 15: total=118.69 ms, PRG=1.68 ms, comm=105.87 ms, GEMM=1.11 ms
Iter 16: total=119.34 ms, PRG=1.68 ms, comm=106.47 ms, GEMM=1.12 ms
Iter 17: total=118.48 ms, PRG=1.68 ms, comm=105.63 ms, GEMM=1.12 ms
Iter 18: total=118.43 ms, PRG=1.68 ms, comm=105.58 ms, GEMM=1.12 ms
Iter 19: total=119.25 ms, PRG=1.68 ms, comm=106.39 ms, GEMM=1.12 ms
Iter 20: total=119.56 ms, PRG=1.68 ms, comm=106.70 ms, GEMM=1.12 ms
Iter 21: total=118.68 ms, PRG=1.68 ms, comm=105.82 ms, GEMM=1.12 ms
Iter 22: total=119.88 ms, PRG=1.68 ms, comm=107.02 ms, GEMM=1.12 ms
Iter 23: total=117.71 ms, PRG=1.68 ms, comm=104.89 ms, GEMM=1.11 ms
Iter 24: total=119.19 ms, PRG=1.68 ms, comm=106.36 ms, GEMM=1.11 ms
Iter 25: total=119.33 ms, PRG=1.68 ms, comm=106.51 ms, GEMM=1.11 ms
Iter 26: total=118.40 ms, PRG=1.67 ms, comm=105.55 ms, GEMM=1.12 ms
Iter 27: total=119.19 ms, PRG=1.68 ms, comm=106.30 ms, GEMM=1.12 ms
Iter 28: total=119.24 ms, PRG=1.68 ms, comm=106.41 ms, GEMM=1.11 ms
Iter 29: total=118.42 ms, PRG=1.68 ms, comm=105.60 ms, GEMM=1.11 ms
Iter 30: total=119.00 ms, PRG=1.68 ms, comm=106.18 ms, GEMM=1.11 ms
Iter 31: total=119.13 ms, PRG=1.67 ms, comm=106.20 ms, GEMM=1.13 ms
Iter 32: total=118.86 ms, PRG=1.68 ms, comm=106.03 ms, GEMM=1.11 ms
Iter 33: total=118.54 ms, PRG=1.68 ms, comm=105.69 ms, GEMM=1.12 ms
Iter 34: total=118.52 ms, PRG=1.68 ms, comm=105.67 ms, GEMM=1.12 ms
Iter 35: total=119.20 ms, PRG=1.67 ms, comm=106.35 ms, GEMM=1.12 ms
Iter 36: total=118.91 ms, PRG=1.68 ms, comm=106.06 ms, GEMM=1.12 ms
Iter 37: total=120.46 ms, PRG=1.68 ms, comm=107.60 ms, GEMM=1.12 ms
Iter 38: total=121.25 ms, PRG=1.68 ms, comm=108.42 ms, GEMM=1.11 ms
Iter 39: total=119.67 ms, PRG=1.68 ms, comm=106.84 ms, GEMM=1.11 ms
Iter 40: total=118.76 ms, PRG=1.68 ms, comm=105.94 ms, GEMM=1.11 ms
Iter 41: total=117.80 ms, PRG=1.68 ms, comm=104.85 ms, GEMM=1.13 ms
Iter 42: total=118.28 ms, PRG=1.68 ms, comm=105.44 ms, GEMM=1.11 ms
Iter 43: total=119.51 ms, PRG=1.68 ms, comm=106.68 ms, GEMM=1.11 ms
Iter 44: total=118.89 ms, PRG=1.68 ms, comm=106.07 ms, GEMM=1.11 ms
Iter 45: total=120.26 ms, PRG=1.68 ms, comm=107.44 ms, GEMM=1.11 ms
Iter 46: total=117.53 ms, PRG=1.68 ms, comm=104.70 ms, GEMM=1.11 ms
Iter 47: total=118.66 ms, PRG=1.67 ms, comm=105.80 ms, GEMM=1.12 ms
Iter 48: total=118.79 ms, PRG=1.67 ms, comm=105.96 ms, GEMM=1.11 ms
Iter 49: total=120.21 ms, PRG=1.68 ms, comm=107.39 ms, GEMM=1.11 ms
Iter 50: total=117.81 ms, PRG=1.68 ms, comm=104.99 ms, GEMM=1.11 ms
Iter 51: total=118.99 ms, PRG=1.67 ms, comm=106.15 ms, GEMM=1.12 ms
Iter 52: total=118.62 ms, PRG=1.67 ms, comm=105.80 ms, GEMM=1.11 ms
Iter 53: total=119.51 ms, PRG=1.68 ms, comm=106.61 ms, GEMM=1.12 ms
Iter 54: total=135.28 ms, PRG=1.68 ms, comm=122.45 ms, GEMM=1.11 ms
Iter 55: total=118.69 ms, PRG=1.68 ms, comm=105.86 ms, GEMM=1.11 ms
Iter 56: total=119.20 ms, PRG=1.68 ms, comm=106.36 ms, GEMM=1.11 ms
Iter 57: total=121.04 ms, PRG=1.68 ms, comm=108.21 ms, GEMM=1.11 ms
Iter 58: total=119.24 ms, PRG=1.68 ms, comm=106.41 ms, GEMM=1.11 ms
Iter 59: total=133.61 ms, PRG=1.67 ms, comm=120.76 ms, GEMM=1.12 ms
Iter 60: total=119.53 ms, PRG=1.67 ms, comm=106.71 ms, GEMM=1.11 ms
Iter 61: total=124.67 ms, PRG=1.68 ms, comm=111.82 ms, GEMM=1.12 ms
Iter 62: total=119.83 ms, PRG=1.67 ms, comm=107.00 ms, GEMM=1.11 ms
Iter 63: total=118.69 ms, PRG=1.68 ms, comm=105.86 ms, GEMM=1.11 ms
Iter 64: total=118.46 ms, PRG=1.68 ms, comm=105.64 ms, GEMM=1.11 ms
Iter 65: total=121.02 ms, PRG=1.67 ms, comm=108.20 ms, GEMM=1.11 ms
Iter 66: total=118.18 ms, PRG=1.68 ms, comm=105.36 ms, GEMM=1.11 ms
Iter 67: total=118.45 ms, PRG=1.68 ms, comm=105.63 ms, GEMM=1.10 ms
Iter 68: total=135.87 ms, PRG=1.68 ms, comm=123.05 ms, GEMM=1.11 ms
Iter 69: total=119.32 ms, PRG=1.68 ms, comm=106.39 ms, GEMM=1.13 ms
Iter 70: total=118.92 ms, PRG=1.68 ms, comm=106.08 ms, GEMM=1.11 ms
Iter 71: total=118.85 ms, PRG=1.68 ms, comm=106.03 ms, GEMM=1.11 ms
Iter 72: total=119.32 ms, PRG=1.68 ms, comm=106.49 ms, GEMM=1.11 ms
Iter 73: total=118.53 ms, PRG=1.67 ms, comm=105.68 ms, GEMM=1.12 ms
Iter 74: total=118.41 ms, PRG=1.68 ms, comm=105.59 ms, GEMM=1.11 ms
Iter 75: total=119.60 ms, PRG=1.68 ms, comm=106.74 ms, GEMM=1.12 ms
Iter 76: total=119.54 ms, PRG=1.68 ms, comm=106.69 ms, GEMM=1.12 ms
Iter 77: total=118.04 ms, PRG=1.68 ms, comm=105.18 ms, GEMM=1.12 ms
Iter 78: total=126.97 ms, PRG=1.67 ms, comm=114.14 ms, GEMM=1.11 ms
Iter 79: total=121.09 ms, PRG=1.68 ms, comm=108.27 ms, GEMM=1.11 ms
Iter 80: total=118.15 ms, PRG=1.67 ms, comm=105.33 ms, GEMM=1.11 ms
Iter 81: total=119.07 ms, PRG=1.68 ms, comm=106.25 ms, GEMM=1.11 ms
Iter 82: total=119.52 ms, PRG=1.67 ms, comm=106.70 ms, GEMM=1.11 ms
Iter 83: total=118.23 ms, PRG=1.68 ms, comm=105.41 ms, GEMM=1.11 ms
Iter 84: total=117.92 ms, PRG=1.68 ms, comm=105.09 ms, GEMM=1.11 ms
Iter 85: total=119.25 ms, PRG=1.68 ms, comm=106.43 ms, GEMM=1.11 ms
Iter 86: total=121.41 ms, PRG=1.67 ms, comm=108.59 ms, GEMM=1.11 ms
Iter 87: total=118.22 ms, PRG=1.68 ms, comm=105.37 ms, GEMM=1.12 ms
Iter 88: total=118.81 ms, PRG=1.68 ms, comm=105.99 ms, GEMM=1.11 ms
Iter 89: total=122.62 ms, PRG=1.67 ms, comm=109.80 ms, GEMM=1.11 ms
Iter 90: total=121.36 ms, PRG=1.68 ms, comm=108.39 ms, GEMM=1.14 ms
Iter 91: total=118.33 ms, PRG=1.68 ms, comm=105.48 ms, GEMM=1.12 ms
Iter 92: total=118.79 ms, PRG=1.68 ms, comm=105.94 ms, GEMM=1.12 ms
Iter 93: total=118.78 ms, PRG=1.67 ms, comm=105.96 ms, GEMM=1.11 ms
Iter 94: total=118.40 ms, PRG=1.68 ms, comm=105.58 ms, GEMM=1.11 ms
Iter 95: total=117.97 ms, PRG=1.67 ms, comm=105.12 ms, GEMM=1.12 ms
Iter 96: total=119.18 ms, PRG=1.68 ms, comm=106.35 ms, GEMM=1.11 ms
Iter 97: total=120.04 ms, PRG=1.67 ms, comm=107.17 ms, GEMM=1.13 ms
Iter 98: total=119.39 ms, PRG=1.68 ms, comm=106.56 ms, GEMM=1.11 ms
Iter 99: total=118.00 ms, PRG=1.68 ms, comm=105.14 ms, GEMM=1.12 ms
Iter 100: total=118.54 ms, PRG=1.68 ms, comm=105.71 ms, GEMM=1.11 ms

╔══════════════════════════════════════════════════╗
║  Results (with A/B/C storage pressure)          ║
╠══════════════════════════════════════════════════╣
║  Matrix:      [8×4096] × [4096×4096] = [8×4096]   ║
║  Iterations:              100                     ║
║  Total time:            11.98 s                 ║
║  PRG time:               1.68 ms / iter         ║
║  Comm time:            107.00 ms / iter         ║
║  GEMM time:              1.12 ms / iter         ║
║  Comm bytes:    134.48 /   134.48 MB/iter     ║
║                                              ║
║  PRG throughput (A+B):      10025.12 M elems/s   ║
║  Gen throughput (A+B+C):     1311.38 M elems/s   ║
║  Total throughput (A+B+C):    140.54 M elems/s   ║
║                                              ║
║  PRG bandwidth  (A+B → SSD):     80.20 GB/s    ║
║  Gen bandwidth  (A+B+C→SSD):     10.49 GB/s    ║
║  Total bandwidth(A+B+C→SSD):      1.12 GB/s    ║
║                                              ║
║  GEMM throughput:                2.24 GOPS/s     ║
╚══════════════════════════════════════════════════╝

[Party 0] Communication per iter: Sent=134.479872 MB, Recv=134.479872 MB, Total=268.959744 MB
[Party 0] Communication total: Sent=13447.987200 MB, Recv=13447.987200 MB, Total=26895.974400 MB
