==== llama_W_QKV (8,4096,4096), iters=100 ====
[PCG] Loaded from /home/ylu18/luoresearch/2PC/results/llama2_experiment_20260505_051342/dummy_pcg/llama_W_QKV_party0.bin
[PCG] Matrix: [8×4096] × [4096×4096] = [8×4096], k=64-bit

╔═══════════════════════════════════════════════════════════╗
║  GPU Matrix Beaver Online                                 ║
║  Y = X × W                                                ║
╠═══════════════════════════════════════════════════════════╣
║  GPU: NVIDIA RTX A6000                               ║
║  Matrix: [8×4096] × [4096×4096] = [8×4096]                      
║  k_bits: 64                                              ║
║  iterations: 100                                         ║
╚═══════════════════════════════════════════════════════════╝

Iter 1: total=94.72 ms, PRG=1.61 ms, comm=81.81 ms, GEMM=1.13 ms
Iter 2: total=94.19 ms, PRG=1.60 ms, comm=81.32 ms, GEMM=1.09 ms
Iter 3: total=93.88 ms, PRG=1.61 ms, comm=81.03 ms, GEMM=1.09 ms
Iter 4: total=93.38 ms, PRG=1.60 ms, comm=80.49 ms, GEMM=1.09 ms
Iter 5: total=108.65 ms, PRG=1.60 ms, comm=95.72 ms, GEMM=1.11 ms
Iter 6: total=94.38 ms, PRG=1.61 ms, comm=81.50 ms, GEMM=1.09 ms
Iter 7: total=93.62 ms, PRG=1.60 ms, comm=80.72 ms, GEMM=1.09 ms
Iter 8: total=93.45 ms, PRG=1.60 ms, comm=80.54 ms, GEMM=1.09 ms
Iter 9: total=93.77 ms, PRG=1.61 ms, comm=80.90 ms, GEMM=1.09 ms
Iter 10: total=93.80 ms, PRG=1.60 ms, comm=80.92 ms, GEMM=1.08 ms
Iter 11: total=93.39 ms, PRG=1.60 ms, comm=80.57 ms, GEMM=1.09 ms
Iter 12: total=93.62 ms, PRG=1.61 ms, comm=80.71 ms, GEMM=1.11 ms
Iter 13: total=93.17 ms, PRG=1.68 ms, comm=80.20 ms, GEMM=1.12 ms
Iter 14: total=93.35 ms, PRG=1.68 ms, comm=80.39 ms, GEMM=1.12 ms
Iter 15: total=93.93 ms, PRG=1.67 ms, comm=80.98 ms, GEMM=1.12 ms
Iter 16: total=93.63 ms, PRG=1.68 ms, comm=80.68 ms, GEMM=1.12 ms
Iter 17: total=94.53 ms, PRG=1.67 ms, comm=81.59 ms, GEMM=1.11 ms
Iter 18: total=93.72 ms, PRG=1.67 ms, comm=80.72 ms, GEMM=1.12 ms
Iter 19: total=93.45 ms, PRG=1.68 ms, comm=80.61 ms, GEMM=1.11 ms
Iter 20: total=93.83 ms, PRG=1.67 ms, comm=80.89 ms, GEMM=1.12 ms
Iter 21: total=93.48 ms, PRG=1.67 ms, comm=80.52 ms, GEMM=1.11 ms
Iter 22: total=94.09 ms, PRG=1.67 ms, comm=81.14 ms, GEMM=1.12 ms
Iter 23: total=93.50 ms, PRG=1.67 ms, comm=80.56 ms, GEMM=1.12 ms
Iter 24: total=93.23 ms, PRG=1.67 ms, comm=80.39 ms, GEMM=1.12 ms
Iter 25: total=93.77 ms, PRG=1.67 ms, comm=80.78 ms, GEMM=1.12 ms
Iter 26: total=93.88 ms, PRG=1.67 ms, comm=80.92 ms, GEMM=1.12 ms
Iter 27: total=93.48 ms, PRG=1.68 ms, comm=80.52 ms, GEMM=1.12 ms
Iter 28: total=93.44 ms, PRG=1.68 ms, comm=80.46 ms, GEMM=1.11 ms
Iter 29: total=94.42 ms, PRG=1.68 ms, comm=81.46 ms, GEMM=1.12 ms
Iter 30: total=93.33 ms, PRG=1.68 ms, comm=80.37 ms, GEMM=1.12 ms
Iter 31: total=93.19 ms, PRG=1.67 ms, comm=80.21 ms, GEMM=1.12 ms
Iter 32: total=94.74 ms, PRG=1.68 ms, comm=81.79 ms, GEMM=1.11 ms
Iter 33: total=93.64 ms, PRG=1.67 ms, comm=80.65 ms, GEMM=1.13 ms
Iter 34: total=94.46 ms, PRG=1.68 ms, comm=81.49 ms, GEMM=1.12 ms
Iter 35: total=93.37 ms, PRG=1.67 ms, comm=80.43 ms, GEMM=1.11 ms
Iter 36: total=95.24 ms, PRG=1.68 ms, comm=82.26 ms, GEMM=1.12 ms
Iter 37: total=93.20 ms, PRG=1.68 ms, comm=80.24 ms, GEMM=1.12 ms
Iter 38: total=93.92 ms, PRG=1.68 ms, comm=80.95 ms, GEMM=1.11 ms
Iter 39: total=94.17 ms, PRG=1.67 ms, comm=81.22 ms, GEMM=1.14 ms
Iter 40: total=93.64 ms, PRG=1.68 ms, comm=80.69 ms, GEMM=1.11 ms
Iter 41: total=93.46 ms, PRG=1.68 ms, comm=80.49 ms, GEMM=1.12 ms
Iter 42: total=93.60 ms, PRG=1.67 ms, comm=80.63 ms, GEMM=1.12 ms
Iter 43: total=93.28 ms, PRG=1.67 ms, comm=80.33 ms, GEMM=1.12 ms
Iter 44: total=94.01 ms, PRG=1.68 ms, comm=81.07 ms, GEMM=1.10 ms
Iter 45: total=93.20 ms, PRG=1.67 ms, comm=80.26 ms, GEMM=1.11 ms
Iter 46: total=93.94 ms, PRG=1.68 ms, comm=80.98 ms, GEMM=1.12 ms
Iter 47: total=93.68 ms, PRG=1.68 ms, comm=80.70 ms, GEMM=1.12 ms
Iter 48: total=93.72 ms, PRG=1.68 ms, comm=80.74 ms, GEMM=1.12 ms
Iter 49: total=93.90 ms, PRG=1.68 ms, comm=80.91 ms, GEMM=1.12 ms
Iter 50: total=93.99 ms, PRG=1.68 ms, comm=81.02 ms, GEMM=1.12 ms
Iter 51: total=93.33 ms, PRG=1.67 ms, comm=80.39 ms, GEMM=1.11 ms
Iter 52: total=93.30 ms, PRG=1.68 ms, comm=80.32 ms, GEMM=1.12 ms
Iter 53: total=93.76 ms, PRG=1.67 ms, comm=80.82 ms, GEMM=1.12 ms
Iter 54: total=93.47 ms, PRG=1.67 ms, comm=80.51 ms, GEMM=1.12 ms
Iter 55: total=93.92 ms, PRG=1.68 ms, comm=80.93 ms, GEMM=1.12 ms
Iter 56: total=93.95 ms, PRG=1.68 ms, comm=80.96 ms, GEMM=1.12 ms
Iter 57: total=94.40 ms, PRG=1.67 ms, comm=81.42 ms, GEMM=1.12 ms
Iter 58: total=93.52 ms, PRG=1.68 ms, comm=80.52 ms, GEMM=1.12 ms
Iter 59: total=93.86 ms, PRG=1.68 ms, comm=80.89 ms, GEMM=1.12 ms
Iter 60: total=93.62 ms, PRG=1.68 ms, comm=80.65 ms, GEMM=1.12 ms
Iter 61: total=93.37 ms, PRG=1.67 ms, comm=80.39 ms, GEMM=1.12 ms
Iter 62: total=93.06 ms, PRG=1.67 ms, comm=80.11 ms, GEMM=1.12 ms
Iter 63: total=92.93 ms, PRG=1.67 ms, comm=79.98 ms, GEMM=1.12 ms
Iter 64: total=93.50 ms, PRG=1.68 ms, comm=80.53 ms, GEMM=1.12 ms
Iter 65: total=93.67 ms, PRG=1.67 ms, comm=80.70 ms, GEMM=1.12 ms
Iter 66: total=93.90 ms, PRG=1.67 ms, comm=80.94 ms, GEMM=1.12 ms
Iter 67: total=93.05 ms, PRG=1.68 ms, comm=80.10 ms, GEMM=1.12 ms
Iter 68: total=95.20 ms, PRG=1.67 ms, comm=82.22 ms, GEMM=1.12 ms
Iter 69: total=93.78 ms, PRG=1.68 ms, comm=80.80 ms, GEMM=1.12 ms
Iter 70: total=93.85 ms, PRG=1.68 ms, comm=80.86 ms, GEMM=1.12 ms
Iter 71: total=94.14 ms, PRG=1.68 ms, comm=81.15 ms, GEMM=1.12 ms
Iter 72: total=94.88 ms, PRG=1.67 ms, comm=81.89 ms, GEMM=1.13 ms
Iter 73: total=94.29 ms, PRG=1.67 ms, comm=81.32 ms, GEMM=1.13 ms
Iter 74: total=94.96 ms, PRG=1.68 ms, comm=81.95 ms, GEMM=1.12 ms
Iter 75: total=94.50 ms, PRG=1.67 ms, comm=81.50 ms, GEMM=1.12 ms
Iter 76: total=94.61 ms, PRG=1.67 ms, comm=81.80 ms, GEMM=1.11 ms
Iter 77: total=94.98 ms, PRG=1.68 ms, comm=82.16 ms, GEMM=1.11 ms
Iter 78: total=94.66 ms, PRG=1.68 ms, comm=81.83 ms, GEMM=1.11 ms
Iter 79: total=93.64 ms, PRG=1.67 ms, comm=80.82 ms, GEMM=1.11 ms
Iter 80: total=93.93 ms, PRG=1.67 ms, comm=81.11 ms, GEMM=1.11 ms
Iter 81: total=94.03 ms, PRG=1.68 ms, comm=81.20 ms, GEMM=1.11 ms
Iter 82: total=93.81 ms, PRG=1.67 ms, comm=81.00 ms, GEMM=1.11 ms
Iter 83: total=94.78 ms, PRG=1.67 ms, comm=81.97 ms, GEMM=1.11 ms
Iter 84: total=93.43 ms, PRG=1.67 ms, comm=80.61 ms, GEMM=1.11 ms
Iter 85: total=93.75 ms, PRG=1.68 ms, comm=80.92 ms, GEMM=1.11 ms
Iter 86: total=94.22 ms, PRG=1.67 ms, comm=81.41 ms, GEMM=1.11 ms
Iter 87: total=94.33 ms, PRG=1.67 ms, comm=81.51 ms, GEMM=1.11 ms
Iter 88: total=93.59 ms, PRG=1.67 ms, comm=80.74 ms, GEMM=1.11 ms
Iter 89: total=93.69 ms, PRG=1.67 ms, comm=80.87 ms, GEMM=1.11 ms
Iter 90: total=94.14 ms, PRG=1.67 ms, comm=81.30 ms, GEMM=1.11 ms
Iter 91: total=94.17 ms, PRG=1.68 ms, comm=81.34 ms, GEMM=1.11 ms
Iter 92: total=93.70 ms, PRG=1.67 ms, comm=80.89 ms, GEMM=1.11 ms
Iter 93: total=93.99 ms, PRG=1.67 ms, comm=81.17 ms, GEMM=1.11 ms
Iter 94: total=94.01 ms, PRG=1.67 ms, comm=81.13 ms, GEMM=1.13 ms
Iter 95: total=93.76 ms, PRG=1.68 ms, comm=80.94 ms, GEMM=1.11 ms
Iter 96: total=93.19 ms, PRG=1.68 ms, comm=80.38 ms, GEMM=1.11 ms
Iter 97: total=94.44 ms, PRG=1.68 ms, comm=81.62 ms, GEMM=1.11 ms
Iter 98: total=94.36 ms, PRG=1.67 ms, comm=81.54 ms, GEMM=1.11 ms
Iter 99: total=94.59 ms, PRG=1.67 ms, comm=81.75 ms, GEMM=1.11 ms
Iter 100: total=94.16 ms, PRG=1.68 ms, comm=81.34 ms, GEMM=1.11 ms

╔══════════════════════════════════════════════════╗
║  Results (with A/B/C storage pressure)          ║
╠══════════════════════════════════════════════════╣
║  Matrix:      [8×4096] × [4096×4096] = [8×4096]   ║
║  Iterations:              100                     ║
║  Total time:             9.40 s                 ║
║  PRG time:               1.67 ms / iter         ║
║  Comm time:             81.10 ms / iter         ║
║  GEMM time:              1.11 ms / iter         ║
║  Comm bytes:    134.48 /   134.48 MB/iter     ║
║                                              ║
║  PRG throughput (A+B):      10086.22 M elems/s   ║
║  Gen throughput (A+B+C):     1303.70 M elems/s   ║
║  Total throughput (A+B+C):    179.15 M elems/s   ║
║                                              ║
║  PRG bandwidth  (A+B → SSD):     80.69 GB/s    ║
║  Gen bandwidth  (A+B+C→SSD):     10.43 GB/s    ║
║  Total bandwidth(A+B+C→SSD):      1.43 GB/s    ║
║                                              ║
║  GEMM throughput:                2.86 GOPS/s     ║
╚══════════════════════════════════════════════════╝

[Party 0] Communication per iter: Sent=134.479872 MB, Recv=134.479872 MB, Total=268.959744 MB
[Party 0] Communication total: Sent=13447.987200 MB, Recv=13447.987200 MB, Total=26895.974400 MB
