==== llama_W_gateup (8,4096,11008), iters=100 ====
[PCG] Loaded from /home/ylu18/luoresearch/2PC/results/llama2_experiment_20260505_051342/dummy_pcg/llama_W_gateup_party0.bin
[PCG] Matrix: [8×4096] × [4096×11008] = [8×11008], k=64-bit

╔═══════════════════════════════════════════════════════════╗
║  GPU Matrix Beaver Online                                 ║
║  Y = X × W                                                ║
╠═══════════════════════════════════════════════════════════╣
║  GPU: NVIDIA RTX A6000                               ║
║  Matrix: [8×4096] × [4096×11008] = [8×11008]                      
║  k_bits: 64                                              ║
║  iterations: 100                                         ║
╚═══════════════════════════════════════════════════════════╝

Iter 1: total=248.89 ms, PRG=4.47 ms, comm=209.51 ms, GEMM=2.47 ms
Iter 2: total=242.35 ms, PRG=4.48 ms, comm=208.61 ms, GEMM=2.37 ms
Iter 3: total=245.17 ms, PRG=4.48 ms, comm=211.46 ms, GEMM=2.34 ms
Iter 4: total=241.18 ms, PRG=4.48 ms, comm=207.45 ms, GEMM=2.39 ms
Iter 5: total=242.76 ms, PRG=4.48 ms, comm=209.04 ms, GEMM=2.37 ms
Iter 6: total=243.01 ms, PRG=4.48 ms, comm=209.27 ms, GEMM=2.37 ms
Iter 7: total=241.46 ms, PRG=4.48 ms, comm=207.71 ms, GEMM=2.39 ms
Iter 8: total=243.08 ms, PRG=4.48 ms, comm=209.42 ms, GEMM=2.33 ms
Iter 9: total=242.71 ms, PRG=4.48 ms, comm=209.01 ms, GEMM=2.36 ms
Iter 10: total=241.16 ms, PRG=4.48 ms, comm=207.44 ms, GEMM=2.36 ms
Iter 11: total=242.38 ms, PRG=4.47 ms, comm=208.64 ms, GEMM=2.39 ms
Iter 12: total=242.67 ms, PRG=4.48 ms, comm=208.97 ms, GEMM=2.36 ms
Iter 13: total=242.76 ms, PRG=4.48 ms, comm=209.06 ms, GEMM=2.36 ms
Iter 14: total=241.67 ms, PRG=4.48 ms, comm=207.96 ms, GEMM=2.36 ms
Iter 15: total=241.60 ms, PRG=4.47 ms, comm=207.89 ms, GEMM=2.36 ms
Iter 16: total=243.86 ms, PRG=4.48 ms, comm=210.07 ms, GEMM=2.40 ms
Iter 17: total=248.03 ms, PRG=4.48 ms, comm=214.35 ms, GEMM=2.34 ms
Iter 18: total=245.35 ms, PRG=4.48 ms, comm=211.63 ms, GEMM=2.37 ms
Iter 19: total=246.94 ms, PRG=4.47 ms, comm=213.17 ms, GEMM=2.36 ms
Iter 20: total=245.70 ms, PRG=4.48 ms, comm=211.99 ms, GEMM=2.36 ms
Iter 21: total=243.33 ms, PRG=4.48 ms, comm=209.61 ms, GEMM=2.38 ms
Iter 22: total=245.03 ms, PRG=4.48 ms, comm=211.31 ms, GEMM=2.37 ms
Iter 23: total=244.43 ms, PRG=4.48 ms, comm=210.74 ms, GEMM=2.34 ms
Iter 24: total=246.11 ms, PRG=4.48 ms, comm=212.34 ms, GEMM=2.38 ms
Iter 25: total=244.48 ms, PRG=4.48 ms, comm=210.75 ms, GEMM=2.38 ms
Iter 26: total=245.03 ms, PRG=4.48 ms, comm=211.34 ms, GEMM=2.34 ms
Iter 27: total=244.79 ms, PRG=4.48 ms, comm=211.09 ms, GEMM=2.36 ms
Iter 28: total=245.46 ms, PRG=4.47 ms, comm=211.74 ms, GEMM=2.37 ms
Iter 29: total=244.76 ms, PRG=4.48 ms, comm=211.02 ms, GEMM=2.37 ms
Iter 30: total=244.29 ms, PRG=4.48 ms, comm=210.60 ms, GEMM=2.35 ms
Iter 31: total=245.74 ms, PRG=4.47 ms, comm=212.04 ms, GEMM=2.36 ms
Iter 32: total=244.32 ms, PRG=4.47 ms, comm=210.62 ms, GEMM=2.36 ms
Iter 33: total=243.88 ms, PRG=4.48 ms, comm=210.11 ms, GEMM=2.39 ms
Iter 34: total=244.75 ms, PRG=4.48 ms, comm=211.05 ms, GEMM=2.34 ms
Iter 35: total=245.69 ms, PRG=4.47 ms, comm=212.00 ms, GEMM=2.34 ms
Iter 36: total=243.53 ms, PRG=4.48 ms, comm=209.82 ms, GEMM=2.37 ms
Iter 37: total=244.89 ms, PRG=4.48 ms, comm=211.15 ms, GEMM=2.39 ms
Iter 38: total=243.91 ms, PRG=4.48 ms, comm=210.20 ms, GEMM=2.36 ms
Iter 39: total=244.54 ms, PRG=4.48 ms, comm=210.83 ms, GEMM=2.36 ms
Iter 40: total=245.06 ms, PRG=4.48 ms, comm=211.36 ms, GEMM=2.35 ms
Iter 41: total=244.77 ms, PRG=4.48 ms, comm=210.98 ms, GEMM=2.36 ms
Iter 42: total=242.99 ms, PRG=4.48 ms, comm=209.28 ms, GEMM=2.36 ms
Iter 43: total=245.07 ms, PRG=4.48 ms, comm=211.38 ms, GEMM=2.34 ms
Iter 44: total=246.32 ms, PRG=4.48 ms, comm=212.58 ms, GEMM=2.39 ms
Iter 45: total=244.96 ms, PRG=4.48 ms, comm=211.25 ms, GEMM=2.36 ms
Iter 46: total=245.18 ms, PRG=4.48 ms, comm=211.45 ms, GEMM=2.38 ms
Iter 47: total=246.28 ms, PRG=4.48 ms, comm=212.57 ms, GEMM=2.35 ms
Iter 48: total=245.16 ms, PRG=4.48 ms, comm=211.43 ms, GEMM=2.36 ms
Iter 49: total=244.83 ms, PRG=4.48 ms, comm=211.10 ms, GEMM=2.39 ms
Iter 50: total=244.80 ms, PRG=4.48 ms, comm=211.07 ms, GEMM=2.37 ms
Iter 51: total=246.34 ms, PRG=4.48 ms, comm=212.63 ms, GEMM=2.36 ms
Iter 52: total=245.98 ms, PRG=4.48 ms, comm=212.27 ms, GEMM=2.37 ms
Iter 53: total=245.28 ms, PRG=4.48 ms, comm=211.60 ms, GEMM=2.34 ms
Iter 54: total=245.90 ms, PRG=4.48 ms, comm=212.19 ms, GEMM=2.35 ms
Iter 55: total=244.91 ms, PRG=4.47 ms, comm=211.22 ms, GEMM=2.35 ms
Iter 56: total=246.09 ms, PRG=4.48 ms, comm=212.36 ms, GEMM=2.37 ms
Iter 57: total=244.31 ms, PRG=4.48 ms, comm=210.54 ms, GEMM=2.39 ms
Iter 58: total=244.99 ms, PRG=4.48 ms, comm=211.29 ms, GEMM=2.35 ms
Iter 59: total=244.19 ms, PRG=4.48 ms, comm=210.47 ms, GEMM=2.38 ms
Iter 60: total=247.58 ms, PRG=4.48 ms, comm=213.87 ms, GEMM=2.38 ms
Iter 61: total=245.37 ms, PRG=4.49 ms, comm=211.67 ms, GEMM=2.35 ms
Iter 62: total=245.04 ms, PRG=4.48 ms, comm=211.30 ms, GEMM=2.39 ms
Iter 63: total=245.33 ms, PRG=4.47 ms, comm=211.62 ms, GEMM=2.36 ms
Iter 64: total=247.59 ms, PRG=4.47 ms, comm=213.89 ms, GEMM=2.35 ms
Iter 65: total=245.26 ms, PRG=4.48 ms, comm=211.58 ms, GEMM=2.33 ms
Iter 66: total=245.83 ms, PRG=4.48 ms, comm=212.14 ms, GEMM=2.34 ms
Iter 67: total=246.52 ms, PRG=4.48 ms, comm=212.78 ms, GEMM=2.39 ms
Iter 68: total=246.12 ms, PRG=4.48 ms, comm=212.43 ms, GEMM=2.35 ms
Iter 69: total=246.34 ms, PRG=4.48 ms, comm=212.63 ms, GEMM=2.37 ms
Iter 70: total=246.24 ms, PRG=4.48 ms, comm=212.54 ms, GEMM=2.36 ms
Iter 71: total=246.32 ms, PRG=4.48 ms, comm=212.61 ms, GEMM=2.37 ms
Iter 72: total=243.35 ms, PRG=4.48 ms, comm=209.67 ms, GEMM=2.36 ms
Iter 73: total=241.06 ms, PRG=4.48 ms, comm=207.36 ms, GEMM=2.36 ms
Iter 74: total=242.25 ms, PRG=4.47 ms, comm=208.57 ms, GEMM=2.36 ms
Iter 75: total=242.07 ms, PRG=4.48 ms, comm=208.39 ms, GEMM=2.34 ms
Iter 76: total=242.31 ms, PRG=4.47 ms, comm=208.66 ms, GEMM=2.33 ms
Iter 77: total=244.12 ms, PRG=4.48 ms, comm=210.32 ms, GEMM=2.39 ms
Iter 78: total=243.75 ms, PRG=4.49 ms, comm=210.04 ms, GEMM=2.35 ms
Iter 79: total=243.30 ms, PRG=4.47 ms, comm=209.63 ms, GEMM=2.34 ms
Iter 80: total=244.55 ms, PRG=4.48 ms, comm=210.87 ms, GEMM=2.34 ms
Iter 81: total=243.99 ms, PRG=4.48 ms, comm=210.29 ms, GEMM=2.36 ms
Iter 82: total=244.11 ms, PRG=4.48 ms, comm=210.43 ms, GEMM=2.34 ms
Iter 83: total=242.88 ms, PRG=4.47 ms, comm=209.20 ms, GEMM=2.36 ms
Iter 84: total=244.52 ms, PRG=4.47 ms, comm=210.86 ms, GEMM=2.33 ms
Iter 85: total=243.26 ms, PRG=4.48 ms, comm=209.58 ms, GEMM=2.36 ms
Iter 86: total=242.86 ms, PRG=4.48 ms, comm=209.19 ms, GEMM=2.35 ms
Iter 87: total=242.88 ms, PRG=4.48 ms, comm=209.17 ms, GEMM=2.37 ms
Iter 88: total=246.09 ms, PRG=4.47 ms, comm=212.38 ms, GEMM=2.35 ms
Iter 89: total=245.53 ms, PRG=4.48 ms, comm=211.84 ms, GEMM=2.33 ms
Iter 90: total=244.19 ms, PRG=4.48 ms, comm=210.50 ms, GEMM=2.35 ms
Iter 91: total=243.17 ms, PRG=4.48 ms, comm=209.49 ms, GEMM=2.34 ms
Iter 92: total=243.08 ms, PRG=4.48 ms, comm=209.38 ms, GEMM=2.35 ms
Iter 93: total=243.45 ms, PRG=4.47 ms, comm=209.71 ms, GEMM=2.38 ms
Iter 94: total=244.11 ms, PRG=4.48 ms, comm=210.35 ms, GEMM=2.36 ms
Iter 95: total=243.66 ms, PRG=4.48 ms, comm=209.94 ms, GEMM=2.36 ms
Iter 96: total=243.74 ms, PRG=4.47 ms, comm=210.05 ms, GEMM=2.35 ms
Iter 97: total=244.96 ms, PRG=4.48 ms, comm=211.24 ms, GEMM=2.37 ms
Iter 98: total=244.59 ms, PRG=4.48 ms, comm=210.88 ms, GEMM=2.36 ms
Iter 99: total=244.24 ms, PRG=4.48 ms, comm=210.52 ms, GEMM=2.37 ms
Iter 100: total=243.08 ms, PRG=4.48 ms, comm=209.36 ms, GEMM=2.37 ms

╔══════════════════════════════════════════════════╗
║  Results (with A/B/C storage pressure)          ║
╠══════════════════════════════════════════════════╣
║  Matrix:      [8×4096] × [4096×11008] = [8×11008]   ║
║  Iterations:              100                     ║
║  Total time:            24.44 s                 ║
║  PRG time:               4.48 ms / iter         ║
║  Comm time:            210.67 ms / iter         ║
║  GEMM time:              2.36 ms / iter         ║
║  Comm bytes:    360.97 /   360.97 MB/iter     ║
║                                              ║
║  PRG throughput (A+B):      10075.86 M elems/s   ║
║  Gen throughput (A+B+C):     1338.82 M elems/s   ║
║  Total throughput (A+B+C):    184.95 M elems/s   ║
║                                              ║
║  PRG bandwidth  (A+B → SSD):     80.61 GB/s    ║
║  Gen bandwidth  (A+B+C→SSD):     10.71 GB/s    ║
║  Total bandwidth(A+B+C→SSD):      1.48 GB/s    ║
║                                              ║
║  GEMM throughput:                2.95 GOPS/s     ║
╚══════════════════════════════════════════════════╝

[Party 0] Communication per iter: Sent=360.972288 MB, Recv=360.972288 MB, Total=721.944576 MB
[Party 0] Communication total: Sent=36097.228800 MB, Recv=36097.228800 MB, Total=72194.457600 MB
