==== llama_W_O (8,4096,4096), iters=100 ====
[PCG] Loaded from /home/ylu18/luoresearch/2PC/results/llama2_experiment_20260505_032704/dummy_pcg/llama_W_O_party0.bin
[PCG] Matrix: [8×4096] × [4096×4096] = [8×4096], k=64-bit

╔═══════════════════════════════════════════════════════════╗
║  GPU Matrix Beaver Online                                 ║
║  Y = X × W                                                ║
╠═══════════════════════════════════════════════════════════╣
║  GPU: NVIDIA RTX A6000                               ║
║  Matrix: [8×4096] × [4096×4096] = [8×4096]                      
║  k_bits: 64                                              ║
║  iterations: 100                                         ║
╚═══════════════════════════════════════════════════════════╝

Iter 1: total=120.73 ms, PRG=1.68 ms, comm=107.82 ms, GEMM=1.17 ms
Iter 2: total=118.63 ms, PRG=1.68 ms, comm=105.80 ms, GEMM=1.11 ms
Iter 3: total=118.74 ms, PRG=1.68 ms, comm=105.91 ms, GEMM=1.11 ms
Iter 4: total=135.43 ms, PRG=1.68 ms, comm=122.54 ms, GEMM=1.12 ms
Iter 5: total=118.49 ms, PRG=1.68 ms, comm=105.66 ms, GEMM=1.11 ms
Iter 6: total=119.37 ms, PRG=1.67 ms, comm=106.55 ms, GEMM=1.11 ms
Iter 7: total=118.97 ms, PRG=1.68 ms, comm=106.12 ms, GEMM=1.12 ms
Iter 8: total=119.06 ms, PRG=1.68 ms, comm=106.22 ms, GEMM=1.11 ms
Iter 9: total=119.06 ms, PRG=1.67 ms, comm=106.21 ms, GEMM=1.12 ms
Iter 10: total=118.67 ms, PRG=1.67 ms, comm=105.82 ms, GEMM=1.12 ms
Iter 11: total=118.64 ms, PRG=1.68 ms, comm=105.81 ms, GEMM=1.11 ms
Iter 12: total=117.72 ms, PRG=1.68 ms, comm=104.87 ms, GEMM=1.12 ms
Iter 13: total=118.74 ms, PRG=1.68 ms, comm=105.92 ms, GEMM=1.11 ms
Iter 14: total=122.13 ms, PRG=1.68 ms, comm=109.30 ms, GEMM=1.11 ms
Iter 15: total=118.32 ms, PRG=1.68 ms, comm=105.46 ms, GEMM=1.13 ms
Iter 16: total=118.18 ms, PRG=1.67 ms, comm=105.36 ms, GEMM=1.11 ms
Iter 17: total=119.02 ms, PRG=1.68 ms, comm=106.19 ms, GEMM=1.11 ms
Iter 18: total=118.02 ms, PRG=1.68 ms, comm=105.19 ms, GEMM=1.11 ms
Iter 19: total=118.08 ms, PRG=1.67 ms, comm=105.23 ms, GEMM=1.12 ms
Iter 20: total=121.89 ms, PRG=1.67 ms, comm=109.04 ms, GEMM=1.12 ms
Iter 21: total=118.65 ms, PRG=1.67 ms, comm=105.79 ms, GEMM=1.12 ms
Iter 22: total=118.13 ms, PRG=1.68 ms, comm=105.25 ms, GEMM=1.12 ms
Iter 23: total=118.75 ms, PRG=1.68 ms, comm=105.92 ms, GEMM=1.11 ms
Iter 24: total=117.96 ms, PRG=1.68 ms, comm=105.10 ms, GEMM=1.12 ms
Iter 25: total=118.02 ms, PRG=1.68 ms, comm=105.20 ms, GEMM=1.11 ms
Iter 26: total=118.42 ms, PRG=1.68 ms, comm=105.50 ms, GEMM=1.13 ms
Iter 27: total=118.22 ms, PRG=1.68 ms, comm=105.38 ms, GEMM=1.11 ms
Iter 28: total=118.45 ms, PRG=1.68 ms, comm=105.59 ms, GEMM=1.13 ms
Iter 29: total=117.66 ms, PRG=1.68 ms, comm=104.84 ms, GEMM=1.11 ms
Iter 30: total=117.19 ms, PRG=1.67 ms, comm=104.36 ms, GEMM=1.11 ms
Iter 31: total=118.11 ms, PRG=1.68 ms, comm=105.17 ms, GEMM=1.13 ms
Iter 32: total=118.25 ms, PRG=1.68 ms, comm=105.41 ms, GEMM=1.11 ms
Iter 33: total=117.52 ms, PRG=1.68 ms, comm=104.70 ms, GEMM=1.11 ms
Iter 34: total=135.72 ms, PRG=1.67 ms, comm=122.90 ms, GEMM=1.11 ms
Iter 35: total=117.83 ms, PRG=1.67 ms, comm=104.97 ms, GEMM=1.13 ms
Iter 36: total=118.35 ms, PRG=1.68 ms, comm=105.52 ms, GEMM=1.11 ms
Iter 37: total=118.24 ms, PRG=1.69 ms, comm=105.41 ms, GEMM=1.11 ms
Iter 38: total=118.16 ms, PRG=1.68 ms, comm=105.30 ms, GEMM=1.12 ms
Iter 39: total=118.63 ms, PRG=1.68 ms, comm=105.76 ms, GEMM=1.12 ms
Iter 40: total=117.71 ms, PRG=1.68 ms, comm=104.85 ms, GEMM=1.12 ms
Iter 41: total=119.23 ms, PRG=1.68 ms, comm=106.34 ms, GEMM=1.13 ms
Iter 42: total=118.46 ms, PRG=1.68 ms, comm=105.59 ms, GEMM=1.12 ms
Iter 43: total=118.60 ms, PRG=1.68 ms, comm=105.75 ms, GEMM=1.12 ms
Iter 44: total=118.86 ms, PRG=1.68 ms, comm=106.03 ms, GEMM=1.11 ms
Iter 45: total=118.90 ms, PRG=1.68 ms, comm=106.03 ms, GEMM=1.13 ms
Iter 46: total=118.05 ms, PRG=1.68 ms, comm=105.20 ms, GEMM=1.12 ms
Iter 47: total=136.01 ms, PRG=1.68 ms, comm=123.18 ms, GEMM=1.11 ms
Iter 48: total=118.28 ms, PRG=1.68 ms, comm=105.42 ms, GEMM=1.12 ms
Iter 49: total=118.43 ms, PRG=1.67 ms, comm=105.58 ms, GEMM=1.12 ms
Iter 50: total=118.07 ms, PRG=1.68 ms, comm=105.25 ms, GEMM=1.11 ms
Iter 51: total=119.65 ms, PRG=1.67 ms, comm=106.81 ms, GEMM=1.12 ms
Iter 52: total=119.26 ms, PRG=1.68 ms, comm=106.43 ms, GEMM=1.11 ms
Iter 53: total=118.05 ms, PRG=1.67 ms, comm=105.12 ms, GEMM=1.13 ms
Iter 54: total=117.95 ms, PRG=1.68 ms, comm=105.08 ms, GEMM=1.13 ms
Iter 55: total=139.62 ms, PRG=1.68 ms, comm=126.79 ms, GEMM=1.11 ms
Iter 56: total=117.37 ms, PRG=1.67 ms, comm=104.52 ms, GEMM=1.12 ms
Iter 57: total=117.97 ms, PRG=1.68 ms, comm=105.14 ms, GEMM=1.11 ms
Iter 58: total=119.41 ms, PRG=1.68 ms, comm=106.54 ms, GEMM=1.13 ms
Iter 59: total=117.92 ms, PRG=1.67 ms, comm=105.06 ms, GEMM=1.13 ms
Iter 60: total=118.92 ms, PRG=1.68 ms, comm=106.09 ms, GEMM=1.11 ms
Iter 61: total=118.29 ms, PRG=1.68 ms, comm=105.43 ms, GEMM=1.12 ms
Iter 62: total=118.86 ms, PRG=1.68 ms, comm=106.03 ms, GEMM=1.11 ms
Iter 63: total=119.48 ms, PRG=1.68 ms, comm=106.66 ms, GEMM=1.11 ms
Iter 64: total=118.52 ms, PRG=1.67 ms, comm=105.67 ms, GEMM=1.12 ms
Iter 65: total=121.37 ms, PRG=1.67 ms, comm=108.54 ms, GEMM=1.11 ms
Iter 66: total=136.07 ms, PRG=1.68 ms, comm=123.24 ms, GEMM=1.11 ms
Iter 67: total=118.62 ms, PRG=1.68 ms, comm=105.79 ms, GEMM=1.11 ms
Iter 68: total=118.49 ms, PRG=1.68 ms, comm=105.67 ms, GEMM=1.11 ms
Iter 69: total=118.91 ms, PRG=1.67 ms, comm=105.98 ms, GEMM=1.13 ms
Iter 70: total=118.63 ms, PRG=1.68 ms, comm=105.78 ms, GEMM=1.12 ms
Iter 71: total=120.34 ms, PRG=1.68 ms, comm=107.51 ms, GEMM=1.11 ms
Iter 72: total=119.00 ms, PRG=1.67 ms, comm=106.14 ms, GEMM=1.12 ms
Iter 73: total=118.49 ms, PRG=1.68 ms, comm=105.66 ms, GEMM=1.11 ms
Iter 74: total=118.36 ms, PRG=1.68 ms, comm=105.54 ms, GEMM=1.11 ms
Iter 75: total=118.90 ms, PRG=1.68 ms, comm=106.07 ms, GEMM=1.11 ms
Iter 76: total=119.57 ms, PRG=1.68 ms, comm=106.74 ms, GEMM=1.11 ms
Iter 77: total=118.06 ms, PRG=1.67 ms, comm=105.21 ms, GEMM=1.12 ms
Iter 78: total=117.54 ms, PRG=1.67 ms, comm=104.68 ms, GEMM=1.12 ms
Iter 79: total=118.02 ms, PRG=1.69 ms, comm=105.15 ms, GEMM=1.12 ms
Iter 80: total=119.44 ms, PRG=1.67 ms, comm=106.60 ms, GEMM=1.12 ms
Iter 81: total=134.87 ms, PRG=1.68 ms, comm=122.01 ms, GEMM=1.12 ms
Iter 82: total=118.66 ms, PRG=1.68 ms, comm=105.84 ms, GEMM=1.11 ms
Iter 83: total=119.27 ms, PRG=1.68 ms, comm=106.41 ms, GEMM=1.12 ms
Iter 84: total=118.96 ms, PRG=1.68 ms, comm=106.10 ms, GEMM=1.12 ms
Iter 85: total=119.13 ms, PRG=1.68 ms, comm=106.27 ms, GEMM=1.12 ms
Iter 86: total=119.19 ms, PRG=1.68 ms, comm=106.33 ms, GEMM=1.12 ms
Iter 87: total=118.69 ms, PRG=1.67 ms, comm=105.84 ms, GEMM=1.12 ms
Iter 88: total=119.20 ms, PRG=1.68 ms, comm=106.34 ms, GEMM=1.12 ms
Iter 89: total=119.39 ms, PRG=1.68 ms, comm=106.54 ms, GEMM=1.12 ms
Iter 90: total=135.32 ms, PRG=1.67 ms, comm=122.38 ms, GEMM=1.13 ms
Iter 91: total=119.09 ms, PRG=1.69 ms, comm=106.21 ms, GEMM=1.13 ms
Iter 92: total=119.31 ms, PRG=1.67 ms, comm=106.48 ms, GEMM=1.11 ms
Iter 93: total=118.52 ms, PRG=1.68 ms, comm=105.66 ms, GEMM=1.12 ms
Iter 94: total=119.61 ms, PRG=1.67 ms, comm=106.79 ms, GEMM=1.11 ms
Iter 95: total=119.51 ms, PRG=1.68 ms, comm=106.68 ms, GEMM=1.11 ms
Iter 96: total=118.31 ms, PRG=1.68 ms, comm=105.48 ms, GEMM=1.11 ms
Iter 97: total=123.38 ms, PRG=1.68 ms, comm=110.55 ms, GEMM=1.11 ms
Iter 98: total=119.28 ms, PRG=1.68 ms, comm=106.45 ms, GEMM=1.11 ms
Iter 99: total=118.38 ms, PRG=1.67 ms, comm=105.55 ms, GEMM=1.11 ms
Iter 100: total=119.89 ms, PRG=1.68 ms, comm=107.03 ms, GEMM=1.12 ms

╔══════════════════════════════════════════════════╗
║  Results (with A/B/C storage pressure)          ║
╠══════════════════════════════════════════════════╣
║  Matrix:      [8×4096] × [4096×4096] = [8×4096]   ║
║  Iterations:              100                     ║
║  Total time:            12.00 s                 ║
║  PRG time:               1.68 ms / iter         ║
║  Comm time:            107.15 ms / iter         ║
║  GEMM time:              1.12 ms / iter         ║
║  Comm bytes:    134.48 /   134.48 MB/iter     ║
║                                              ║
║  PRG throughput (A+B):      10023.59 M elems/s   ║
║  Gen throughput (A+B+C):     1310.84 M elems/s   ║
║  Total throughput (A+B+C):    140.36 M elems/s   ║
║                                              ║
║  PRG bandwidth  (A+B → SSD):     80.19 GB/s    ║
║  Gen bandwidth  (A+B+C→SSD):     10.49 GB/s    ║
║  Total bandwidth(A+B+C→SSD):      1.12 GB/s    ║
║                                              ║
║  GEMM throughput:                2.24 GOPS/s     ║
╚══════════════════════════════════════════════════╝

[Party 0] Communication per iter: Sent=134.479872 MB, Recv=134.479872 MB, Total=268.959744 MB
[Party 0] Communication total: Sent=13447.987200 MB, Recv=13447.987200 MB, Total=26895.974400 MB
