==== llama_W_QKV (8,4096,4096), iters=100 ====
[PCG] Loaded from /home/ylu18/luoresearch/2PC/results/llama2_experiment_20260505_032704/dummy_pcg/llama_W_QKV_party0.bin
[PCG] Matrix: [8×4096] × [4096×4096] = [8×4096], k=64-bit

╔═══════════════════════════════════════════════════════════╗
║  GPU Matrix Beaver Online                                 ║
║  Y = X × W                                                ║
╠═══════════════════════════════════════════════════════════╣
║  GPU: NVIDIA RTX A6000                               ║
║  Matrix: [8×4096] × [4096×4096] = [8×4096]                      
║  k_bits: 64                                              ║
║  iterations: 100                                         ║
╚═══════════════════════════════════════════════════════════╝

Iter 1: total=118.38 ms, PRG=1.61 ms, comm=105.58 ms, GEMM=1.14 ms
Iter 2: total=117.85 ms, PRG=1.61 ms, comm=105.09 ms, GEMM=1.09 ms
Iter 3: total=119.22 ms, PRG=1.61 ms, comm=106.47 ms, GEMM=1.09 ms
Iter 4: total=142.02 ms, PRG=1.61 ms, comm=129.23 ms, GEMM=1.10 ms
Iter 5: total=118.61 ms, PRG=1.61 ms, comm=105.89 ms, GEMM=1.08 ms
Iter 6: total=117.56 ms, PRG=1.60 ms, comm=104.81 ms, GEMM=1.09 ms
Iter 7: total=118.90 ms, PRG=1.60 ms, comm=106.18 ms, GEMM=1.08 ms
Iter 8: total=119.18 ms, PRG=1.60 ms, comm=106.42 ms, GEMM=1.08 ms
Iter 9: total=118.87 ms, PRG=1.60 ms, comm=106.12 ms, GEMM=1.09 ms
Iter 10: total=118.94 ms, PRG=1.61 ms, comm=106.20 ms, GEMM=1.08 ms
Iter 11: total=119.20 ms, PRG=1.60 ms, comm=106.46 ms, GEMM=1.11 ms
Iter 12: total=118.85 ms, PRG=1.68 ms, comm=106.00 ms, GEMM=1.12 ms
Iter 13: total=120.45 ms, PRG=1.68 ms, comm=107.64 ms, GEMM=1.11 ms
Iter 14: total=133.75 ms, PRG=1.68 ms, comm=120.93 ms, GEMM=1.11 ms
Iter 15: total=118.88 ms, PRG=1.68 ms, comm=106.01 ms, GEMM=1.13 ms
Iter 16: total=118.71 ms, PRG=1.68 ms, comm=105.82 ms, GEMM=1.14 ms
Iter 17: total=119.38 ms, PRG=1.68 ms, comm=106.55 ms, GEMM=1.11 ms
Iter 18: total=124.93 ms, PRG=1.68 ms, comm=112.07 ms, GEMM=1.12 ms
Iter 19: total=119.32 ms, PRG=1.68 ms, comm=106.50 ms, GEMM=1.11 ms
Iter 20: total=120.71 ms, PRG=1.68 ms, comm=107.85 ms, GEMM=1.12 ms
Iter 21: total=119.17 ms, PRG=1.67 ms, comm=106.29 ms, GEMM=1.13 ms
Iter 22: total=118.83 ms, PRG=1.68 ms, comm=106.00 ms, GEMM=1.11 ms
Iter 23: total=118.56 ms, PRG=1.68 ms, comm=105.73 ms, GEMM=1.11 ms
Iter 24: total=119.37 ms, PRG=1.68 ms, comm=106.55 ms, GEMM=1.11 ms
Iter 25: total=118.94 ms, PRG=1.68 ms, comm=106.10 ms, GEMM=1.11 ms
Iter 26: total=119.25 ms, PRG=1.67 ms, comm=106.44 ms, GEMM=1.11 ms
Iter 27: total=119.48 ms, PRG=1.67 ms, comm=106.66 ms, GEMM=1.10 ms
Iter 28: total=119.88 ms, PRG=1.68 ms, comm=107.05 ms, GEMM=1.11 ms
Iter 29: total=120.06 ms, PRG=1.68 ms, comm=107.23 ms, GEMM=1.11 ms
Iter 30: total=120.16 ms, PRG=1.68 ms, comm=107.21 ms, GEMM=1.14 ms
Iter 31: total=119.79 ms, PRG=1.68 ms, comm=106.96 ms, GEMM=1.11 ms
Iter 32: total=119.41 ms, PRG=1.67 ms, comm=106.58 ms, GEMM=1.11 ms
Iter 33: total=120.37 ms, PRG=1.68 ms, comm=107.53 ms, GEMM=1.12 ms
Iter 34: total=119.11 ms, PRG=1.67 ms, comm=106.26 ms, GEMM=1.12 ms
Iter 35: total=125.79 ms, PRG=1.67 ms, comm=112.94 ms, GEMM=1.12 ms
Iter 36: total=119.28 ms, PRG=1.68 ms, comm=106.46 ms, GEMM=1.10 ms
Iter 37: total=120.07 ms, PRG=1.68 ms, comm=107.14 ms, GEMM=1.12 ms
Iter 38: total=120.77 ms, PRG=1.68 ms, comm=107.91 ms, GEMM=1.12 ms
Iter 39: total=121.41 ms, PRG=1.68 ms, comm=108.59 ms, GEMM=1.11 ms
Iter 40: total=119.20 ms, PRG=1.68 ms, comm=106.38 ms, GEMM=1.11 ms
Iter 41: total=119.10 ms, PRG=1.67 ms, comm=106.28 ms, GEMM=1.11 ms
Iter 42: total=119.33 ms, PRG=1.67 ms, comm=106.48 ms, GEMM=1.12 ms
Iter 43: total=118.46 ms, PRG=1.67 ms, comm=105.54 ms, GEMM=1.14 ms
Iter 44: total=119.61 ms, PRG=1.68 ms, comm=106.78 ms, GEMM=1.11 ms
Iter 45: total=134.99 ms, PRG=1.68 ms, comm=122.16 ms, GEMM=1.11 ms
Iter 46: total=118.89 ms, PRG=1.68 ms, comm=106.04 ms, GEMM=1.12 ms
Iter 47: total=119.37 ms, PRG=1.68 ms, comm=106.55 ms, GEMM=1.11 ms
Iter 48: total=119.49 ms, PRG=1.67 ms, comm=106.67 ms, GEMM=1.11 ms
Iter 49: total=127.93 ms, PRG=1.68 ms, comm=115.08 ms, GEMM=1.12 ms
Iter 50: total=120.50 ms, PRG=1.68 ms, comm=107.68 ms, GEMM=1.11 ms
Iter 51: total=119.82 ms, PRG=1.68 ms, comm=106.96 ms, GEMM=1.12 ms
Iter 52: total=121.11 ms, PRG=1.68 ms, comm=108.25 ms, GEMM=1.12 ms
Iter 53: total=119.79 ms, PRG=1.68 ms, comm=106.94 ms, GEMM=1.12 ms
Iter 54: total=121.17 ms, PRG=1.68 ms, comm=108.33 ms, GEMM=1.12 ms
Iter 55: total=118.38 ms, PRG=1.67 ms, comm=105.53 ms, GEMM=1.12 ms
Iter 56: total=119.05 ms, PRG=1.67 ms, comm=106.20 ms, GEMM=1.12 ms
Iter 57: total=123.80 ms, PRG=1.68 ms, comm=110.95 ms, GEMM=1.12 ms
Iter 58: total=120.01 ms, PRG=1.68 ms, comm=107.15 ms, GEMM=1.13 ms
Iter 59: total=120.39 ms, PRG=1.68 ms, comm=107.49 ms, GEMM=1.13 ms
Iter 60: total=122.00 ms, PRG=1.68 ms, comm=109.14 ms, GEMM=1.12 ms
Iter 61: total=121.27 ms, PRG=1.67 ms, comm=108.45 ms, GEMM=1.11 ms
Iter 62: total=119.91 ms, PRG=1.67 ms, comm=107.09 ms, GEMM=1.11 ms
Iter 63: total=119.56 ms, PRG=1.68 ms, comm=106.72 ms, GEMM=1.12 ms
Iter 64: total=119.53 ms, PRG=1.67 ms, comm=106.67 ms, GEMM=1.12 ms
Iter 65: total=120.94 ms, PRG=1.68 ms, comm=108.08 ms, GEMM=1.12 ms
Iter 66: total=119.62 ms, PRG=1.68 ms, comm=106.80 ms, GEMM=1.11 ms
Iter 67: total=120.18 ms, PRG=1.67 ms, comm=107.36 ms, GEMM=1.11 ms
Iter 68: total=119.89 ms, PRG=1.68 ms, comm=107.06 ms, GEMM=1.11 ms
Iter 69: total=120.20 ms, PRG=1.68 ms, comm=107.37 ms, GEMM=1.10 ms
Iter 70: total=119.52 ms, PRG=1.68 ms, comm=106.69 ms, GEMM=1.11 ms
Iter 71: total=120.99 ms, PRG=1.68 ms, comm=108.17 ms, GEMM=1.11 ms
Iter 72: total=120.51 ms, PRG=1.68 ms, comm=107.68 ms, GEMM=1.11 ms
Iter 73: total=119.67 ms, PRG=1.68 ms, comm=106.82 ms, GEMM=1.12 ms
Iter 74: total=120.87 ms, PRG=1.68 ms, comm=108.04 ms, GEMM=1.11 ms
Iter 75: total=120.11 ms, PRG=1.67 ms, comm=107.26 ms, GEMM=1.12 ms
Iter 76: total=122.14 ms, PRG=1.67 ms, comm=109.28 ms, GEMM=1.12 ms
Iter 77: total=119.98 ms, PRG=1.68 ms, comm=107.13 ms, GEMM=1.12 ms
Iter 78: total=119.42 ms, PRG=1.68 ms, comm=106.56 ms, GEMM=1.13 ms
Iter 79: total=121.63 ms, PRG=1.68 ms, comm=108.69 ms, GEMM=1.13 ms
Iter 80: total=120.19 ms, PRG=1.68 ms, comm=107.36 ms, GEMM=1.11 ms
Iter 81: total=120.30 ms, PRG=1.68 ms, comm=107.47 ms, GEMM=1.11 ms
Iter 82: total=119.65 ms, PRG=1.68 ms, comm=106.82 ms, GEMM=1.11 ms
Iter 83: total=119.97 ms, PRG=1.68 ms, comm=107.11 ms, GEMM=1.12 ms
Iter 84: total=120.47 ms, PRG=1.68 ms, comm=107.61 ms, GEMM=1.12 ms
Iter 85: total=120.04 ms, PRG=1.68 ms, comm=107.18 ms, GEMM=1.12 ms
Iter 86: total=119.35 ms, PRG=1.67 ms, comm=106.50 ms, GEMM=1.12 ms
Iter 87: total=119.75 ms, PRG=1.67 ms, comm=106.90 ms, GEMM=1.12 ms
Iter 88: total=119.42 ms, PRG=1.67 ms, comm=106.57 ms, GEMM=1.12 ms
Iter 89: total=120.76 ms, PRG=1.67 ms, comm=107.91 ms, GEMM=1.12 ms
Iter 90: total=120.09 ms, PRG=1.68 ms, comm=107.23 ms, GEMM=1.12 ms
Iter 91: total=120.60 ms, PRG=1.68 ms, comm=107.75 ms, GEMM=1.12 ms
Iter 92: total=120.05 ms, PRG=1.68 ms, comm=107.23 ms, GEMM=1.11 ms
Iter 93: total=120.50 ms, PRG=1.68 ms, comm=107.64 ms, GEMM=1.12 ms
Iter 94: total=120.41 ms, PRG=1.67 ms, comm=107.55 ms, GEMM=1.12 ms
Iter 95: total=120.67 ms, PRG=1.68 ms, comm=107.81 ms, GEMM=1.12 ms
Iter 96: total=120.32 ms, PRG=1.68 ms, comm=107.50 ms, GEMM=1.10 ms
Iter 97: total=119.17 ms, PRG=1.68 ms, comm=106.32 ms, GEMM=1.12 ms
Iter 98: total=120.28 ms, PRG=1.68 ms, comm=107.43 ms, GEMM=1.12 ms
Iter 99: total=120.21 ms, PRG=1.68 ms, comm=107.36 ms, GEMM=1.12 ms
Iter 100: total=119.54 ms, PRG=1.68 ms, comm=106.68 ms, GEMM=1.12 ms

╔══════════════════════════════════════════════════╗
║  Results (with A/B/C storage pressure)          ║
╠══════════════════════════════════════════════════╣
║  Matrix:      [8×4096] × [4096×4096] = [8×4096]   ║
║  Iterations:              100                     ║
║  Total time:            12.05 s                 ║
║  PRG time:               1.67 ms / iter         ║
║  Comm time:            107.70 ms / iter         ║
║  GEMM time:              1.11 ms / iter         ║
║  Comm bytes:    134.48 /   134.48 MB/iter     ║
║                                              ║
║  PRG throughput (A+B):      10072.52 M elems/s   ║
║  Gen throughput (A+B+C):     1312.09 M elems/s   ║
║  Total throughput (A+B+C):    139.73 M elems/s   ║
║                                              ║
║  PRG bandwidth  (A+B → SSD):     80.58 GB/s    ║
║  Gen bandwidth  (A+B+C→SSD):     10.50 GB/s    ║
║  Total bandwidth(A+B+C→SSD):      1.12 GB/s    ║
║                                              ║
║  GEMM throughput:                2.23 GOPS/s     ║
╚══════════════════════════════════════════════════╝

[Party 0] Communication per iter: Sent=134.479872 MB, Recv=134.479872 MB, Total=268.959744 MB
[Party 0] Communication total: Sent=13447.987200 MB, Recv=13447.987200 MB, Total=26895.974400 MB
