==== llama_W_gateup (8,4096,11008), iters=100 ====
[PCG] Loaded from /home/ylu18/luoresearch/2PC/results/llama2_experiment_20260505_032704/dummy_pcg/llama_W_gateup_party0.bin
[PCG] Matrix: [8×4096] × [4096×11008] = [8×11008], k=64-bit

╔═══════════════════════════════════════════════════════════╗
║  GPU Matrix Beaver Online                                 ║
║  Y = X × W                                                ║
╠═══════════════════════════════════════════════════════════╣
║  GPU: NVIDIA RTX A6000                               ║
║  Matrix: [8×4096] × [4096×11008] = [8×11008]                      
║  k_bits: 64                                              ║
║  iterations: 100                                         ║
╚═══════════════════════════════════════════════════════════╝

Iter 1: total=328.04 ms, PRG=4.48 ms, comm=294.12 ms, GEMM=2.51 ms
Iter 2: total=323.64 ms, PRG=4.49 ms, comm=289.91 ms, GEMM=2.35 ms
Iter 3: total=336.50 ms, PRG=4.48 ms, comm=302.81 ms, GEMM=2.35 ms
Iter 4: total=305.60 ms, PRG=4.48 ms, comm=271.84 ms, GEMM=2.38 ms
Iter 5: total=306.59 ms, PRG=4.48 ms, comm=272.91 ms, GEMM=2.35 ms
Iter 6: total=313.85 ms, PRG=4.48 ms, comm=280.15 ms, GEMM=2.35 ms
Iter 7: total=309.27 ms, PRG=4.48 ms, comm=275.56 ms, GEMM=2.35 ms
Iter 8: total=315.15 ms, PRG=4.48 ms, comm=281.45 ms, GEMM=2.36 ms
Iter 9: total=308.05 ms, PRG=4.48 ms, comm=274.27 ms, GEMM=2.38 ms
Iter 10: total=312.18 ms, PRG=4.49 ms, comm=278.46 ms, GEMM=2.36 ms
Iter 11: total=305.42 ms, PRG=4.48 ms, comm=271.74 ms, GEMM=2.34 ms
Iter 12: total=307.74 ms, PRG=4.49 ms, comm=273.99 ms, GEMM=2.37 ms
Iter 13: total=309.87 ms, PRG=4.49 ms, comm=276.15 ms, GEMM=2.35 ms
Iter 14: total=313.00 ms, PRG=4.48 ms, comm=279.29 ms, GEMM=2.37 ms
Iter 15: total=308.78 ms, PRG=4.48 ms, comm=274.97 ms, GEMM=2.39 ms
Iter 16: total=308.21 ms, PRG=4.48 ms, comm=274.51 ms, GEMM=2.34 ms
Iter 17: total=324.27 ms, PRG=4.48 ms, comm=290.54 ms, GEMM=2.38 ms
Iter 18: total=313.68 ms, PRG=4.48 ms, comm=279.98 ms, GEMM=2.36 ms
Iter 19: total=312.56 ms, PRG=4.48 ms, comm=278.84 ms, GEMM=2.36 ms
Iter 20: total=312.66 ms, PRG=4.48 ms, comm=278.86 ms, GEMM=2.41 ms
Iter 21: total=307.26 ms, PRG=4.49 ms, comm=273.53 ms, GEMM=2.38 ms
Iter 22: total=307.90 ms, PRG=4.48 ms, comm=274.18 ms, GEMM=2.37 ms
Iter 23: total=306.98 ms, PRG=4.48 ms, comm=273.27 ms, GEMM=2.36 ms
Iter 24: total=339.56 ms, PRG=4.48 ms, comm=305.84 ms, GEMM=2.37 ms
Iter 25: total=311.12 ms, PRG=4.48 ms, comm=277.40 ms, GEMM=2.38 ms
Iter 26: total=308.40 ms, PRG=4.49 ms, comm=274.62 ms, GEMM=2.38 ms
Iter 27: total=340.21 ms, PRG=4.49 ms, comm=306.49 ms, GEMM=2.36 ms
Iter 28: total=307.40 ms, PRG=4.49 ms, comm=273.67 ms, GEMM=2.36 ms
Iter 29: total=306.98 ms, PRG=4.49 ms, comm=273.24 ms, GEMM=2.38 ms
Iter 30: total=310.91 ms, PRG=4.48 ms, comm=277.21 ms, GEMM=2.36 ms
Iter 31: total=311.48 ms, PRG=4.48 ms, comm=277.76 ms, GEMM=2.37 ms
Iter 32: total=309.75 ms, PRG=4.48 ms, comm=276.06 ms, GEMM=2.35 ms
Iter 33: total=308.13 ms, PRG=4.48 ms, comm=274.40 ms, GEMM=2.37 ms
Iter 34: total=321.81 ms, PRG=4.48 ms, comm=288.04 ms, GEMM=2.39 ms
Iter 35: total=307.18 ms, PRG=4.48 ms, comm=273.46 ms, GEMM=2.36 ms
Iter 36: total=306.79 ms, PRG=4.48 ms, comm=273.10 ms, GEMM=2.36 ms
Iter 37: total=307.53 ms, PRG=4.48 ms, comm=273.82 ms, GEMM=2.35 ms
Iter 38: total=326.38 ms, PRG=4.49 ms, comm=292.71 ms, GEMM=2.32 ms
Iter 39: total=306.20 ms, PRG=4.48 ms, comm=272.52 ms, GEMM=2.34 ms
Iter 40: total=308.38 ms, PRG=4.48 ms, comm=274.68 ms, GEMM=2.36 ms
Iter 41: total=306.88 ms, PRG=4.48 ms, comm=273.20 ms, GEMM=2.34 ms
Iter 42: total=313.79 ms, PRG=4.48 ms, comm=280.13 ms, GEMM=2.33 ms
Iter 43: total=307.35 ms, PRG=4.48 ms, comm=273.64 ms, GEMM=2.38 ms
Iter 44: total=306.21 ms, PRG=4.49 ms, comm=272.51 ms, GEMM=2.36 ms
Iter 45: total=307.44 ms, PRG=4.48 ms, comm=273.69 ms, GEMM=2.37 ms
Iter 46: total=305.80 ms, PRG=4.49 ms, comm=272.11 ms, GEMM=2.34 ms
Iter 47: total=307.14 ms, PRG=4.48 ms, comm=273.45 ms, GEMM=2.36 ms
Iter 48: total=310.73 ms, PRG=4.48 ms, comm=277.05 ms, GEMM=2.34 ms
Iter 49: total=307.81 ms, PRG=4.48 ms, comm=274.11 ms, GEMM=2.36 ms
Iter 50: total=317.82 ms, PRG=4.48 ms, comm=284.09 ms, GEMM=2.38 ms
Iter 51: total=310.00 ms, PRG=4.48 ms, comm=276.32 ms, GEMM=2.35 ms
Iter 52: total=311.42 ms, PRG=4.48 ms, comm=277.76 ms, GEMM=2.33 ms
Iter 53: total=310.71 ms, PRG=4.48 ms, comm=277.03 ms, GEMM=2.34 ms
Iter 54: total=308.10 ms, PRG=4.49 ms, comm=274.41 ms, GEMM=2.36 ms
Iter 55: total=324.08 ms, PRG=4.48 ms, comm=290.35 ms, GEMM=2.38 ms
Iter 56: total=322.05 ms, PRG=4.48 ms, comm=288.35 ms, GEMM=2.37 ms
Iter 57: total=308.34 ms, PRG=4.48 ms, comm=274.63 ms, GEMM=2.36 ms
Iter 58: total=306.90 ms, PRG=4.49 ms, comm=273.21 ms, GEMM=2.34 ms
Iter 59: total=319.74 ms, PRG=4.48 ms, comm=285.97 ms, GEMM=2.39 ms
Iter 60: total=306.64 ms, PRG=4.49 ms, comm=272.94 ms, GEMM=2.36 ms
Iter 61: total=306.30 ms, PRG=4.48 ms, comm=272.58 ms, GEMM=2.38 ms
Iter 62: total=309.49 ms, PRG=4.48 ms, comm=275.80 ms, GEMM=2.34 ms
Iter 63: total=311.91 ms, PRG=4.48 ms, comm=278.18 ms, GEMM=2.37 ms
Iter 64: total=309.44 ms, PRG=4.48 ms, comm=275.71 ms, GEMM=2.37 ms
Iter 65: total=307.23 ms, PRG=4.48 ms, comm=273.51 ms, GEMM=2.36 ms
Iter 66: total=306.22 ms, PRG=4.49 ms, comm=272.51 ms, GEMM=2.36 ms
Iter 67: total=311.90 ms, PRG=4.48 ms, comm=278.17 ms, GEMM=2.38 ms
Iter 68: total=316.28 ms, PRG=4.48 ms, comm=282.56 ms, GEMM=2.38 ms
Iter 69: total=309.47 ms, PRG=4.49 ms, comm=275.78 ms, GEMM=2.34 ms
Iter 70: total=307.92 ms, PRG=4.48 ms, comm=274.25 ms, GEMM=2.34 ms
Iter 71: total=310.37 ms, PRG=4.49 ms, comm=276.70 ms, GEMM=2.33 ms
Iter 72: total=307.65 ms, PRG=4.48 ms, comm=273.95 ms, GEMM=2.36 ms
Iter 73: total=310.82 ms, PRG=4.49 ms, comm=277.11 ms, GEMM=2.36 ms
Iter 74: total=309.96 ms, PRG=4.48 ms, comm=276.26 ms, GEMM=2.34 ms
Iter 75: total=312.26 ms, PRG=4.48 ms, comm=278.56 ms, GEMM=2.36 ms
Iter 76: total=340.23 ms, PRG=4.48 ms, comm=306.51 ms, GEMM=2.37 ms
Iter 77: total=309.98 ms, PRG=4.48 ms, comm=276.22 ms, GEMM=2.38 ms
Iter 78: total=307.22 ms, PRG=4.49 ms, comm=273.55 ms, GEMM=2.33 ms
Iter 79: total=310.28 ms, PRG=4.48 ms, comm=276.61 ms, GEMM=2.33 ms
Iter 80: total=308.86 ms, PRG=4.48 ms, comm=275.16 ms, GEMM=2.37 ms
Iter 81: total=311.34 ms, PRG=4.48 ms, comm=277.66 ms, GEMM=2.34 ms
Iter 82: total=308.74 ms, PRG=4.48 ms, comm=275.05 ms, GEMM=2.36 ms
Iter 83: total=307.91 ms, PRG=4.48 ms, comm=274.22 ms, GEMM=2.35 ms
Iter 84: total=308.68 ms, PRG=4.48 ms, comm=274.96 ms, GEMM=2.38 ms
Iter 85: total=307.66 ms, PRG=4.48 ms, comm=273.95 ms, GEMM=2.35 ms
Iter 86: total=309.36 ms, PRG=4.48 ms, comm=275.69 ms, GEMM=2.34 ms
Iter 87: total=309.02 ms, PRG=4.48 ms, comm=275.35 ms, GEMM=2.34 ms
Iter 88: total=308.78 ms, PRG=4.48 ms, comm=275.10 ms, GEMM=2.35 ms
Iter 89: total=332.37 ms, PRG=4.48 ms, comm=298.67 ms, GEMM=2.34 ms
Iter 90: total=307.00 ms, PRG=4.48 ms, comm=273.31 ms, GEMM=2.34 ms
Iter 91: total=307.20 ms, PRG=4.48 ms, comm=273.50 ms, GEMM=2.36 ms
Iter 92: total=309.56 ms, PRG=4.48 ms, comm=275.88 ms, GEMM=2.34 ms
Iter 93: total=308.60 ms, PRG=4.48 ms, comm=274.88 ms, GEMM=2.35 ms
Iter 94: total=309.13 ms, PRG=4.48 ms, comm=275.45 ms, GEMM=2.35 ms
Iter 95: total=307.99 ms, PRG=4.47 ms, comm=274.28 ms, GEMM=2.36 ms
Iter 96: total=308.06 ms, PRG=4.49 ms, comm=274.37 ms, GEMM=2.34 ms
Iter 97: total=308.93 ms, PRG=4.48 ms, comm=275.25 ms, GEMM=2.35 ms
Iter 98: total=308.59 ms, PRG=4.48 ms, comm=274.90 ms, GEMM=2.35 ms
Iter 99: total=336.26 ms, PRG=4.49 ms, comm=302.54 ms, GEMM=2.36 ms
Iter 100: total=307.25 ms, PRG=4.48 ms, comm=273.50 ms, GEMM=2.38 ms

╔══════════════════════════════════════════════════╗
║  Results (with A/B/C storage pressure)          ║
╠══════════════════════════════════════════════════╣
║  Matrix:      [8×4096] × [4096×11008] = [8×11008]   ║
║  Iterations:              100                     ║
║  Total time:            31.20 s                 ║
║  PRG time:               4.48 ms / iter         ║
║  Comm time:            278.30 ms / iter         ║
║  GEMM time:              2.36 ms / iter         ║
║  Comm bytes:    360.97 /   360.97 MB/iter     ║
║                                              ║
║  PRG throughput (A+B):      10065.55 M elems/s   ║
║  Gen throughput (A+B+C):     1341.11 M elems/s   ║
║  Total throughput (A+B+C):    144.90 M elems/s   ║
║                                              ║
║  PRG bandwidth  (A+B → SSD):     80.52 GB/s    ║
║  Gen bandwidth  (A+B+C→SSD):     10.73 GB/s    ║
║  Total bandwidth(A+B+C→SSD):      1.16 GB/s    ║
║                                              ║
║  GEMM throughput:                2.31 GOPS/s     ║
╚══════════════════════════════════════════════════╝

[Party 0] Communication per iter: Sent=360.972288 MB, Recv=360.972288 MB, Total=721.944576 MB
[Party 0] Communication total: Sent=36097.228800 MB, Recv=36097.228800 MB, Total=72194.457600 MB
