==== RUN llama_W_down iterations=100 ====
mpirun -np 2 --oversubscribe --mca btl tcp,self --mca btl_tcp_if_include lo bash -lc 'export CUDA_VISIBLE_DEVICES=${OMPI_COMM_WORLD_LOCAL_RANK}; exec /home/ylu18/luoresearch/survay/shaft/2pc/BMT/build/gpu_matrix_beaver --pcg /home/ylu18/luoresearch/survay/PolyTransformer-Submission/results/llama2_hybrid_20260504_142750/brillm_dummy_pcg_llama2/llama_W_down_party --iterations 100'
[PCG] Loaded from /home/ylu18/luoresearch/survay/PolyTransformer-Submission/results/llama2_hybrid_20260504_142750/brillm_dummy_pcg_llama2/llama_W_down_party0.bin
[PCG] Matrix: [8×11008] × [11008×4096] = [8×4096], k=64-bit

╔═══════════════════════════════════════════════════════════╗
║  GPU Matrix Beaver Online                                 ║
║  Y = X × W                                                ║
╠═══════════════════════════════════════════════════════════╣
║  GPU: NVIDIA RTX A6000                               ║
║  Matrix: [8×11008] × [11008×4096] = [8×4096]                      
║  k_bits: 64                                              ║
║  iterations: 100                                         ║
╚═══════════════════════════════════════════════════════════╝

Iter 1: total=324.33 ms, PRG=4.49 ms, comm=284.76 ms, GEMM=3.10 ms
Iter 2: total=306.43 ms, PRG=4.50 ms, comm=272.06 ms, GEMM=2.96 ms
Iter 3: total=308.56 ms, PRG=4.49 ms, comm=274.21 ms, GEMM=2.96 ms
Iter 4: total=303.61 ms, PRG=4.49 ms, comm=269.26 ms, GEMM=2.96 ms
Iter 5: total=302.75 ms, PRG=4.50 ms, comm=268.37 ms, GEMM=2.96 ms
Iter 6: total=303.26 ms, PRG=4.49 ms, comm=268.91 ms, GEMM=2.96 ms
Iter 7: total=322.31 ms, PRG=4.48 ms, comm=287.97 ms, GEMM=2.96 ms
Iter 8: total=313.11 ms, PRG=4.49 ms, comm=278.76 ms, GEMM=2.96 ms
Iter 9: total=301.63 ms, PRG=4.49 ms, comm=267.28 ms, GEMM=2.96 ms
Iter 10: total=338.28 ms, PRG=4.49 ms, comm=303.54 ms, GEMM=2.98 ms
Iter 11: total=306.72 ms, PRG=4.50 ms, comm=272.30 ms, GEMM=2.97 ms
Iter 12: total=299.13 ms, PRG=4.50 ms, comm=264.79 ms, GEMM=2.94 ms
Iter 13: total=314.94 ms, PRG=4.49 ms, comm=280.53 ms, GEMM=2.98 ms
Iter 14: total=300.78 ms, PRG=4.50 ms, comm=266.41 ms, GEMM=2.96 ms
Iter 15: total=301.15 ms, PRG=4.49 ms, comm=266.80 ms, GEMM=2.96 ms
Iter 16: total=302.41 ms, PRG=4.49 ms, comm=268.03 ms, GEMM=2.97 ms
Iter 17: total=299.67 ms, PRG=4.50 ms, comm=265.33 ms, GEMM=2.95 ms
Iter 18: total=302.60 ms, PRG=4.49 ms, comm=268.23 ms, GEMM=2.96 ms
Iter 19: total=301.55 ms, PRG=4.50 ms, comm=267.19 ms, GEMM=2.96 ms
Iter 20: total=303.23 ms, PRG=4.49 ms, comm=268.80 ms, GEMM=2.98 ms
Iter 21: total=302.19 ms, PRG=4.50 ms, comm=267.85 ms, GEMM=2.94 ms
Iter 22: total=323.21 ms, PRG=4.49 ms, comm=288.85 ms, GEMM=2.95 ms
Iter 23: total=307.36 ms, PRG=4.49 ms, comm=273.01 ms, GEMM=2.96 ms
Iter 24: total=301.84 ms, PRG=4.49 ms, comm=267.41 ms, GEMM=2.97 ms
Iter 25: total=303.83 ms, PRG=4.50 ms, comm=269.46 ms, GEMM=2.96 ms
Iter 26: total=303.59 ms, PRG=4.49 ms, comm=269.26 ms, GEMM=2.95 ms
Iter 27: total=303.26 ms, PRG=4.49 ms, comm=268.93 ms, GEMM=2.95 ms
Iter 28: total=304.39 ms, PRG=4.49 ms, comm=270.06 ms, GEMM=2.95 ms
Iter 29: total=302.11 ms, PRG=4.49 ms, comm=267.79 ms, GEMM=2.94 ms
Iter 30: total=306.16 ms, PRG=4.50 ms, comm=271.83 ms, GEMM=2.94 ms
Iter 31: total=304.97 ms, PRG=4.49 ms, comm=270.56 ms, GEMM=2.98 ms
Iter 32: total=306.36 ms, PRG=4.50 ms, comm=271.99 ms, GEMM=2.97 ms
Iter 33: total=312.04 ms, PRG=4.49 ms, comm=277.71 ms, GEMM=2.95 ms
Iter 34: total=306.16 ms, PRG=4.49 ms, comm=271.80 ms, GEMM=2.96 ms
Iter 35: total=303.47 ms, PRG=4.50 ms, comm=269.14 ms, GEMM=2.95 ms
Iter 36: total=306.97 ms, PRG=4.49 ms, comm=272.65 ms, GEMM=2.94 ms
Iter 37: total=316.61 ms, PRG=4.49 ms, comm=282.28 ms, GEMM=2.94 ms
Iter 38: total=300.97 ms, PRG=4.49 ms, comm=266.62 ms, GEMM=2.96 ms
Iter 39: total=303.51 ms, PRG=4.49 ms, comm=269.13 ms, GEMM=2.97 ms
Iter 40: total=302.13 ms, PRG=4.50 ms, comm=267.76 ms, GEMM=2.96 ms
Iter 41: total=302.03 ms, PRG=4.49 ms, comm=267.71 ms, GEMM=2.94 ms
Iter 42: total=309.85 ms, PRG=4.49 ms, comm=275.54 ms, GEMM=2.94 ms
Iter 43: total=304.14 ms, PRG=4.49 ms, comm=269.82 ms, GEMM=2.94 ms
Iter 44: total=303.47 ms, PRG=4.49 ms, comm=269.16 ms, GEMM=2.94 ms
Iter 45: total=308.87 ms, PRG=4.50 ms, comm=274.50 ms, GEMM=2.96 ms
Iter 46: total=302.73 ms, PRG=4.49 ms, comm=268.41 ms, GEMM=2.94 ms
Iter 47: total=304.44 ms, PRG=4.49 ms, comm=270.11 ms, GEMM=2.94 ms
Iter 48: total=306.21 ms, PRG=4.49 ms, comm=271.85 ms, GEMM=2.96 ms
Iter 49: total=324.86 ms, PRG=4.49 ms, comm=290.50 ms, GEMM=2.97 ms
Iter 50: total=300.31 ms, PRG=4.49 ms, comm=265.93 ms, GEMM=2.96 ms
Iter 51: total=302.08 ms, PRG=4.50 ms, comm=267.75 ms, GEMM=2.94 ms
Iter 52: total=302.57 ms, PRG=4.49 ms, comm=268.22 ms, GEMM=2.96 ms
Iter 53: total=300.86 ms, PRG=4.49 ms, comm=266.51 ms, GEMM=2.96 ms
Iter 54: total=302.09 ms, PRG=4.49 ms, comm=267.77 ms, GEMM=2.95 ms
Iter 55: total=301.53 ms, PRG=4.49 ms, comm=267.17 ms, GEMM=2.96 ms
Iter 56: total=345.53 ms, PRG=4.49 ms, comm=311.17 ms, GEMM=2.96 ms
Iter 57: total=318.44 ms, PRG=4.48 ms, comm=284.12 ms, GEMM=2.95 ms
Iter 58: total=326.59 ms, PRG=4.49 ms, comm=292.23 ms, GEMM=2.96 ms
Iter 59: total=301.77 ms, PRG=4.48 ms, comm=267.46 ms, GEMM=2.95 ms
Iter 60: total=319.08 ms, PRG=4.49 ms, comm=284.74 ms, GEMM=2.95 ms
Iter 61: total=301.01 ms, PRG=4.49 ms, comm=266.69 ms, GEMM=2.94 ms
Iter 62: total=301.54 ms, PRG=4.49 ms, comm=267.22 ms, GEMM=2.94 ms
Iter 63: total=302.58 ms, PRG=4.49 ms, comm=268.23 ms, GEMM=2.95 ms
Iter 64: total=334.54 ms, PRG=4.50 ms, comm=300.12 ms, GEMM=2.98 ms
Iter 65: total=301.41 ms, PRG=4.49 ms, comm=267.08 ms, GEMM=2.94 ms
Iter 66: total=328.27 ms, PRG=4.49 ms, comm=293.93 ms, GEMM=2.96 ms
Iter 67: total=328.96 ms, PRG=4.49 ms, comm=294.64 ms, GEMM=2.95 ms
Iter 68: total=333.96 ms, PRG=4.50 ms, comm=299.63 ms, GEMM=2.94 ms
Iter 69: total=303.78 ms, PRG=4.49 ms, comm=269.46 ms, GEMM=2.95 ms
Iter 70: total=318.78 ms, PRG=4.48 ms, comm=284.42 ms, GEMM=2.96 ms
Iter 71: total=324.39 ms, PRG=4.49 ms, comm=290.06 ms, GEMM=2.94 ms
Iter 72: total=322.58 ms, PRG=4.49 ms, comm=288.24 ms, GEMM=2.95 ms
Iter 73: total=301.38 ms, PRG=4.49 ms, comm=267.06 ms, GEMM=2.95 ms
Iter 74: total=302.76 ms, PRG=4.49 ms, comm=268.41 ms, GEMM=2.95 ms
Iter 75: total=303.93 ms, PRG=4.49 ms, comm=269.61 ms, GEMM=2.95 ms
Iter 76: total=304.01 ms, PRG=4.49 ms, comm=269.68 ms, GEMM=2.95 ms
Iter 77: total=304.34 ms, PRG=4.49 ms, comm=270.01 ms, GEMM=2.95 ms
Iter 78: total=302.86 ms, PRG=4.49 ms, comm=268.50 ms, GEMM=2.96 ms
Iter 79: total=303.01 ms, PRG=4.49 ms, comm=268.69 ms, GEMM=2.95 ms
Iter 80: total=301.83 ms, PRG=4.49 ms, comm=267.48 ms, GEMM=2.96 ms
Iter 81: total=304.02 ms, PRG=4.50 ms, comm=269.66 ms, GEMM=2.96 ms
Iter 82: total=307.19 ms, PRG=4.49 ms, comm=272.80 ms, GEMM=2.96 ms
Iter 83: total=336.68 ms, PRG=4.49 ms, comm=302.33 ms, GEMM=2.96 ms
Iter 84: total=304.06 ms, PRG=4.49 ms, comm=269.71 ms, GEMM=2.96 ms
Iter 85: total=303.47 ms, PRG=4.49 ms, comm=269.15 ms, GEMM=2.95 ms
Iter 86: total=302.78 ms, PRG=4.49 ms, comm=268.46 ms, GEMM=2.94 ms
Iter 87: total=304.17 ms, PRG=4.50 ms, comm=269.84 ms, GEMM=2.95 ms
Iter 88: total=301.28 ms, PRG=4.50 ms, comm=266.95 ms, GEMM=2.95 ms
Iter 89: total=304.38 ms, PRG=4.49 ms, comm=270.03 ms, GEMM=2.96 ms
Iter 90: total=303.33 ms, PRG=4.49 ms, comm=268.98 ms, GEMM=2.96 ms
Iter 91: total=307.22 ms, PRG=4.50 ms, comm=272.89 ms, GEMM=2.95 ms
Iter 92: total=303.66 ms, PRG=4.49 ms, comm=269.34 ms, GEMM=2.94 ms
Iter 93: total=305.74 ms, PRG=4.49 ms, comm=271.42 ms, GEMM=2.94 ms
Iter 94: total=306.75 ms, PRG=4.49 ms, comm=272.43 ms, GEMM=2.94 ms
Iter 95: total=302.92 ms, PRG=4.49 ms, comm=268.60 ms, GEMM=2.95 ms
Iter 96: total=305.19 ms, PRG=4.49 ms, comm=270.83 ms, GEMM=2.96 ms
Iter 97: total=301.74 ms, PRG=4.49 ms, comm=267.42 ms, GEMM=2.95 ms
Iter 98: total=304.48 ms, PRG=4.49 ms, comm=270.16 ms, GEMM=2.95 ms
Iter 99: total=304.97 ms, PRG=4.49 ms, comm=270.64 ms, GEMM=2.95 ms
Iter 100: total=303.89 ms, PRG=4.50 ms, comm=269.53 ms, GEMM=2.96 ms

╔══════════════════════════════════════════════════╗
║  Results (with A/B/C storage pressure)          ║
╠══════════════════════════════════════════════════╣
║  Matrix:      [8×11008] × [11008×4096] = [8×4096]   ║
║  Iterations:              100                     ║
║  Total time:            30.81 s                 ║
║  PRG time:               4.49 ms / iter         ║
║  Comm time:            273.69 ms / iter         ║
║  GEMM time:              2.96 ms / iter         ║
║  Comm bytes:    361.41 /   361.41 MB/iter     ║
║                                              ║
║  PRG throughput (A+B):      10058.97 M elems/s   ║
║  Gen throughput (A+B+C):     1314.13 M elems/s   ║
║  Total throughput (A+B+C):    146.74 M elems/s   ║
║                                              ║
║  PRG bandwidth  (A+B → SSD):     80.47 GB/s    ║
║  Gen bandwidth  (A+B+C→SSD):     10.51 GB/s    ║
║  Total bandwidth(A+B+C→SSD):      1.17 GB/s    ║
║                                              ║
║  GEMM throughput:                2.34 GOPS/s     ║
╚══════════════════════════════════════════════════╝

[Party 0] Communication per iter: Sent=361.414656 MB, Recv=361.414656 MB, Total=722.829312 MB
[Party 0] Communication total: Sent=36141.465600 MB, Recv=36141.465600 MB, Total=72282.931200 MB
