==== RUN llama_W_QKV iterations=100 ====
mpirun -np 2 --oversubscribe --mca btl tcp,self --mca btl_tcp_if_include lo bash -lc 'export CUDA_VISIBLE_DEVICES=${OMPI_COMM_WORLD_LOCAL_RANK}; exec /home/ylu18/luoresearch/survay/shaft/2pc/BMT/build/gpu_matrix_beaver --pcg /home/ylu18/luoresearch/survay/PolyTransformer-Submission/results/llama2_hybrid_20260504_142750/brillm_dummy_pcg_llama2/llama_W_QKV_party --iterations 100'
[PCG] Loaded from /home/ylu18/luoresearch/survay/PolyTransformer-Submission/results/llama2_hybrid_20260504_142750/brillm_dummy_pcg_llama2/llama_W_QKV_party0.bin
[PCG] Matrix: [8×4096] × [4096×4096] = [8×4096], k=64-bit

╔═══════════════════════════════════════════════════════════╗
║  GPU Matrix Beaver Online                                 ║
║  Y = X × W                                                ║
╠═══════════════════════════════════════════════════════════╣
║  GPU: NVIDIA RTX A6000                               ║
║  Matrix: [8×4096] × [4096×4096] = [8×4096]                      
║  k_bits: 64                                              ║
║  iterations: 100                                         ║
╚═══════════════════════════════════════════════════════════╝

Iter 1: total=115.78 ms, PRG=1.68 ms, comm=102.87 ms, GEMM=1.17 ms
Iter 2: total=118.88 ms, PRG=1.68 ms, comm=106.03 ms, GEMM=1.12 ms
Iter 3: total=130.74 ms, PRG=1.67 ms, comm=117.82 ms, GEMM=1.14 ms
Iter 4: total=115.83 ms, PRG=1.68 ms, comm=102.97 ms, GEMM=1.12 ms
Iter 5: total=115.50 ms, PRG=1.68 ms, comm=102.64 ms, GEMM=1.12 ms
Iter 6: total=115.45 ms, PRG=1.68 ms, comm=102.59 ms, GEMM=1.12 ms
Iter 7: total=116.44 ms, PRG=1.68 ms, comm=103.59 ms, GEMM=1.11 ms
Iter 8: total=115.47 ms, PRG=1.68 ms, comm=102.64 ms, GEMM=1.11 ms
Iter 9: total=115.00 ms, PRG=1.68 ms, comm=102.17 ms, GEMM=1.11 ms
Iter 10: total=130.43 ms, PRG=1.68 ms, comm=117.60 ms, GEMM=1.11 ms
Iter 11: total=114.61 ms, PRG=1.68 ms, comm=101.75 ms, GEMM=1.12 ms
Iter 12: total=114.69 ms, PRG=1.68 ms, comm=101.84 ms, GEMM=1.12 ms
Iter 13: total=117.13 ms, PRG=1.67 ms, comm=104.28 ms, GEMM=1.12 ms
Iter 14: total=114.54 ms, PRG=1.67 ms, comm=101.69 ms, GEMM=1.12 ms
Iter 15: total=115.49 ms, PRG=1.68 ms, comm=102.64 ms, GEMM=1.12 ms
Iter 16: total=117.09 ms, PRG=1.68 ms, comm=104.27 ms, GEMM=1.11 ms
Iter 17: total=131.63 ms, PRG=1.68 ms, comm=118.77 ms, GEMM=1.12 ms
Iter 18: total=117.41 ms, PRG=1.67 ms, comm=104.56 ms, GEMM=1.12 ms
Iter 19: total=116.01 ms, PRG=1.68 ms, comm=103.16 ms, GEMM=1.12 ms
Iter 20: total=115.24 ms, PRG=1.68 ms, comm=102.42 ms, GEMM=1.11 ms
Iter 21: total=114.45 ms, PRG=1.68 ms, comm=101.59 ms, GEMM=1.12 ms
Iter 22: total=115.48 ms, PRG=1.68 ms, comm=102.66 ms, GEMM=1.11 ms
Iter 23: total=114.91 ms, PRG=1.68 ms, comm=102.06 ms, GEMM=1.12 ms
Iter 24: total=115.28 ms, PRG=1.67 ms, comm=102.46 ms, GEMM=1.11 ms
Iter 25: total=116.10 ms, PRG=1.68 ms, comm=103.25 ms, GEMM=1.12 ms
Iter 26: total=117.13 ms, PRG=1.68 ms, comm=104.20 ms, GEMM=1.13 ms
Iter 27: total=115.22 ms, PRG=1.68 ms, comm=102.35 ms, GEMM=1.12 ms
Iter 28: total=115.33 ms, PRG=1.68 ms, comm=102.49 ms, GEMM=1.12 ms
Iter 29: total=115.28 ms, PRG=1.68 ms, comm=102.45 ms, GEMM=1.11 ms
Iter 30: total=115.27 ms, PRG=1.68 ms, comm=102.41 ms, GEMM=1.12 ms
Iter 31: total=114.85 ms, PRG=1.68 ms, comm=101.93 ms, GEMM=1.14 ms
Iter 32: total=117.11 ms, PRG=1.68 ms, comm=104.25 ms, GEMM=1.12 ms
Iter 33: total=117.79 ms, PRG=1.67 ms, comm=104.97 ms, GEMM=1.11 ms
Iter 34: total=117.88 ms, PRG=1.68 ms, comm=105.02 ms, GEMM=1.12 ms
Iter 35: total=114.94 ms, PRG=1.68 ms, comm=102.07 ms, GEMM=1.12 ms
Iter 36: total=114.78 ms, PRG=1.68 ms, comm=101.96 ms, GEMM=1.10 ms
Iter 37: total=131.32 ms, PRG=1.68 ms, comm=118.46 ms, GEMM=1.12 ms
Iter 38: total=115.96 ms, PRG=1.68 ms, comm=103.13 ms, GEMM=1.11 ms
Iter 39: total=115.76 ms, PRG=1.67 ms, comm=102.93 ms, GEMM=1.11 ms
Iter 40: total=115.66 ms, PRG=1.68 ms, comm=102.83 ms, GEMM=1.11 ms
Iter 41: total=116.15 ms, PRG=1.68 ms, comm=103.21 ms, GEMM=1.13 ms
Iter 42: total=117.75 ms, PRG=1.68 ms, comm=104.91 ms, GEMM=1.11 ms
Iter 43: total=116.20 ms, PRG=1.68 ms, comm=103.35 ms, GEMM=1.12 ms
Iter 44: total=114.75 ms, PRG=1.68 ms, comm=101.93 ms, GEMM=1.11 ms
Iter 45: total=115.86 ms, PRG=1.68 ms, comm=103.00 ms, GEMM=1.12 ms
Iter 46: total=132.86 ms, PRG=1.68 ms, comm=120.01 ms, GEMM=1.12 ms
Iter 47: total=115.41 ms, PRG=1.68 ms, comm=102.58 ms, GEMM=1.11 ms
Iter 48: total=116.54 ms, PRG=1.68 ms, comm=103.72 ms, GEMM=1.11 ms
Iter 49: total=114.58 ms, PRG=1.68 ms, comm=101.72 ms, GEMM=1.12 ms
Iter 50: total=115.94 ms, PRG=1.68 ms, comm=103.10 ms, GEMM=1.11 ms
Iter 51: total=116.07 ms, PRG=1.68 ms, comm=103.21 ms, GEMM=1.12 ms
Iter 52: total=115.25 ms, PRG=1.68 ms, comm=102.42 ms, GEMM=1.11 ms
Iter 53: total=116.14 ms, PRG=1.68 ms, comm=103.21 ms, GEMM=1.13 ms
Iter 54: total=115.31 ms, PRG=1.68 ms, comm=102.45 ms, GEMM=1.12 ms
Iter 55: total=115.54 ms, PRG=1.68 ms, comm=102.71 ms, GEMM=1.11 ms
Iter 56: total=116.04 ms, PRG=1.68 ms, comm=103.22 ms, GEMM=1.11 ms
Iter 57: total=117.48 ms, PRG=1.67 ms, comm=104.66 ms, GEMM=1.11 ms
Iter 58: total=130.56 ms, PRG=1.68 ms, comm=117.71 ms, GEMM=1.12 ms
Iter 59: total=130.99 ms, PRG=1.68 ms, comm=118.13 ms, GEMM=1.13 ms
Iter 60: total=116.18 ms, PRG=1.67 ms, comm=103.36 ms, GEMM=1.11 ms
Iter 61: total=116.13 ms, PRG=1.68 ms, comm=103.31 ms, GEMM=1.11 ms
Iter 62: total=116.88 ms, PRG=1.68 ms, comm=104.06 ms, GEMM=1.11 ms
Iter 63: total=115.45 ms, PRG=1.68 ms, comm=102.59 ms, GEMM=1.12 ms
Iter 64: total=115.31 ms, PRG=1.68 ms, comm=102.44 ms, GEMM=1.13 ms
Iter 65: total=115.04 ms, PRG=1.68 ms, comm=102.19 ms, GEMM=1.12 ms
Iter 66: total=116.58 ms, PRG=1.69 ms, comm=103.75 ms, GEMM=1.11 ms
Iter 67: total=115.18 ms, PRG=1.68 ms, comm=102.35 ms, GEMM=1.11 ms
Iter 68: total=115.70 ms, PRG=1.68 ms, comm=102.88 ms, GEMM=1.11 ms
Iter 69: total=116.35 ms, PRG=1.68 ms, comm=103.52 ms, GEMM=1.11 ms
Iter 70: total=115.76 ms, PRG=1.68 ms, comm=102.82 ms, GEMM=1.13 ms
Iter 71: total=116.74 ms, PRG=1.68 ms, comm=103.91 ms, GEMM=1.11 ms
Iter 72: total=114.64 ms, PRG=1.68 ms, comm=101.78 ms, GEMM=1.12 ms
Iter 73: total=115.96 ms, PRG=1.69 ms, comm=103.12 ms, GEMM=1.11 ms
Iter 74: total=116.18 ms, PRG=1.68 ms, comm=103.33 ms, GEMM=1.12 ms
Iter 75: total=115.50 ms, PRG=1.68 ms, comm=102.68 ms, GEMM=1.11 ms
Iter 76: total=115.49 ms, PRG=1.68 ms, comm=102.65 ms, GEMM=1.11 ms
Iter 77: total=115.52 ms, PRG=1.67 ms, comm=102.69 ms, GEMM=1.11 ms
Iter 78: total=116.02 ms, PRG=1.67 ms, comm=103.20 ms, GEMM=1.11 ms
Iter 79: total=116.42 ms, PRG=1.68 ms, comm=103.60 ms, GEMM=1.11 ms
Iter 80: total=116.59 ms, PRG=1.68 ms, comm=103.76 ms, GEMM=1.11 ms
Iter 81: total=116.72 ms, PRG=1.68 ms, comm=103.89 ms, GEMM=1.11 ms
Iter 82: total=115.21 ms, PRG=1.68 ms, comm=102.35 ms, GEMM=1.12 ms
Iter 83: total=115.73 ms, PRG=1.68 ms, comm=102.90 ms, GEMM=1.11 ms
Iter 84: total=115.31 ms, PRG=1.68 ms, comm=102.49 ms, GEMM=1.11 ms
Iter 85: total=115.99 ms, PRG=1.68 ms, comm=103.17 ms, GEMM=1.11 ms
Iter 86: total=115.80 ms, PRG=1.68 ms, comm=102.94 ms, GEMM=1.12 ms
Iter 87: total=116.40 ms, PRG=1.68 ms, comm=103.57 ms, GEMM=1.11 ms
Iter 88: total=115.72 ms, PRG=1.68 ms, comm=102.88 ms, GEMM=1.11 ms
Iter 89: total=116.64 ms, PRG=1.68 ms, comm=103.82 ms, GEMM=1.11 ms
Iter 90: total=115.78 ms, PRG=1.68 ms, comm=102.95 ms, GEMM=1.11 ms
Iter 91: total=116.22 ms, PRG=1.68 ms, comm=103.39 ms, GEMM=1.11 ms
Iter 92: total=115.83 ms, PRG=1.67 ms, comm=102.94 ms, GEMM=1.13 ms
Iter 93: total=116.23 ms, PRG=1.68 ms, comm=103.39 ms, GEMM=1.11 ms
Iter 94: total=114.75 ms, PRG=1.67 ms, comm=101.90 ms, GEMM=1.12 ms
Iter 95: total=117.14 ms, PRG=1.68 ms, comm=104.31 ms, GEMM=1.10 ms
Iter 96: total=115.83 ms, PRG=1.67 ms, comm=103.00 ms, GEMM=1.11 ms
Iter 97: total=115.24 ms, PRG=1.68 ms, comm=102.41 ms, GEMM=1.11 ms
Iter 98: total=115.07 ms, PRG=1.68 ms, comm=102.21 ms, GEMM=1.12 ms
Iter 99: total=115.48 ms, PRG=1.68 ms, comm=102.62 ms, GEMM=1.12 ms
Iter 100: total=116.07 ms, PRG=1.68 ms, comm=103.23 ms, GEMM=1.11 ms

╔══════════════════════════════════════════════════╗
║  Results (with A/B/C storage pressure)          ║
╠══════════════════════════════════════════════════╣
║  Matrix:      [8×4096] × [4096×4096] = [8×4096]   ║
║  Iterations:              100                     ║
║  Total time:            11.69 s                 ║
║  PRG time:               1.68 ms / iter         ║
║  Comm time:            104.09 ms / iter         ║
║  GEMM time:              1.12 ms / iter         ║
║  Comm bytes:    134.48 /   134.48 MB/iter     ║
║                                              ║
║  PRG throughput (A+B):      10020.62 M elems/s   ║
║  Gen throughput (A+B+C):     1310.99 M elems/s   ║
║  Total throughput (A+B+C):    144.03 M elems/s   ║
║                                              ║
║  PRG bandwidth  (A+B → SSD):     80.16 GB/s    ║
║  Gen bandwidth  (A+B+C→SSD):     10.49 GB/s    ║
║  Total bandwidth(A+B+C→SSD):      1.15 GB/s    ║
║                                              ║
║  GEMM throughput:                2.30 GOPS/s     ║
╚══════════════════════════════════════════════════╝

[Party 0] Communication per iter: Sent=134.479872 MB, Recv=134.479872 MB, Total=268.959744 MB
[Party 0] Communication total: Sent=13447.987200 MB, Recv=13447.987200 MB, Total=26895.974400 MB
