==== RUN llama_W_gateup iterations=100 ====
mpirun -np 2 --oversubscribe --mca btl tcp,self --mca btl_tcp_if_include lo bash -lc 'export CUDA_VISIBLE_DEVICES=${OMPI_COMM_WORLD_LOCAL_RANK}; exec /home/ylu18/luoresearch/survay/shaft/2pc/BMT/build/gpu_matrix_beaver --pcg /home/ylu18/luoresearch/survay/PolyTransformer-Submission/results/llama2_hybrid_20260504_142750/brillm_dummy_pcg_llama2/llama_W_gateup_party --iterations 100'
[PCG] Loaded from /home/ylu18/luoresearch/survay/PolyTransformer-Submission/results/llama2_hybrid_20260504_142750/brillm_dummy_pcg_llama2/llama_W_gateup_party0.bin
[PCG] Matrix: [8×4096] × [4096×11008] = [8×11008], k=64-bit

╔═══════════════════════════════════════════════════════════╗
║  GPU Matrix Beaver Online                                 ║
║  Y = X × W                                                ║
╠═══════════════════════════════════════════════════════════╣
║  GPU: NVIDIA RTX A6000                               ║
║  Matrix: [8×4096] × [4096×11008] = [8×11008]                      
║  k_bits: 64                                              ║
║  iterations: 100                                         ║
╚═══════════════════════════════════════════════════════════╝

Iter 1: total=306.12 ms, PRG=4.49 ms, comm=272.29 ms, GEMM=2.45 ms
Iter 2: total=301.17 ms, PRG=4.49 ms, comm=267.46 ms, GEMM=2.35 ms
Iter 3: total=335.93 ms, PRG=4.49 ms, comm=302.22 ms, GEMM=2.37 ms
Iter 4: total=311.82 ms, PRG=4.48 ms, comm=278.08 ms, GEMM=2.38 ms
Iter 5: total=299.74 ms, PRG=4.48 ms, comm=265.97 ms, GEMM=2.38 ms
Iter 6: total=299.66 ms, PRG=4.49 ms, comm=265.95 ms, GEMM=2.35 ms
Iter 7: total=301.09 ms, PRG=4.49 ms, comm=267.34 ms, GEMM=2.39 ms
Iter 8: total=299.34 ms, PRG=4.48 ms, comm=265.59 ms, GEMM=2.36 ms
Iter 9: total=308.62 ms, PRG=4.49 ms, comm=274.92 ms, GEMM=2.36 ms
Iter 10: total=303.53 ms, PRG=4.48 ms, comm=269.86 ms, GEMM=2.34 ms
Iter 11: total=306.77 ms, PRG=4.48 ms, comm=272.99 ms, GEMM=2.38 ms
Iter 12: total=299.76 ms, PRG=4.49 ms, comm=266.08 ms, GEMM=2.33 ms
Iter 13: total=301.65 ms, PRG=4.48 ms, comm=267.95 ms, GEMM=2.34 ms
Iter 14: total=300.20 ms, PRG=4.49 ms, comm=266.52 ms, GEMM=2.34 ms
Iter 15: total=301.80 ms, PRG=4.48 ms, comm=268.01 ms, GEMM=2.39 ms
Iter 16: total=300.28 ms, PRG=4.50 ms, comm=266.58 ms, GEMM=2.36 ms
Iter 17: total=303.90 ms, PRG=4.48 ms, comm=270.19 ms, GEMM=2.36 ms
Iter 18: total=337.81 ms, PRG=4.48 ms, comm=304.10 ms, GEMM=2.35 ms
Iter 19: total=299.33 ms, PRG=4.49 ms, comm=265.52 ms, GEMM=2.41 ms
Iter 20: total=300.23 ms, PRG=4.49 ms, comm=266.47 ms, GEMM=2.38 ms
Iter 21: total=299.15 ms, PRG=4.48 ms, comm=265.44 ms, GEMM=2.36 ms
Iter 22: total=302.24 ms, PRG=4.49 ms, comm=268.55 ms, GEMM=2.35 ms
Iter 23: total=304.08 ms, PRG=4.49 ms, comm=270.38 ms, GEMM=2.36 ms
Iter 24: total=302.18 ms, PRG=4.48 ms, comm=268.48 ms, GEMM=2.36 ms
Iter 25: total=301.72 ms, PRG=4.48 ms, comm=268.01 ms, GEMM=2.38 ms
Iter 26: total=313.81 ms, PRG=4.48 ms, comm=280.02 ms, GEMM=2.39 ms
Iter 27: total=304.98 ms, PRG=4.48 ms, comm=271.29 ms, GEMM=2.34 ms
Iter 28: total=301.00 ms, PRG=4.48 ms, comm=267.26 ms, GEMM=2.38 ms
Iter 29: total=304.30 ms, PRG=4.48 ms, comm=270.60 ms, GEMM=2.36 ms
Iter 30: total=301.72 ms, PRG=4.48 ms, comm=268.04 ms, GEMM=2.35 ms
Iter 31: total=302.69 ms, PRG=4.48 ms, comm=268.99 ms, GEMM=2.36 ms
Iter 32: total=311.10 ms, PRG=4.48 ms, comm=277.34 ms, GEMM=2.40 ms
Iter 33: total=303.53 ms, PRG=4.48 ms, comm=269.79 ms, GEMM=2.38 ms
Iter 34: total=303.37 ms, PRG=4.48 ms, comm=269.62 ms, GEMM=2.37 ms
Iter 35: total=303.22 ms, PRG=4.49 ms, comm=269.51 ms, GEMM=2.36 ms
Iter 36: total=302.22 ms, PRG=4.49 ms, comm=268.51 ms, GEMM=2.36 ms
Iter 37: total=333.67 ms, PRG=4.49 ms, comm=299.98 ms, GEMM=2.34 ms
Iter 38: total=321.24 ms, PRG=4.48 ms, comm=287.56 ms, GEMM=2.34 ms
Iter 39: total=304.65 ms, PRG=4.49 ms, comm=270.96 ms, GEMM=2.34 ms
Iter 40: total=303.72 ms, PRG=4.48 ms, comm=270.01 ms, GEMM=2.36 ms
Iter 41: total=304.00 ms, PRG=4.48 ms, comm=270.32 ms, GEMM=2.34 ms
Iter 42: total=301.86 ms, PRG=4.48 ms, comm=268.16 ms, GEMM=2.36 ms
Iter 43: total=334.13 ms, PRG=4.49 ms, comm=300.41 ms, GEMM=2.37 ms
Iter 44: total=305.86 ms, PRG=4.48 ms, comm=272.17 ms, GEMM=2.34 ms
Iter 45: total=300.16 ms, PRG=4.48 ms, comm=266.37 ms, GEMM=2.38 ms
Iter 46: total=301.37 ms, PRG=4.48 ms, comm=267.69 ms, GEMM=2.34 ms
Iter 47: total=301.35 ms, PRG=4.48 ms, comm=267.65 ms, GEMM=2.36 ms
Iter 48: total=311.51 ms, PRG=4.48 ms, comm=277.82 ms, GEMM=2.35 ms
Iter 49: total=301.24 ms, PRG=4.49 ms, comm=267.53 ms, GEMM=2.37 ms
Iter 50: total=300.34 ms, PRG=4.49 ms, comm=266.66 ms, GEMM=2.34 ms
Iter 51: total=300.55 ms, PRG=4.48 ms, comm=266.87 ms, GEMM=2.34 ms
Iter 52: total=302.34 ms, PRG=4.48 ms, comm=268.66 ms, GEMM=2.35 ms
Iter 53: total=303.04 ms, PRG=4.48 ms, comm=269.34 ms, GEMM=2.36 ms
Iter 54: total=302.04 ms, PRG=4.48 ms, comm=268.34 ms, GEMM=2.36 ms
Iter 55: total=301.53 ms, PRG=4.49 ms, comm=267.85 ms, GEMM=2.34 ms
Iter 56: total=302.47 ms, PRG=4.49 ms, comm=268.77 ms, GEMM=2.36 ms
Iter 57: total=302.99 ms, PRG=4.48 ms, comm=269.27 ms, GEMM=2.37 ms
Iter 58: total=317.21 ms, PRG=4.48 ms, comm=283.51 ms, GEMM=2.36 ms
Iter 59: total=301.13 ms, PRG=4.49 ms, comm=267.37 ms, GEMM=2.37 ms
Iter 60: total=300.58 ms, PRG=4.49 ms, comm=266.84 ms, GEMM=2.37 ms
Iter 61: total=306.50 ms, PRG=4.49 ms, comm=272.81 ms, GEMM=2.34 ms
Iter 62: total=299.70 ms, PRG=4.48 ms, comm=265.98 ms, GEMM=2.36 ms
Iter 63: total=302.13 ms, PRG=4.48 ms, comm=268.44 ms, GEMM=2.35 ms
Iter 64: total=308.57 ms, PRG=4.48 ms, comm=274.88 ms, GEMM=2.35 ms
Iter 65: total=302.28 ms, PRG=4.48 ms, comm=268.60 ms, GEMM=2.35 ms
Iter 66: total=300.28 ms, PRG=4.48 ms, comm=266.59 ms, GEMM=2.36 ms
Iter 67: total=300.50 ms, PRG=4.48 ms, comm=266.82 ms, GEMM=2.34 ms
Iter 68: total=314.89 ms, PRG=4.48 ms, comm=281.20 ms, GEMM=2.34 ms
Iter 69: total=301.15 ms, PRG=4.48 ms, comm=267.47 ms, GEMM=2.34 ms
Iter 70: total=305.89 ms, PRG=4.48 ms, comm=272.21 ms, GEMM=2.34 ms
Iter 71: total=300.64 ms, PRG=4.49 ms, comm=266.92 ms, GEMM=2.37 ms
Iter 72: total=301.73 ms, PRG=4.48 ms, comm=268.01 ms, GEMM=2.37 ms
Iter 73: total=301.56 ms, PRG=4.48 ms, comm=267.87 ms, GEMM=2.35 ms
Iter 74: total=301.54 ms, PRG=4.48 ms, comm=267.88 ms, GEMM=2.33 ms
Iter 75: total=304.41 ms, PRG=4.48 ms, comm=270.73 ms, GEMM=2.33 ms
Iter 76: total=301.29 ms, PRG=4.48 ms, comm=267.61 ms, GEMM=2.35 ms
Iter 77: total=308.65 ms, PRG=4.48 ms, comm=274.91 ms, GEMM=2.39 ms
Iter 78: total=303.98 ms, PRG=4.48 ms, comm=270.21 ms, GEMM=2.39 ms
Iter 79: total=302.10 ms, PRG=4.49 ms, comm=268.40 ms, GEMM=2.36 ms
Iter 80: total=303.48 ms, PRG=4.48 ms, comm=269.79 ms, GEMM=2.35 ms
Iter 81: total=300.58 ms, PRG=4.48 ms, comm=266.90 ms, GEMM=2.34 ms
Iter 82: total=300.10 ms, PRG=4.48 ms, comm=266.40 ms, GEMM=2.34 ms
Iter 83: total=300.59 ms, PRG=4.49 ms, comm=266.89 ms, GEMM=2.36 ms
Iter 84: total=300.17 ms, PRG=4.48 ms, comm=266.49 ms, GEMM=2.35 ms
Iter 85: total=301.30 ms, PRG=4.48 ms, comm=267.61 ms, GEMM=2.36 ms
Iter 86: total=301.26 ms, PRG=4.48 ms, comm=267.56 ms, GEMM=2.36 ms
Iter 87: total=303.21 ms, PRG=4.48 ms, comm=269.53 ms, GEMM=2.35 ms
Iter 88: total=313.56 ms, PRG=4.48 ms, comm=279.85 ms, GEMM=2.36 ms
Iter 89: total=301.50 ms, PRG=4.48 ms, comm=267.79 ms, GEMM=2.36 ms
Iter 90: total=322.49 ms, PRG=4.49 ms, comm=288.78 ms, GEMM=2.36 ms
Iter 91: total=328.70 ms, PRG=4.48 ms, comm=294.99 ms, GEMM=2.37 ms
Iter 92: total=300.90 ms, PRG=4.48 ms, comm=267.18 ms, GEMM=2.36 ms
Iter 93: total=303.13 ms, PRG=4.48 ms, comm=269.44 ms, GEMM=2.35 ms
Iter 94: total=301.31 ms, PRG=4.48 ms, comm=267.56 ms, GEMM=2.39 ms
Iter 95: total=304.32 ms, PRG=4.48 ms, comm=270.63 ms, GEMM=2.35 ms
Iter 96: total=300.91 ms, PRG=4.48 ms, comm=267.23 ms, GEMM=2.35 ms
Iter 97: total=321.18 ms, PRG=4.48 ms, comm=287.48 ms, GEMM=2.36 ms
Iter 98: total=301.61 ms, PRG=4.49 ms, comm=267.91 ms, GEMM=2.35 ms
Iter 99: total=301.22 ms, PRG=4.48 ms, comm=267.50 ms, GEMM=2.37 ms
Iter 100: total=300.64 ms, PRG=4.48 ms, comm=266.95 ms, GEMM=2.35 ms

╔══════════════════════════════════════════════════╗
║  Results (with A/B/C storage pressure)          ║
╠══════════════════════════════════════════════════╣
║  Matrix:      [8×4096] × [4096×11008] = [8×11008]   ║
║  Iterations:              100                     ║
║  Total time:            30.52 s                 ║
║  PRG time:               4.48 ms / iter         ║
║  Comm time:            271.48 ms / iter         ║
║  GEMM time:              2.36 ms / iter         ║
║  Comm bytes:    360.97 /   360.97 MB/iter     ║
║                                              ║
║  PRG throughput (A+B):      10064.53 M elems/s   ║
║  Gen throughput (A+B+C):     1341.11 M elems/s   ║
║  Total throughput (A+B+C):    148.14 M elems/s   ║
║                                              ║
║  PRG bandwidth  (A+B → SSD):     80.52 GB/s    ║
║  Gen bandwidth  (A+B+C→SSD):     10.73 GB/s    ║
║  Total bandwidth(A+B+C→SSD):      1.19 GB/s    ║
║                                              ║
║  GEMM throughput:                2.36 GOPS/s     ║
╚══════════════════════════════════════════════════╝

[Party 0] Communication per iter: Sent=360.972288 MB, Recv=360.972288 MB, Total=721.944576 MB
[Party 0] Communication total: Sent=36097.228800 MB, Recv=36097.228800 MB, Total=72194.457600 MB
