==== llama_W_QKV (8,4096,4096), iters=100 ====
[PCG] Loaded from /home/ylu18/luoresearch/2PC/results/llama2_experiment_20260505_024339/dummy_pcg/llama_W_QKV_party0.bin
[PCG] Matrix: [8×4096] × [4096×4096] = [8×4096], k=64-bit

╔═══════════════════════════════════════════════════════════╗
║  GPU Matrix Beaver Online                                 ║
║  Y = X × W                                                ║
╠═══════════════════════════════════════════════════════════╣
║  GPU: NVIDIA RTX A6000                               ║
║  Matrix: [8×4096] × [4096×4096] = [8×4096]                      
║  k_bits: 64                                              ║
║  iterations: 100                                         ║
╚═══════════════════════════════════════════════════════════╝

Iter 1: total=116.53 ms, PRG=1.61 ms, comm=103.77 ms, GEMM=1.11 ms
Iter 2: total=117.23 ms, PRG=1.60 ms, comm=104.49 ms, GEMM=1.09 ms
Iter 3: total=116.96 ms, PRG=1.61 ms, comm=104.21 ms, GEMM=1.09 ms
Iter 4: total=135.65 ms, PRG=1.60 ms, comm=122.85 ms, GEMM=1.10 ms
Iter 5: total=117.45 ms, PRG=1.61 ms, comm=104.70 ms, GEMM=1.09 ms
Iter 6: total=119.06 ms, PRG=1.61 ms, comm=106.32 ms, GEMM=1.08 ms
Iter 7: total=117.04 ms, PRG=1.61 ms, comm=104.28 ms, GEMM=1.09 ms
Iter 8: total=119.16 ms, PRG=1.60 ms, comm=106.39 ms, GEMM=1.09 ms
Iter 9: total=116.42 ms, PRG=1.61 ms, comm=103.70 ms, GEMM=1.08 ms
Iter 10: total=118.04 ms, PRG=1.60 ms, comm=105.29 ms, GEMM=1.09 ms
Iter 11: total=117.67 ms, PRG=1.60 ms, comm=104.91 ms, GEMM=1.09 ms
Iter 12: total=120.55 ms, PRG=1.60 ms, comm=107.79 ms, GEMM=1.11 ms
Iter 13: total=117.96 ms, PRG=1.68 ms, comm=105.13 ms, GEMM=1.11 ms
Iter 14: total=118.41 ms, PRG=1.67 ms, comm=105.58 ms, GEMM=1.11 ms
Iter 15: total=118.08 ms, PRG=1.68 ms, comm=105.25 ms, GEMM=1.11 ms
Iter 16: total=119.03 ms, PRG=1.67 ms, comm=106.20 ms, GEMM=1.11 ms
Iter 17: total=118.77 ms, PRG=1.69 ms, comm=105.91 ms, GEMM=1.12 ms
Iter 18: total=118.76 ms, PRG=1.69 ms, comm=105.90 ms, GEMM=1.12 ms
Iter 19: total=118.05 ms, PRG=1.68 ms, comm=105.19 ms, GEMM=1.13 ms
Iter 20: total=118.52 ms, PRG=1.68 ms, comm=105.67 ms, GEMM=1.12 ms
Iter 21: total=118.77 ms, PRG=1.68 ms, comm=105.94 ms, GEMM=1.11 ms
Iter 22: total=118.08 ms, PRG=1.68 ms, comm=105.26 ms, GEMM=1.11 ms
Iter 23: total=118.72 ms, PRG=1.67 ms, comm=105.88 ms, GEMM=1.12 ms
Iter 24: total=118.95 ms, PRG=1.67 ms, comm=106.11 ms, GEMM=1.12 ms
Iter 25: total=121.81 ms, PRG=1.67 ms, comm=108.96 ms, GEMM=1.12 ms
Iter 26: total=120.07 ms, PRG=1.67 ms, comm=107.22 ms, GEMM=1.12 ms
Iter 27: total=119.36 ms, PRG=1.68 ms, comm=106.53 ms, GEMM=1.11 ms
Iter 28: total=117.08 ms, PRG=1.68 ms, comm=104.22 ms, GEMM=1.12 ms
Iter 29: total=119.20 ms, PRG=1.68 ms, comm=106.32 ms, GEMM=1.12 ms
Iter 30: total=118.20 ms, PRG=1.68 ms, comm=105.36 ms, GEMM=1.11 ms
Iter 31: total=119.82 ms, PRG=1.67 ms, comm=106.97 ms, GEMM=1.12 ms
Iter 32: total=120.35 ms, PRG=1.68 ms, comm=107.52 ms, GEMM=1.11 ms
Iter 33: total=120.00 ms, PRG=1.68 ms, comm=107.17 ms, GEMM=1.11 ms
Iter 34: total=119.21 ms, PRG=1.68 ms, comm=106.28 ms, GEMM=1.13 ms
Iter 35: total=118.68 ms, PRG=1.68 ms, comm=105.84 ms, GEMM=1.11 ms
Iter 36: total=118.66 ms, PRG=1.67 ms, comm=105.84 ms, GEMM=1.11 ms
Iter 37: total=118.82 ms, PRG=1.68 ms, comm=106.00 ms, GEMM=1.11 ms
Iter 38: total=117.88 ms, PRG=1.68 ms, comm=105.03 ms, GEMM=1.12 ms
Iter 39: total=118.42 ms, PRG=1.68 ms, comm=105.57 ms, GEMM=1.12 ms
Iter 40: total=120.59 ms, PRG=1.68 ms, comm=107.73 ms, GEMM=1.12 ms
Iter 41: total=120.18 ms, PRG=1.67 ms, comm=107.35 ms, GEMM=1.11 ms
Iter 42: total=118.44 ms, PRG=1.68 ms, comm=105.59 ms, GEMM=1.12 ms
Iter 43: total=118.50 ms, PRG=1.68 ms, comm=105.64 ms, GEMM=1.12 ms
Iter 44: total=117.33 ms, PRG=1.68 ms, comm=104.48 ms, GEMM=1.12 ms
Iter 45: total=119.35 ms, PRG=1.67 ms, comm=106.46 ms, GEMM=1.14 ms
Iter 46: total=117.89 ms, PRG=1.68 ms, comm=105.02 ms, GEMM=1.12 ms
Iter 47: total=118.45 ms, PRG=1.68 ms, comm=105.60 ms, GEMM=1.12 ms
Iter 48: total=119.40 ms, PRG=1.67 ms, comm=106.58 ms, GEMM=1.11 ms
Iter 49: total=120.11 ms, PRG=1.68 ms, comm=107.26 ms, GEMM=1.12 ms
Iter 50: total=133.21 ms, PRG=1.67 ms, comm=120.36 ms, GEMM=1.12 ms
Iter 51: total=119.86 ms, PRG=1.68 ms, comm=106.99 ms, GEMM=1.13 ms
Iter 52: total=118.18 ms, PRG=1.68 ms, comm=105.32 ms, GEMM=1.12 ms
Iter 53: total=117.75 ms, PRG=1.67 ms, comm=104.90 ms, GEMM=1.12 ms
Iter 54: total=118.97 ms, PRG=1.68 ms, comm=106.11 ms, GEMM=1.12 ms
Iter 55: total=118.03 ms, PRG=1.67 ms, comm=105.19 ms, GEMM=1.12 ms
Iter 56: total=133.21 ms, PRG=1.68 ms, comm=120.34 ms, GEMM=1.12 ms
Iter 57: total=118.05 ms, PRG=1.68 ms, comm=105.19 ms, GEMM=1.12 ms
Iter 58: total=117.31 ms, PRG=1.68 ms, comm=104.48 ms, GEMM=1.11 ms
Iter 59: total=117.72 ms, PRG=1.68 ms, comm=104.90 ms, GEMM=1.11 ms
Iter 60: total=118.49 ms, PRG=1.68 ms, comm=105.45 ms, GEMM=1.13 ms
Iter 61: total=118.14 ms, PRG=1.68 ms, comm=105.31 ms, GEMM=1.11 ms
Iter 62: total=117.42 ms, PRG=1.68 ms, comm=104.59 ms, GEMM=1.11 ms
Iter 63: total=119.17 ms, PRG=1.68 ms, comm=106.32 ms, GEMM=1.12 ms
Iter 64: total=119.80 ms, PRG=1.68 ms, comm=106.95 ms, GEMM=1.12 ms
Iter 65: total=117.51 ms, PRG=1.68 ms, comm=104.65 ms, GEMM=1.12 ms
Iter 66: total=117.52 ms, PRG=1.68 ms, comm=104.66 ms, GEMM=1.12 ms
Iter 67: total=116.86 ms, PRG=1.68 ms, comm=104.01 ms, GEMM=1.12 ms
Iter 68: total=119.04 ms, PRG=1.67 ms, comm=106.19 ms, GEMM=1.12 ms
Iter 69: total=117.37 ms, PRG=1.68 ms, comm=104.52 ms, GEMM=1.12 ms
Iter 70: total=117.85 ms, PRG=1.68 ms, comm=105.00 ms, GEMM=1.12 ms
Iter 71: total=118.30 ms, PRG=1.67 ms, comm=105.44 ms, GEMM=1.13 ms
Iter 72: total=119.09 ms, PRG=1.67 ms, comm=106.23 ms, GEMM=1.12 ms
Iter 73: total=118.66 ms, PRG=1.68 ms, comm=105.82 ms, GEMM=1.11 ms
Iter 74: total=118.51 ms, PRG=1.68 ms, comm=105.68 ms, GEMM=1.11 ms
Iter 75: total=118.75 ms, PRG=1.67 ms, comm=105.93 ms, GEMM=1.11 ms
Iter 76: total=117.95 ms, PRG=1.67 ms, comm=105.12 ms, GEMM=1.11 ms
Iter 77: total=118.67 ms, PRG=1.68 ms, comm=105.85 ms, GEMM=1.11 ms
Iter 78: total=118.47 ms, PRG=1.68 ms, comm=105.53 ms, GEMM=1.13 ms
Iter 79: total=119.65 ms, PRG=1.69 ms, comm=106.81 ms, GEMM=1.11 ms
Iter 80: total=117.78 ms, PRG=1.68 ms, comm=104.95 ms, GEMM=1.11 ms
Iter 81: total=120.48 ms, PRG=1.68 ms, comm=107.65 ms, GEMM=1.11 ms
Iter 82: total=118.49 ms, PRG=1.68 ms, comm=105.66 ms, GEMM=1.11 ms
Iter 83: total=118.31 ms, PRG=1.68 ms, comm=105.45 ms, GEMM=1.12 ms
Iter 84: total=118.91 ms, PRG=1.68 ms, comm=106.09 ms, GEMM=1.11 ms
Iter 85: total=120.27 ms, PRG=1.68 ms, comm=107.45 ms, GEMM=1.11 ms
Iter 86: total=118.56 ms, PRG=1.68 ms, comm=105.74 ms, GEMM=1.11 ms
Iter 87: total=119.92 ms, PRG=1.67 ms, comm=107.10 ms, GEMM=1.11 ms
Iter 88: total=119.15 ms, PRG=1.68 ms, comm=106.29 ms, GEMM=1.12 ms
Iter 89: total=118.16 ms, PRG=1.68 ms, comm=105.33 ms, GEMM=1.11 ms
Iter 90: total=118.45 ms, PRG=1.67 ms, comm=105.60 ms, GEMM=1.12 ms
Iter 91: total=118.43 ms, PRG=1.67 ms, comm=105.61 ms, GEMM=1.11 ms
Iter 92: total=118.11 ms, PRG=1.68 ms, comm=105.29 ms, GEMM=1.11 ms
Iter 93: total=118.87 ms, PRG=1.68 ms, comm=106.01 ms, GEMM=1.12 ms
Iter 94: total=120.95 ms, PRG=1.67 ms, comm=108.13 ms, GEMM=1.11 ms
Iter 95: total=120.38 ms, PRG=1.67 ms, comm=107.52 ms, GEMM=1.12 ms
Iter 96: total=118.96 ms, PRG=1.67 ms, comm=106.14 ms, GEMM=1.11 ms
Iter 97: total=119.11 ms, PRG=1.67 ms, comm=106.28 ms, GEMM=1.11 ms
Iter 98: total=119.56 ms, PRG=1.67 ms, comm=106.74 ms, GEMM=1.11 ms
Iter 99: total=117.73 ms, PRG=1.68 ms, comm=104.88 ms, GEMM=1.12 ms
Iter 100: total=118.27 ms, PRG=1.67 ms, comm=105.41 ms, GEMM=1.12 ms

╔══════════════════════════════════════════════════╗
║  Results (with A/B/C storage pressure)          ║
╠══════════════════════════════════════════════════╣
║  Matrix:      [8×4096] × [4096×4096] = [8×4096]   ║
║  Iterations:              100                     ║
║  Total time:            11.91 s                 ║
║  PRG time:               1.67 ms / iter         ║
║  Comm time:            106.26 ms / iter         ║
║  GEMM time:              1.11 ms / iter         ║
║  Comm bytes:    134.48 /   134.48 MB/iter     ║
║                                              ║
║  PRG throughput (A+B):      10079.62 M elems/s   ║
║  Gen throughput (A+B+C):     1312.10 M elems/s   ║
║  Total throughput (A+B+C):    141.42 M elems/s   ║
║                                              ║
║  PRG bandwidth  (A+B → SSD):     80.64 GB/s    ║
║  Gen bandwidth  (A+B+C→SSD):     10.50 GB/s    ║
║  Total bandwidth(A+B+C→SSD):      1.13 GB/s    ║
║                                              ║
║  GEMM throughput:                2.25 GOPS/s     ║
╚══════════════════════════════════════════════════╝

[Party 0] Communication per iter: Sent=134.479872 MB, Recv=134.479872 MB, Total=268.959744 MB
[Party 0] Communication total: Sent=13447.987200 MB, Recv=13447.987200 MB, Total=26895.974400 MB
