==== llama_W_gateup (8,4096,11008), iters=100 ====
[PCG] Loaded from /home/ylu18/luoresearch/2PC/results/llama2_experiment_20260505_024339/dummy_pcg/llama_W_gateup_party0.bin
[PCG] Matrix: [8×4096] × [4096×11008] = [8×11008], k=64-bit

╔═══════════════════════════════════════════════════════════╗
║  GPU Matrix Beaver Online                                 ║
║  Y = X × W                                                ║
╠═══════════════════════════════════════════════════════════╣
║  GPU: NVIDIA RTX A6000                               ║
║  Matrix: [8×4096] × [4096×11008] = [8×11008]                      
║  k_bits: 64                                              ║
║  iterations: 100                                         ║
╚═══════════════════════════════════════════════════════════╝

Iter 1: total=305.74 ms, PRG=4.48 ms, comm=271.87 ms, GEMM=2.49 ms
Iter 2: total=308.57 ms, PRG=4.48 ms, comm=274.85 ms, GEMM=2.35 ms
Iter 3: total=309.55 ms, PRG=4.48 ms, comm=275.86 ms, GEMM=2.34 ms
Iter 4: total=301.77 ms, PRG=4.49 ms, comm=268.01 ms, GEMM=2.38 ms
Iter 5: total=306.48 ms, PRG=4.48 ms, comm=272.74 ms, GEMM=2.39 ms
Iter 6: total=305.96 ms, PRG=4.48 ms, comm=272.25 ms, GEMM=2.36 ms
Iter 7: total=314.65 ms, PRG=4.48 ms, comm=280.96 ms, GEMM=2.33 ms
Iter 8: total=305.30 ms, PRG=4.48 ms, comm=271.61 ms, GEMM=2.36 ms
Iter 9: total=309.37 ms, PRG=4.48 ms, comm=275.62 ms, GEMM=2.38 ms
Iter 10: total=334.60 ms, PRG=4.49 ms, comm=300.88 ms, GEMM=2.36 ms
Iter 11: total=301.97 ms, PRG=4.48 ms, comm=268.29 ms, GEMM=2.34 ms
Iter 12: total=301.46 ms, PRG=4.48 ms, comm=267.71 ms, GEMM=2.37 ms
Iter 13: total=305.33 ms, PRG=4.48 ms, comm=271.65 ms, GEMM=2.34 ms
Iter 14: total=302.94 ms, PRG=4.49 ms, comm=269.21 ms, GEMM=2.36 ms
Iter 15: total=304.89 ms, PRG=4.48 ms, comm=271.10 ms, GEMM=2.37 ms
Iter 16: total=303.77 ms, PRG=4.49 ms, comm=270.11 ms, GEMM=2.33 ms
Iter 17: total=302.14 ms, PRG=4.48 ms, comm=268.44 ms, GEMM=2.36 ms
Iter 18: total=303.73 ms, PRG=4.48 ms, comm=270.04 ms, GEMM=2.35 ms
Iter 19: total=303.26 ms, PRG=4.48 ms, comm=269.58 ms, GEMM=2.34 ms
Iter 20: total=305.77 ms, PRG=4.48 ms, comm=271.99 ms, GEMM=2.38 ms
Iter 21: total=303.00 ms, PRG=4.48 ms, comm=269.32 ms, GEMM=2.34 ms
Iter 22: total=305.27 ms, PRG=4.48 ms, comm=271.58 ms, GEMM=2.36 ms
Iter 23: total=304.10 ms, PRG=4.48 ms, comm=270.39 ms, GEMM=2.36 ms
Iter 24: total=309.22 ms, PRG=4.48 ms, comm=275.50 ms, GEMM=2.37 ms
Iter 25: total=304.45 ms, PRG=4.48 ms, comm=270.72 ms, GEMM=2.38 ms
Iter 26: total=303.75 ms, PRG=4.48 ms, comm=270.08 ms, GEMM=2.34 ms
Iter 27: total=303.98 ms, PRG=4.49 ms, comm=270.20 ms, GEMM=2.38 ms
Iter 28: total=303.90 ms, PRG=4.49 ms, comm=270.19 ms, GEMM=2.36 ms
Iter 29: total=305.81 ms, PRG=4.48 ms, comm=272.14 ms, GEMM=2.34 ms
Iter 30: total=303.89 ms, PRG=4.48 ms, comm=270.20 ms, GEMM=2.36 ms
Iter 31: total=311.44 ms, PRG=4.48 ms, comm=277.73 ms, GEMM=2.36 ms
Iter 32: total=305.86 ms, PRG=4.48 ms, comm=272.17 ms, GEMM=2.36 ms
Iter 33: total=307.48 ms, PRG=4.49 ms, comm=273.78 ms, GEMM=2.34 ms
Iter 34: total=314.10 ms, PRG=4.48 ms, comm=280.40 ms, GEMM=2.36 ms
Iter 35: total=303.93 ms, PRG=4.48 ms, comm=270.18 ms, GEMM=2.36 ms
Iter 36: total=305.91 ms, PRG=4.48 ms, comm=272.21 ms, GEMM=2.36 ms
Iter 37: total=303.44 ms, PRG=4.48 ms, comm=269.69 ms, GEMM=2.37 ms
Iter 38: total=304.97 ms, PRG=4.48 ms, comm=271.26 ms, GEMM=2.36 ms
Iter 39: total=320.10 ms, PRG=4.48 ms, comm=286.39 ms, GEMM=2.35 ms
Iter 40: total=306.42 ms, PRG=4.47 ms, comm=272.76 ms, GEMM=2.33 ms
Iter 41: total=303.65 ms, PRG=4.48 ms, comm=269.98 ms, GEMM=2.34 ms
Iter 42: total=307.89 ms, PRG=4.48 ms, comm=274.19 ms, GEMM=2.34 ms
Iter 43: total=302.44 ms, PRG=4.48 ms, comm=268.72 ms, GEMM=2.38 ms
Iter 44: total=333.14 ms, PRG=4.48 ms, comm=299.44 ms, GEMM=2.34 ms
Iter 45: total=309.07 ms, PRG=4.48 ms, comm=275.41 ms, GEMM=2.32 ms
Iter 46: total=319.60 ms, PRG=4.48 ms, comm=285.86 ms, GEMM=2.36 ms
Iter 47: total=302.75 ms, PRG=4.48 ms, comm=269.07 ms, GEMM=2.34 ms
Iter 48: total=303.72 ms, PRG=4.49 ms, comm=270.05 ms, GEMM=2.33 ms
Iter 49: total=309.09 ms, PRG=4.48 ms, comm=275.40 ms, GEMM=2.34 ms
Iter 50: total=305.45 ms, PRG=4.49 ms, comm=271.76 ms, GEMM=2.35 ms
Iter 51: total=319.69 ms, PRG=4.48 ms, comm=285.96 ms, GEMM=2.38 ms
Iter 52: total=314.16 ms, PRG=4.48 ms, comm=280.47 ms, GEMM=2.35 ms
Iter 53: total=309.53 ms, PRG=4.48 ms, comm=275.85 ms, GEMM=2.34 ms
Iter 54: total=305.28 ms, PRG=4.48 ms, comm=271.59 ms, GEMM=2.36 ms
Iter 55: total=310.91 ms, PRG=4.48 ms, comm=277.21 ms, GEMM=2.34 ms
Iter 56: total=319.39 ms, PRG=4.49 ms, comm=285.71 ms, GEMM=2.35 ms
Iter 57: total=306.66 ms, PRG=4.48 ms, comm=273.00 ms, GEMM=2.32 ms
Iter 58: total=305.83 ms, PRG=4.48 ms, comm=272.15 ms, GEMM=2.34 ms
Iter 59: total=335.57 ms, PRG=4.48 ms, comm=301.84 ms, GEMM=2.38 ms
Iter 60: total=326.54 ms, PRG=4.49 ms, comm=292.76 ms, GEMM=2.39 ms
Iter 61: total=305.74 ms, PRG=4.49 ms, comm=272.05 ms, GEMM=2.34 ms
Iter 62: total=304.79 ms, PRG=4.48 ms, comm=271.09 ms, GEMM=2.36 ms
Iter 63: total=305.16 ms, PRG=4.47 ms, comm=271.43 ms, GEMM=2.38 ms
Iter 64: total=321.73 ms, PRG=4.48 ms, comm=288.05 ms, GEMM=2.34 ms
Iter 65: total=307.48 ms, PRG=4.48 ms, comm=273.73 ms, GEMM=2.37 ms
Iter 66: total=316.79 ms, PRG=4.49 ms, comm=283.06 ms, GEMM=2.37 ms
Iter 67: total=306.33 ms, PRG=4.48 ms, comm=272.66 ms, GEMM=2.33 ms
Iter 68: total=304.81 ms, PRG=4.48 ms, comm=271.09 ms, GEMM=2.37 ms
Iter 69: total=306.75 ms, PRG=4.48 ms, comm=273.07 ms, GEMM=2.34 ms
Iter 70: total=315.75 ms, PRG=4.48 ms, comm=282.03 ms, GEMM=2.37 ms
Iter 71: total=305.76 ms, PRG=4.49 ms, comm=272.06 ms, GEMM=2.36 ms
Iter 72: total=304.50 ms, PRG=4.48 ms, comm=270.80 ms, GEMM=2.36 ms
Iter 73: total=305.31 ms, PRG=4.48 ms, comm=271.61 ms, GEMM=2.36 ms
Iter 74: total=307.32 ms, PRG=4.48 ms, comm=273.62 ms, GEMM=2.34 ms
Iter 75: total=308.99 ms, PRG=4.48 ms, comm=275.28 ms, GEMM=2.37 ms
Iter 76: total=313.25 ms, PRG=4.48 ms, comm=279.53 ms, GEMM=2.37 ms
Iter 77: total=307.29 ms, PRG=4.48 ms, comm=273.55 ms, GEMM=2.39 ms
Iter 78: total=305.03 ms, PRG=4.48 ms, comm=271.23 ms, GEMM=2.38 ms
Iter 79: total=304.71 ms, PRG=4.49 ms, comm=271.00 ms, GEMM=2.34 ms
Iter 80: total=307.74 ms, PRG=4.48 ms, comm=274.02 ms, GEMM=2.36 ms
Iter 81: total=304.17 ms, PRG=4.48 ms, comm=270.48 ms, GEMM=2.36 ms
Iter 82: total=309.16 ms, PRG=4.48 ms, comm=275.45 ms, GEMM=2.37 ms
Iter 83: total=305.33 ms, PRG=4.48 ms, comm=271.60 ms, GEMM=2.37 ms
Iter 84: total=306.96 ms, PRG=4.48 ms, comm=273.28 ms, GEMM=2.34 ms
Iter 85: total=307.35 ms, PRG=4.48 ms, comm=273.64 ms, GEMM=2.37 ms
Iter 86: total=314.81 ms, PRG=4.48 ms, comm=281.07 ms, GEMM=2.38 ms
Iter 87: total=305.34 ms, PRG=4.49 ms, comm=271.60 ms, GEMM=2.37 ms
Iter 88: total=305.79 ms, PRG=4.48 ms, comm=272.11 ms, GEMM=2.34 ms
Iter 89: total=305.85 ms, PRG=4.48 ms, comm=272.17 ms, GEMM=2.36 ms
Iter 90: total=331.39 ms, PRG=4.49 ms, comm=297.67 ms, GEMM=2.36 ms
Iter 91: total=305.78 ms, PRG=4.48 ms, comm=272.07 ms, GEMM=2.36 ms
Iter 92: total=307.24 ms, PRG=4.48 ms, comm=273.52 ms, GEMM=2.37 ms
Iter 93: total=305.48 ms, PRG=4.48 ms, comm=271.77 ms, GEMM=2.36 ms
Iter 94: total=305.99 ms, PRG=4.48 ms, comm=272.26 ms, GEMM=2.38 ms
Iter 95: total=310.57 ms, PRG=4.48 ms, comm=276.83 ms, GEMM=2.39 ms
Iter 96: total=311.86 ms, PRG=4.48 ms, comm=278.17 ms, GEMM=2.34 ms
Iter 97: total=303.52 ms, PRG=4.48 ms, comm=269.80 ms, GEMM=2.37 ms
Iter 98: total=304.79 ms, PRG=4.48 ms, comm=271.08 ms, GEMM=2.36 ms
Iter 99: total=305.83 ms, PRG=4.48 ms, comm=272.13 ms, GEMM=2.36 ms
Iter 100: total=306.49 ms, PRG=4.48 ms, comm=272.81 ms, GEMM=2.34 ms

╔══════════════════════════════════════════════════╗
║  Results (with A/B/C storage pressure)          ║
╠══════════════════════════════════════════════════╣
║  Matrix:      [8×4096] × [4096×11008] = [8×11008]   ║
║  Iterations:              100                     ║
║  Total time:            30.85 s                 ║
║  PRG time:               4.48 ms / iter         ║
║  Comm time:            274.77 ms / iter         ║
║  GEMM time:              2.36 ms / iter         ║
║  Comm bytes:    360.97 /   360.97 MB/iter     ║
║                                              ║
║  PRG throughput (A+B):      10068.21 M elems/s   ║
║  Gen throughput (A+B+C):     1341.14 M elems/s   ║
║  Total throughput (A+B+C):    146.56 M elems/s   ║
║                                              ║
║  PRG bandwidth  (A+B → SSD):     80.55 GB/s    ║
║  Gen bandwidth  (A+B+C→SSD):     10.73 GB/s    ║
║  Total bandwidth(A+B+C→SSD):      1.17 GB/s    ║
║                                              ║
║  GEMM throughput:                2.34 GOPS/s     ║
╚══════════════════════════════════════════════════╝

[Party 0] Communication per iter: Sent=360.972288 MB, Recv=360.972288 MB, Total=721.944576 MB
[Party 0] Communication total: Sent=36097.228800 MB, Recv=36097.228800 MB, Total=72194.457600 MB
