==== gpt2_W_QKV (128,768,768), iters=1000 ====
[PCG] Loaded from /home/ylu18/luoresearch/2PC/results/gpt2_hybrid_20260505_050608/brillm_dummy_pcg/gpt2_W_QKV_party0.bin
[PCG] Matrix: [128×768] × [768×768] = [128×768], k=64-bit

╔═══════════════════════════════════════════════════════════╗
║  GPU Matrix Beaver Online                                 ║
║  Y = X × W                                                ║
╠═══════════════════════════════════════════════════════════╣
║  GPU: NVIDIA RTX A6000                               ║
║  Matrix: [128×768] × [768×768] = [128×768]                      
║  k_bits: 64                                              ║
║  iterations: 1000                                         ║
╚═══════════════════════════════════════════════════════════╝

Iter 1: total=3.99 ms, PRG=0.07 ms, comm=2.98 ms, GEMM=0.32 ms
Iter 2: total=3.36 ms, PRG=0.07 ms, comm=2.43 ms, GEMM=0.28 ms
Iter 3: total=2.23 ms, PRG=0.07 ms, comm=1.26 ms, GEMM=0.29 ms
Iter 4: total=2.21 ms, PRG=0.07 ms, comm=1.25 ms, GEMM=0.28 ms
Iter 5: total=2.05 ms, PRG=0.07 ms, comm=1.09 ms, GEMM=0.28 ms
Iter 6: total=2.10 ms, PRG=0.07 ms, comm=1.14 ms, GEMM=0.28 ms
Iter 7: total=2.08 ms, PRG=0.07 ms, comm=1.11 ms, GEMM=0.28 ms
Iter 8: total=2.07 ms, PRG=0.07 ms, comm=1.11 ms, GEMM=0.28 ms
Iter 9: total=2.07 ms, PRG=0.07 ms, comm=1.11 ms, GEMM=0.28 ms
Iter 10: total=2.05 ms, PRG=0.07 ms, comm=1.09 ms, GEMM=0.28 ms
Iter 11: total=2.07 ms, PRG=0.07 ms, comm=1.10 ms, GEMM=0.28 ms
Iter 12: total=2.07 ms, PRG=0.07 ms, comm=1.10 ms, GEMM=0.28 ms
Iter 13: total=2.08 ms, PRG=0.07 ms, comm=1.12 ms, GEMM=0.28 ms
Iter 14: total=2.03 ms, PRG=0.07 ms, comm=1.07 ms, GEMM=0.28 ms
Iter 15: total=1.99 ms, PRG=0.07 ms, comm=1.03 ms, GEMM=0.27 ms
Iter 16: total=1.99 ms, PRG=0.07 ms, comm=1.04 ms, GEMM=0.27 ms
Iter 17: total=2.00 ms, PRG=0.07 ms, comm=1.05 ms, GEMM=0.27 ms
Iter 18: total=2.01 ms, PRG=0.07 ms, comm=1.06 ms, GEMM=0.27 ms
Iter 19: total=2.00 ms, PRG=0.07 ms, comm=1.06 ms, GEMM=0.27 ms
Iter 20: total=2.00 ms, PRG=0.07 ms, comm=1.05 ms, GEMM=0.27 ms
Iter 21: total=2.04 ms, PRG=0.07 ms, comm=1.09 ms, GEMM=0.27 ms
Iter 22: total=2.00 ms, PRG=0.07 ms, comm=1.05 ms, GEMM=0.27 ms
Iter 23: total=2.00 ms, PRG=0.07 ms, comm=1.05 ms, GEMM=0.28 ms
Iter 24: total=2.00 ms, PRG=0.07 ms, comm=1.05 ms, GEMM=0.27 ms
Iter 25: total=2.03 ms, PRG=0.07 ms, comm=1.08 ms, GEMM=0.27 ms
Iter 26: total=2.01 ms, PRG=0.07 ms, comm=1.07 ms, GEMM=0.27 ms
Iter 27: total=2.01 ms, PRG=0.07 ms, comm=1.06 ms, GEMM=0.27 ms
Iter 28: total=2.00 ms, PRG=0.07 ms, comm=1.05 ms, GEMM=0.27 ms
Iter 29: total=1.99 ms, PRG=0.07 ms, comm=1.04 ms, GEMM=0.27 ms
Iter 30: total=1.99 ms, PRG=0.07 ms, comm=1.05 ms, GEMM=0.28 ms
Iter 31: total=1.99 ms, PRG=0.07 ms, comm=1.05 ms, GEMM=0.28 ms
Iter 32: total=2.01 ms, PRG=0.07 ms, comm=1.06 ms, GEMM=0.27 ms
Iter 33: total=2.01 ms, PRG=0.07 ms, comm=1.07 ms, GEMM=0.27 ms
Iter 34: total=2.00 ms, PRG=0.07 ms, comm=1.05 ms, GEMM=0.28 ms
Iter 35: total=2.01 ms, PRG=0.07 ms, comm=1.06 ms, GEMM=0.27 ms
Iter 36: total=2.00 ms, PRG=0.07 ms, comm=1.05 ms, GEMM=0.27 ms
Iter 37: total=2.01 ms, PRG=0.07 ms, comm=1.07 ms, GEMM=0.27 ms
Iter 38: total=2.00 ms, PRG=0.07 ms, comm=1.06 ms, GEMM=0.27 ms
Iter 39: total=2.01 ms, PRG=0.07 ms, comm=1.06 ms, GEMM=0.27 ms
Iter 40: total=2.01 ms, PRG=0.07 ms, comm=1.06 ms, GEMM=0.27 ms
Iter 41: total=2.01 ms, PRG=0.07 ms, comm=1.06 ms, GEMM=0.27 ms
Iter 42: total=1.98 ms, PRG=0.07 ms, comm=1.04 ms, GEMM=0.27 ms
Iter 43: total=2.02 ms, PRG=0.07 ms, comm=1.07 ms, GEMM=0.27 ms
Iter 44: total=2.01 ms, PRG=0.07 ms, comm=1.06 ms, GEMM=0.27 ms
Iter 45: total=2.01 ms, PRG=0.07 ms, comm=1.06 ms, GEMM=0.27 ms
Iter 46: total=1.99 ms, PRG=0.07 ms, comm=1.05 ms, GEMM=0.27 ms
Iter 47: total=2.02 ms, PRG=0.07 ms, comm=1.07 ms, GEMM=0.27 ms
Iter 48: total=1.99 ms, PRG=0.07 ms, comm=1.04 ms, GEMM=0.27 ms
Iter 49: total=2.03 ms, PRG=0.07 ms, comm=1.08 ms, GEMM=0.27 ms
Iter 50: total=2.02 ms, PRG=0.07 ms, comm=1.07 ms, GEMM=0.27 ms
Iter 51: total=1.99 ms, PRG=0.07 ms, comm=1.05 ms, GEMM=0.27 ms
Iter 52: total=2.01 ms, PRG=0.07 ms, comm=1.06 ms, GEMM=0.27 ms
Iter 53: total=2.00 ms, PRG=0.07 ms, comm=1.05 ms, GEMM=0.28 ms
Iter 54: total=2.01 ms, PRG=0.07 ms, comm=1.06 ms, GEMM=0.27 ms
Iter 55: total=1.99 ms, PRG=0.07 ms, comm=1.05 ms, GEMM=0.27 ms
Iter 56: total=2.00 ms, PRG=0.07 ms, comm=1.06 ms, GEMM=0.27 ms
Iter 57: total=1.99 ms, PRG=0.07 ms, comm=1.05 ms, GEMM=0.27 ms
Iter 58: total=1.99 ms, PRG=0.07 ms, comm=1.05 ms, GEMM=0.27 ms
Iter 59: total=1.99 ms, PRG=0.07 ms, comm=1.04 ms, GEMM=0.27 ms
Iter 60: total=1.98 ms, PRG=0.07 ms, comm=1.04 ms, GEMM=0.27 ms
Iter 61: total=2.01 ms, PRG=0.07 ms, comm=1.07 ms, GEMM=0.27 ms
Iter 62: total=1.99 ms, PRG=0.07 ms, comm=1.04 ms, GEMM=0.27 ms
Iter 63: total=2.00 ms, PRG=0.07 ms, comm=1.06 ms, GEMM=0.27 ms
Iter 64: total=2.01 ms, PRG=0.07 ms, comm=1.07 ms, GEMM=0.27 ms
Iter 65: total=2.02 ms, PRG=0.07 ms, comm=1.07 ms, GEMM=0.27 ms
Iter 66: total=2.01 ms, PRG=0.07 ms, comm=1.06 ms, GEMM=0.27 ms
Iter 67: total=2.02 ms, PRG=0.07 ms, comm=1.07 ms, GEMM=0.27 ms
Iter 68: total=1.99 ms, PRG=0.07 ms, comm=1.05 ms, GEMM=0.27 ms
Iter 69: total=2.00 ms, PRG=0.07 ms, comm=1.05 ms, GEMM=0.27 ms
Iter 70: total=2.02 ms, PRG=0.07 ms, comm=1.08 ms, GEMM=0.27 ms
Iter 71: total=2.01 ms, PRG=0.07 ms, comm=1.07 ms, GEMM=0.27 ms
Iter 72: total=2.02 ms, PRG=0.07 ms, comm=1.07 ms, GEMM=0.27 ms
Iter 73: total=2.01 ms, PRG=0.07 ms, comm=1.06 ms, GEMM=0.27 ms
Iter 74: total=1.99 ms, PRG=0.07 ms, comm=1.05 ms, GEMM=0.27 ms
Iter 75: total=1.98 ms, PRG=0.07 ms, comm=1.04 ms, GEMM=0.27 ms
Iter 76: total=2.00 ms, PRG=0.07 ms, comm=1.05 ms, GEMM=0.27 ms
Iter 77: total=1.99 ms, PRG=0.07 ms, comm=1.05 ms, GEMM=0.27 ms
Iter 78: total=2.00 ms, PRG=0.07 ms, comm=1.05 ms, GEMM=0.27 ms
Iter 79: total=2.00 ms, PRG=0.07 ms, comm=1.06 ms, GEMM=0.27 ms
Iter 80: total=1.97 ms, PRG=0.07 ms, comm=1.07 ms, GEMM=0.27 ms
Iter 81: total=2.08 ms, PRG=0.07 ms, comm=1.14 ms, GEMM=0.27 ms
Iter 82: total=2.02 ms, PRG=0.07 ms, comm=1.08 ms, GEMM=0.27 ms
Iter 83: total=2.01 ms, PRG=0.07 ms, comm=1.06 ms, GEMM=0.27 ms
Iter 84: total=2.00 ms, PRG=0.07 ms, comm=1.05 ms, GEMM=0.27 ms
Iter 85: total=2.03 ms, PRG=0.07 ms, comm=1.07 ms, GEMM=0.27 ms
Iter 86: total=1.99 ms, PRG=0.07 ms, comm=1.04 ms, GEMM=0.27 ms
Iter 87: total=2.02 ms, PRG=0.07 ms, comm=1.07 ms, GEMM=0.27 ms
Iter 88: total=2.03 ms, PRG=0.07 ms, comm=1.08 ms, GEMM=0.27 ms
Iter 89: total=1.99 ms, PRG=0.07 ms, comm=1.04 ms, GEMM=0.27 ms
Iter 90: total=2.00 ms, PRG=0.07 ms, comm=1.05 ms, GEMM=0.27 ms
Iter 91: total=1.98 ms, PRG=0.07 ms, comm=1.05 ms, GEMM=0.27 ms
Iter 92: total=1.99 ms, PRG=0.07 ms, comm=1.05 ms, GEMM=0.27 ms
Iter 93: total=1.99 ms, PRG=0.07 ms, comm=1.05 ms, GEMM=0.27 ms
Iter 94: total=2.02 ms, PRG=0.07 ms, comm=1.07 ms, GEMM=0.28 ms
Iter 95: total=2.03 ms, PRG=0.07 ms, comm=1.08 ms, GEMM=0.27 ms
Iter 96: total=2.03 ms, PRG=0.07 ms, comm=1.10 ms, GEMM=0.27 ms
Iter 97: total=2.00 ms, PRG=0.07 ms, comm=1.06 ms, GEMM=0.27 ms
Iter 98: total=2.01 ms, PRG=0.07 ms, comm=1.06 ms, GEMM=0.28 ms
Iter 99: total=1.99 ms, PRG=0.07 ms, comm=1.05 ms, GEMM=0.27 ms
Iter 100: total=1.99 ms, PRG=0.07 ms, comm=1.05 ms, GEMM=0.27 ms
Iter 101: total=2.01 ms, PRG=0.07 ms, comm=1.06 ms, GEMM=0.27 ms
Iter 102: total=2.01 ms, PRG=0.07 ms, comm=1.06 ms, GEMM=0.27 ms
Iter 103: total=1.99 ms, PRG=0.07 ms, comm=1.05 ms, GEMM=0.27 ms
Iter 104: total=2.00 ms, PRG=0.07 ms, comm=1.05 ms, GEMM=0.27 ms
Iter 105: total=1.99 ms, PRG=0.07 ms, comm=1.05 ms, GEMM=0.27 ms
Iter 106: total=2.00 ms, PRG=0.07 ms, comm=1.05 ms, GEMM=0.27 ms
Iter 107: total=1.99 ms, PRG=0.07 ms, comm=1.04 ms, GEMM=0.27 ms
Iter 108: total=2.00 ms, PRG=0.07 ms, comm=1.05 ms, GEMM=0.28 ms
Iter 109: total=2.00 ms, PRG=0.07 ms, comm=1.06 ms, GEMM=0.27 ms
Iter 110: total=2.02 ms, PRG=0.07 ms, comm=1.07 ms, GEMM=0.27 ms
Iter 111: total=2.00 ms, PRG=0.07 ms, comm=1.05 ms, GEMM=0.27 ms
Iter 112: total=2.01 ms, PRG=0.07 ms, comm=1.06 ms, GEMM=0.27 ms
Iter 113: total=2.00 ms, PRG=0.07 ms, comm=1.05 ms, GEMM=0.27 ms
Iter 114: total=2.00 ms, PRG=0.07 ms, comm=1.05 ms, GEMM=0.27 ms
Iter 115: total=1.98 ms, PRG=0.07 ms, comm=1.04 ms, GEMM=0.27 ms
Iter 116: total=2.01 ms, PRG=0.07 ms, comm=1.06 ms, GEMM=0.27 ms
Iter 117: total=1.99 ms, PRG=0.07 ms, comm=1.04 ms, GEMM=0.27 ms
Iter 118: total=2.01 ms, PRG=0.07 ms, comm=1.06 ms, GEMM=0.28 ms
Iter 119: total=2.00 ms, PRG=0.07 ms, comm=1.06 ms, GEMM=0.27 ms
Iter 120: total=2.02 ms, PRG=0.07 ms, comm=1.07 ms, GEMM=0.27 ms
Iter 121: total=2.01 ms, PRG=0.07 ms, comm=1.07 ms, GEMM=0.27 ms
Iter 122: total=2.00 ms, PRG=0.07 ms, comm=1.05 ms, GEMM=0.27 ms
Iter 123: total=2.00 ms, PRG=0.07 ms, comm=1.05 ms, GEMM=0.27 ms
Iter 124: total=1.99 ms, PRG=0.07 ms, comm=1.05 ms, GEMM=0.27 ms
Iter 125: total=2.01 ms, PRG=0.07 ms, comm=1.06 ms, GEMM=0.27 ms
Iter 126: total=2.00 ms, PRG=0.07 ms, comm=1.06 ms, GEMM=0.27 ms
Iter 127: total=2.03 ms, PRG=0.07 ms, comm=1.08 ms, GEMM=0.27 ms
Iter 128: total=2.01 ms, PRG=0.07 ms, comm=1.06 ms, GEMM=0.27 ms
Iter 129: total=2.00 ms, PRG=0.07 ms, comm=1.06 ms, GEMM=0.27 ms
Iter 130: total=2.01 ms, PRG=0.07 ms, comm=1.06 ms, GEMM=0.27 ms
Iter 131: total=2.00 ms, PRG=0.07 ms, comm=1.05 ms, GEMM=0.27 ms
Iter 132: total=1.99 ms, PRG=0.07 ms, comm=1.04 ms, GEMM=0.27 ms
Iter 133: total=2.01 ms, PRG=0.07 ms, comm=1.06 ms, GEMM=0.27 ms
Iter 134: total=2.01 ms, PRG=0.07 ms, comm=1.06 ms, GEMM=0.27 ms
Iter 135: total=1.99 ms, PRG=0.07 ms, comm=1.04 ms, GEMM=0.27 ms
Iter 136: total=2.01 ms, PRG=0.07 ms, comm=1.06 ms, GEMM=0.27 ms
Iter 137: total=2.01 ms, PRG=0.07 ms, comm=1.06 ms, GEMM=0.27 ms
Iter 138: total=2.03 ms, PRG=0.07 ms, comm=1.08 ms, GEMM=0.27 ms
Iter 139: total=2.01 ms, PRG=0.07 ms, comm=1.07 ms, GEMM=0.27 ms
Iter 140: total=2.01 ms, PRG=0.07 ms, comm=1.07 ms, GEMM=0.27 ms
Iter 141: total=2.01 ms, PRG=0.07 ms, comm=1.06 ms, GEMM=0.27 ms
Iter 142: total=2.00 ms, PRG=0.07 ms, comm=1.05 ms, GEMM=0.28 ms
Iter 143: total=2.01 ms, PRG=0.07 ms, comm=1.06 ms, GEMM=0.27 ms
Iter 144: total=2.03 ms, PRG=0.07 ms, comm=1.08 ms, GEMM=0.28 ms
Iter 145: total=2.01 ms, PRG=0.07 ms, comm=1.07 ms, GEMM=0.27 ms
Iter 146: total=2.01 ms, PRG=0.07 ms, comm=1.06 ms, GEMM=0.27 ms
Iter 147: total=2.01 ms, PRG=0.07 ms, comm=1.06 ms, GEMM=0.27 ms
Iter 148: total=2.01 ms, PRG=0.07 ms, comm=1.06 ms, GEMM=0.27 ms
Iter 149: total=2.02 ms, PRG=0.07 ms, comm=1.07 ms, GEMM=0.27 ms
Iter 150: total=2.03 ms, PRG=0.07 ms, comm=1.08 ms, GEMM=0.28 ms
Iter 151: total=2.01 ms, PRG=0.07 ms, comm=1.06 ms, GEMM=0.27 ms
Iter 152: total=2.02 ms, PRG=0.07 ms, comm=1.07 ms, GEMM=0.27 ms
Iter 153: total=2.01 ms, PRG=0.07 ms, comm=1.06 ms, GEMM=0.27 ms
Iter 154: total=2.02 ms, PRG=0.07 ms, comm=1.07 ms, GEMM=0.27 ms
Iter 155: total=2.01 ms, PRG=0.07 ms, comm=1.06 ms, GEMM=0.27 ms
Iter 156: total=2.02 ms, PRG=0.07 ms, comm=1.07 ms, GEMM=0.27 ms
Iter 157: total=2.02 ms, PRG=0.07 ms, comm=1.06 ms, GEMM=0.27 ms
Iter 158: total=2.00 ms, PRG=0.07 ms, comm=1.06 ms, GEMM=0.27 ms
Iter 159: total=2.02 ms, PRG=0.07 ms, comm=1.08 ms, GEMM=0.27 ms
Iter 160: total=1.99 ms, PRG=0.07 ms, comm=1.05 ms, GEMM=0.27 ms
Iter 161: total=2.02 ms, PRG=0.07 ms, comm=1.07 ms, GEMM=0.27 ms
Iter 162: total=2.02 ms, PRG=0.07 ms, comm=1.07 ms, GEMM=0.27 ms
Iter 163: total=2.00 ms, PRG=0.07 ms, comm=1.06 ms, GEMM=0.27 ms
Iter 164: total=2.00 ms, PRG=0.07 ms, comm=1.07 ms, GEMM=0.28 ms
Iter 165: total=2.02 ms, PRG=0.07 ms, comm=1.07 ms, GEMM=0.27 ms
Iter 166: total=2.00 ms, PRG=0.07 ms, comm=1.05 ms, GEMM=0.27 ms
Iter 167: total=2.01 ms, PRG=0.07 ms, comm=1.06 ms, GEMM=0.27 ms
Iter 168: total=2.05 ms, PRG=0.07 ms, comm=1.10 ms, GEMM=0.27 ms
Iter 169: total=2.00 ms, PRG=0.07 ms, comm=1.05 ms, GEMM=0.27 ms
Iter 170: total=2.00 ms, PRG=0.07 ms, comm=1.05 ms, GEMM=0.27 ms
Iter 171: total=2.04 ms, PRG=0.07 ms, comm=1.09 ms, GEMM=0.27 ms
Iter 172: total=2.01 ms, PRG=0.07 ms, comm=1.06 ms, GEMM=0.27 ms
Iter 173: total=2.00 ms, PRG=0.07 ms, comm=1.05 ms, GEMM=0.27 ms
Iter 174: total=2.02 ms, PRG=0.07 ms, comm=1.06 ms, GEMM=0.28 ms
Iter 175: total=2.02 ms, PRG=0.07 ms, comm=1.07 ms, GEMM=0.28 ms
Iter 176: total=2.00 ms, PRG=0.07 ms, comm=1.06 ms, GEMM=0.27 ms
Iter 177: total=2.01 ms, PRG=0.07 ms, comm=1.06 ms, GEMM=0.27 ms
Iter 178: total=2.00 ms, PRG=0.07 ms, comm=1.06 ms, GEMM=0.27 ms
Iter 179: total=2.00 ms, PRG=0.07 ms, comm=1.06 ms, GEMM=0.27 ms
Iter 180: total=2.00 ms, PRG=0.07 ms, comm=1.05 ms, GEMM=0.28 ms
Iter 181: total=1.99 ms, PRG=0.07 ms, comm=1.05 ms, GEMM=0.27 ms
Iter 182: total=2.00 ms, PRG=0.07 ms, comm=1.06 ms, GEMM=0.27 ms
Iter 183: total=2.00 ms, PRG=0.07 ms, comm=1.06 ms, GEMM=0.27 ms
Iter 184: total=2.03 ms, PRG=0.07 ms, comm=1.08 ms, GEMM=0.27 ms
Iter 185: total=2.02 ms, PRG=0.07 ms, comm=1.07 ms, GEMM=0.27 ms
Iter 186: total=2.02 ms, PRG=0.07 ms, comm=1.07 ms, GEMM=0.27 ms
Iter 187: total=1.99 ms, PRG=0.07 ms, comm=1.05 ms, GEMM=0.27 ms
Iter 188: total=1.97 ms, PRG=0.07 ms, comm=1.04 ms, GEMM=0.28 ms
Iter 189: total=1.99 ms, PRG=0.07 ms, comm=1.05 ms, GEMM=0.27 ms
Iter 190: total=2.01 ms, PRG=0.07 ms, comm=1.06 ms, GEMM=0.27 ms
Iter 191: total=2.02 ms, PRG=0.07 ms, comm=1.07 ms, GEMM=0.27 ms
Iter 192: total=2.01 ms, PRG=0.07 ms, comm=1.07 ms, GEMM=0.27 ms
Iter 193: total=2.01 ms, PRG=0.07 ms, comm=1.07 ms, GEMM=0.27 ms
Iter 194: total=2.02 ms, PRG=0.07 ms, comm=1.08 ms, GEMM=0.27 ms
Iter 195: total=2.01 ms, PRG=0.07 ms, comm=1.07 ms, GEMM=0.27 ms
Iter 196: total=2.00 ms, PRG=0.07 ms, comm=1.05 ms, GEMM=0.27 ms
Iter 197: total=2.01 ms, PRG=0.07 ms, comm=1.07 ms, GEMM=0.27 ms
Iter 198: total=2.01 ms, PRG=0.07 ms, comm=1.06 ms, GEMM=0.27 ms
Iter 199: total=2.00 ms, PRG=0.07 ms, comm=1.06 ms, GEMM=0.27 ms
Iter 200: total=2.03 ms, PRG=0.07 ms, comm=1.08 ms, GEMM=0.28 ms
Iter 201: total=2.01 ms, PRG=0.07 ms, comm=1.06 ms, GEMM=0.27 ms
Iter 202: total=2.01 ms, PRG=0.07 ms, comm=1.06 ms, GEMM=0.27 ms
Iter 203: total=2.02 ms, PRG=0.07 ms, comm=1.07 ms, GEMM=0.27 ms
Iter 204: total=2.04 ms, PRG=0.07 ms, comm=1.10 ms, GEMM=0.27 ms
Iter 205: total=2.00 ms, PRG=0.07 ms, comm=1.06 ms, GEMM=0.27 ms
Iter 206: total=2.01 ms, PRG=0.07 ms, comm=1.06 ms, GEMM=0.27 ms
Iter 207: total=2.04 ms, PRG=0.07 ms, comm=1.10 ms, GEMM=0.27 ms
Iter 208: total=2.02 ms, PRG=0.07 ms, comm=1.07 ms, GEMM=0.27 ms
Iter 209: total=2.00 ms, PRG=0.07 ms, comm=1.05 ms, GEMM=0.28 ms
Iter 210: total=2.02 ms, PRG=0.07 ms, comm=1.06 ms, GEMM=0.28 ms
Iter 211: total=2.00 ms, PRG=0.07 ms, comm=1.05 ms, GEMM=0.28 ms
Iter 212: total=2.01 ms, PRG=0.07 ms, comm=1.06 ms, GEMM=0.27 ms
Iter 213: total=1.95 ms, PRG=0.07 ms, comm=1.06 ms, GEMM=0.28 ms
Iter 214: total=1.98 ms, PRG=0.07 ms, comm=1.11 ms, GEMM=0.27 ms
Iter 215: total=1.98 ms, PRG=0.07 ms, comm=1.11 ms, GEMM=0.27 ms
Iter 216: total=2.07 ms, PRG=0.07 ms, comm=1.14 ms, GEMM=0.27 ms
Iter 217: total=2.03 ms, PRG=0.07 ms, comm=1.09 ms, GEMM=0.27 ms
Iter 218: total=2.02 ms, PRG=0.07 ms, comm=1.08 ms, GEMM=0.27 ms
Iter 219: total=2.02 ms, PRG=0.07 ms, comm=1.07 ms, GEMM=0.27 ms
Iter 220: total=2.01 ms, PRG=0.07 ms, comm=1.07 ms, GEMM=0.27 ms
Iter 221: total=2.00 ms, PRG=0.07 ms, comm=1.05 ms, GEMM=0.27 ms
Iter 222: total=2.00 ms, PRG=0.07 ms, comm=1.05 ms, GEMM=0.27 ms
Iter 223: total=2.02 ms, PRG=0.07 ms, comm=1.07 ms, GEMM=0.27 ms
Iter 224: total=2.02 ms, PRG=0.07 ms, comm=1.08 ms, GEMM=0.27 ms
Iter 225: total=2.00 ms, PRG=0.07 ms, comm=1.06 ms, GEMM=0.27 ms
Iter 226: total=2.01 ms, PRG=0.07 ms, comm=1.06 ms, GEMM=0.27 ms
Iter 227: total=2.02 ms, PRG=0.07 ms, comm=1.07 ms, GEMM=0.27 ms
Iter 228: total=2.00 ms, PRG=0.07 ms, comm=1.06 ms, GEMM=0.27 ms
Iter 229: total=2.01 ms, PRG=0.07 ms, comm=1.07 ms, GEMM=0.27 ms
Iter 230: total=2.03 ms, PRG=0.07 ms, comm=1.06 ms, GEMM=0.27 ms
Iter 231: total=1.99 ms, PRG=0.07 ms, comm=1.08 ms, GEMM=0.27 ms
Iter 232: total=2.05 ms, PRG=0.07 ms, comm=1.12 ms, GEMM=0.27 ms
Iter 233: total=2.05 ms, PRG=0.07 ms, comm=1.10 ms, GEMM=0.28 ms
Iter 234: total=2.00 ms, PRG=0.07 ms, comm=1.06 ms, GEMM=0.27 ms
Iter 235: total=2.01 ms, PRG=0.07 ms, comm=1.06 ms, GEMM=0.27 ms
Iter 236: total=2.01 ms, PRG=0.07 ms, comm=1.06 ms, GEMM=0.27 ms
Iter 237: total=2.00 ms, PRG=0.07 ms, comm=1.07 ms, GEMM=0.28 ms
Iter 238: total=2.01 ms, PRG=0.07 ms, comm=1.06 ms, GEMM=0.27 ms
Iter 239: total=2.04 ms, PRG=0.07 ms, comm=1.08 ms, GEMM=0.27 ms
Iter 240: total=2.00 ms, PRG=0.07 ms, comm=1.05 ms, GEMM=0.27 ms
Iter 241: total=2.04 ms, PRG=0.07 ms, comm=1.08 ms, GEMM=0.28 ms
Iter 242: total=2.00 ms, PRG=0.07 ms, comm=1.05 ms, GEMM=0.27 ms
Iter 243: total=2.00 ms, PRG=0.07 ms, comm=1.05 ms, GEMM=0.27 ms
Iter 244: total=2.01 ms, PRG=0.07 ms, comm=1.06 ms, GEMM=0.27 ms
Iter 245: total=2.02 ms, PRG=0.07 ms, comm=1.07 ms, GEMM=0.27 ms
Iter 246: total=2.00 ms, PRG=0.07 ms, comm=1.05 ms, GEMM=0.27 ms
Iter 247: total=2.01 ms, PRG=0.07 ms, comm=1.06 ms, GEMM=0.27 ms
Iter 248: total=2.01 ms, PRG=0.07 ms, comm=1.07 ms, GEMM=0.27 ms
Iter 249: total=2.00 ms, PRG=0.07 ms, comm=1.05 ms, GEMM=0.27 ms
Iter 250: total=2.01 ms, PRG=0.07 ms, comm=1.06 ms, GEMM=0.27 ms
Iter 251: total=2.00 ms, PRG=0.07 ms, comm=1.05 ms, GEMM=0.27 ms
Iter 252: total=2.01 ms, PRG=0.07 ms, comm=1.06 ms, GEMM=0.27 ms
Iter 253: total=2.01 ms, PRG=0.07 ms, comm=1.06 ms, GEMM=0.27 ms
Iter 254: total=2.01 ms, PRG=0.07 ms, comm=1.06 ms, GEMM=0.27 ms
Iter 255: total=2.00 ms, PRG=0.07 ms, comm=1.05 ms, GEMM=0.27 ms
Iter 256: total=2.01 ms, PRG=0.07 ms, comm=1.06 ms, GEMM=0.27 ms
Iter 257: total=2.00 ms, PRG=0.07 ms, comm=1.06 ms, GEMM=0.27 ms
Iter 258: total=2.02 ms, PRG=0.07 ms, comm=1.07 ms, GEMM=0.27 ms
Iter 259: total=2.00 ms, PRG=0.07 ms, comm=1.06 ms, GEMM=0.27 ms
Iter 260: total=1.97 ms, PRG=0.07 ms, comm=1.06 ms, GEMM=0.27 ms
Iter 261: total=2.03 ms, PRG=0.07 ms, comm=1.10 ms, GEMM=0.27 ms
Iter 262: total=2.02 ms, PRG=0.07 ms, comm=1.07 ms, GEMM=0.27 ms
Iter 263: total=2.01 ms, PRG=0.07 ms, comm=1.07 ms, GEMM=0.27 ms
Iter 264: total=1.99 ms, PRG=0.07 ms, comm=1.05 ms, GEMM=0.27 ms
Iter 265: total=2.00 ms, PRG=0.07 ms, comm=1.05 ms, GEMM=0.27 ms
Iter 266: total=2.01 ms, PRG=0.07 ms, comm=1.06 ms, GEMM=0.28 ms
Iter 267: total=2.01 ms, PRG=0.07 ms, comm=1.07 ms, GEMM=0.27 ms
Iter 268: total=2.01 ms, PRG=0.07 ms, comm=1.07 ms, GEMM=0.27 ms
Iter 269: total=2.02 ms, PRG=0.07 ms, comm=1.07 ms, GEMM=0.28 ms
Iter 270: total=2.02 ms, PRG=0.07 ms, comm=1.07 ms, GEMM=0.28 ms
Iter 271: total=2.04 ms, PRG=0.07 ms, comm=1.10 ms, GEMM=0.27 ms
Iter 272: total=2.00 ms, PRG=0.07 ms, comm=1.05 ms, GEMM=0.27 ms
Iter 273: total=2.02 ms, PRG=0.07 ms, comm=1.07 ms, GEMM=0.27 ms
Iter 274: total=2.01 ms, PRG=0.07 ms, comm=1.07 ms, GEMM=0.27 ms
Iter 275: total=2.02 ms, PRG=0.07 ms, comm=1.07 ms, GEMM=0.27 ms
Iter 276: total=2.00 ms, PRG=0.07 ms, comm=1.05 ms, GEMM=0.27 ms
Iter 277: total=2.02 ms, PRG=0.07 ms, comm=1.06 ms, GEMM=0.27 ms
Iter 278: total=2.00 ms, PRG=0.07 ms, comm=1.05 ms, GEMM=0.27 ms
Iter 279: total=2.02 ms, PRG=0.07 ms, comm=1.06 ms, GEMM=0.27 ms
Iter 280: total=2.00 ms, PRG=0.07 ms, comm=1.05 ms, GEMM=0.27 ms
Iter 281: total=2.01 ms, PRG=0.07 ms, comm=1.06 ms, GEMM=0.27 ms
Iter 282: total=2.01 ms, PRG=0.07 ms, comm=1.06 ms, GEMM=0.27 ms
Iter 283: total=2.02 ms, PRG=0.07 ms, comm=1.07 ms, GEMM=0.27 ms
Iter 284: total=2.00 ms, PRG=0.07 ms, comm=1.06 ms, GEMM=0.27 ms
Iter 285: total=2.00 ms, PRG=0.07 ms, comm=1.06 ms, GEMM=0.27 ms
Iter 286: total=2.01 ms, PRG=0.07 ms, comm=1.06 ms, GEMM=0.27 ms
Iter 287: total=2.00 ms, PRG=0.07 ms, comm=1.06 ms, GEMM=0.27 ms
Iter 288: total=1.99 ms, PRG=0.07 ms, comm=1.05 ms, GEMM=0.27 ms
Iter 289: total=2.00 ms, PRG=0.07 ms, comm=1.06 ms, GEMM=0.27 ms
Iter 290: total=2.01 ms, PRG=0.07 ms, comm=1.06 ms, GEMM=0.27 ms
Iter 291: total=2.02 ms, PRG=0.07 ms, comm=1.07 ms, GEMM=0.27 ms
Iter 292: total=2.01 ms, PRG=0.07 ms, comm=1.06 ms, GEMM=0.27 ms
Iter 293: total=2.03 ms, PRG=0.07 ms, comm=1.08 ms, GEMM=0.28 ms
Iter 294: total=1.99 ms, PRG=0.07 ms, comm=1.05 ms, GEMM=0.28 ms
Iter 295: total=2.02 ms, PRG=0.07 ms, comm=1.07 ms, GEMM=0.27 ms
Iter 296: total=2.00 ms, PRG=0.07 ms, comm=1.06 ms, GEMM=0.27 ms
Iter 297: total=2.01 ms, PRG=0.07 ms, comm=1.06 ms, GEMM=0.27 ms
Iter 298: total=2.00 ms, PRG=0.07 ms, comm=1.05 ms, GEMM=0.28 ms
Iter 299: total=2.02 ms, PRG=0.07 ms, comm=1.07 ms, GEMM=0.27 ms
Iter 300: total=2.03 ms, PRG=0.07 ms, comm=1.08 ms, GEMM=0.27 ms
Iter 301: total=2.04 ms, PRG=0.07 ms, comm=1.09 ms, GEMM=0.27 ms
Iter 302: total=2.01 ms, PRG=0.07 ms, comm=1.07 ms, GEMM=0.27 ms
Iter 303: total=2.02 ms, PRG=0.07 ms, comm=1.07 ms, GEMM=0.27 ms
Iter 304: total=2.05 ms, PRG=0.07 ms, comm=1.10 ms, GEMM=0.28 ms
Iter 305: total=2.02 ms, PRG=0.07 ms, comm=1.07 ms, GEMM=0.27 ms
Iter 306: total=2.05 ms, PRG=0.07 ms, comm=1.10 ms, GEMM=0.28 ms
Iter 307: total=3.33 ms, PRG=0.07 ms, comm=2.43 ms, GEMM=0.28 ms
Iter 308: total=2.17 ms, PRG=0.07 ms, comm=1.22 ms, GEMM=0.28 ms
Iter 309: total=2.01 ms, PRG=0.07 ms, comm=1.07 ms, GEMM=0.28 ms
Iter 310: total=2.03 ms, PRG=0.07 ms, comm=1.08 ms, GEMM=0.27 ms
Iter 311: total=2.01 ms, PRG=0.07 ms, comm=1.07 ms, GEMM=0.28 ms
Iter 312: total=2.00 ms, PRG=0.07 ms, comm=1.05 ms, GEMM=0.27 ms
Iter 313: total=2.02 ms, PRG=0.07 ms, comm=1.07 ms, GEMM=0.27 ms
Iter 314: total=2.03 ms, PRG=0.07 ms, comm=1.08 ms, GEMM=0.27 ms
Iter 315: total=2.01 ms, PRG=0.07 ms, comm=1.06 ms, GEMM=0.27 ms
Iter 316: total=2.04 ms, PRG=0.07 ms, comm=1.09 ms, GEMM=0.27 ms
Iter 317: total=2.03 ms, PRG=0.07 ms, comm=1.08 ms, GEMM=0.27 ms
Iter 318: total=2.01 ms, PRG=0.07 ms, comm=1.06 ms, GEMM=0.27 ms
Iter 319: total=2.03 ms, PRG=0.07 ms, comm=1.08 ms, GEMM=0.27 ms
Iter 320: total=2.04 ms, PRG=0.07 ms, comm=1.09 ms, GEMM=0.27 ms
Iter 321: total=2.90 ms, PRG=0.07 ms, comm=1.06 ms, GEMM=0.30 ms
Iter 322: total=2.58 ms, PRG=0.08 ms, comm=1.64 ms, GEMM=0.27 ms
Iter 323: total=2.01 ms, PRG=0.07 ms, comm=1.06 ms, GEMM=0.28 ms
Iter 324: total=2.00 ms, PRG=0.07 ms, comm=1.05 ms, GEMM=0.27 ms
Iter 325: total=2.02 ms, PRG=0.07 ms, comm=1.08 ms, GEMM=0.27 ms
Iter 326: total=2.02 ms, PRG=0.07 ms, comm=1.07 ms, GEMM=0.27 ms
Iter 327: total=2.04 ms, PRG=0.07 ms, comm=1.09 ms, GEMM=0.27 ms
Iter 328: total=2.02 ms, PRG=0.07 ms, comm=1.07 ms, GEMM=0.27 ms
Iter 329: total=2.01 ms, PRG=0.07 ms, comm=1.06 ms, GEMM=0.27 ms
Iter 330: total=2.00 ms, PRG=0.07 ms, comm=1.06 ms, GEMM=0.27 ms
Iter 331: total=2.01 ms, PRG=0.07 ms, comm=1.07 ms, GEMM=0.27 ms
Iter 332: total=2.02 ms, PRG=0.07 ms, comm=1.08 ms, GEMM=0.27 ms
Iter 333: total=2.01 ms, PRG=0.07 ms, comm=1.06 ms, GEMM=0.27 ms
Iter 334: total=2.06 ms, PRG=0.07 ms, comm=1.11 ms, GEMM=0.27 ms
Iter 335: total=2.05 ms, PRG=0.07 ms, comm=1.10 ms, GEMM=0.28 ms
Iter 336: total=2.01 ms, PRG=0.07 ms, comm=1.06 ms, GEMM=0.27 ms
Iter 337: total=2.00 ms, PRG=0.07 ms, comm=1.05 ms, GEMM=0.28 ms
Iter 338: total=2.03 ms, PRG=0.07 ms, comm=1.08 ms, GEMM=0.28 ms
Iter 339: total=2.02 ms, PRG=0.07 ms, comm=1.08 ms, GEMM=0.27 ms
Iter 340: total=2.02 ms, PRG=0.07 ms, comm=1.07 ms, GEMM=0.27 ms
Iter 341: total=2.01 ms, PRG=0.07 ms, comm=1.06 ms, GEMM=0.27 ms
Iter 342: total=2.01 ms, PRG=0.07 ms, comm=1.06 ms, GEMM=0.27 ms
Iter 343: total=2.01 ms, PRG=0.07 ms, comm=1.06 ms, GEMM=0.27 ms
Iter 344: total=2.02 ms, PRG=0.07 ms, comm=1.07 ms, GEMM=0.27 ms
Iter 345: total=2.03 ms, PRG=0.07 ms, comm=1.08 ms, GEMM=0.28 ms
Iter 346: total=2.02 ms, PRG=0.07 ms, comm=1.07 ms, GEMM=0.27 ms
Iter 347: total=2.04 ms, PRG=0.07 ms, comm=1.09 ms, GEMM=0.27 ms
Iter 348: total=2.03 ms, PRG=0.07 ms, comm=1.08 ms, GEMM=0.27 ms
Iter 349: total=2.00 ms, PRG=0.07 ms, comm=1.05 ms, GEMM=0.27 ms
Iter 350: total=2.02 ms, PRG=0.07 ms, comm=1.07 ms, GEMM=0.27 ms
Iter 351: total=2.03 ms, PRG=0.07 ms, comm=1.07 ms, GEMM=0.27 ms
Iter 352: total=2.03 ms, PRG=0.07 ms, comm=1.07 ms, GEMM=0.27 ms
Iter 353: total=2.03 ms, PRG=0.07 ms, comm=1.08 ms, GEMM=0.27 ms
Iter 354: total=2.01 ms, PRG=0.07 ms, comm=1.06 ms, GEMM=0.27 ms
Iter 355: total=2.05 ms, PRG=0.07 ms, comm=1.10 ms, GEMM=0.27 ms
Iter 356: total=2.04 ms, PRG=0.07 ms, comm=1.09 ms, GEMM=0.27 ms
Iter 357: total=2.01 ms, PRG=0.07 ms, comm=1.06 ms, GEMM=0.27 ms
Iter 358: total=2.02 ms, PRG=0.07 ms, comm=1.08 ms, GEMM=0.27 ms
Iter 359: total=2.01 ms, PRG=0.07 ms, comm=1.06 ms, GEMM=0.27 ms
Iter 360: total=2.05 ms, PRG=0.07 ms, comm=1.07 ms, GEMM=0.27 ms
Iter 361: total=2.03 ms, PRG=0.07 ms, comm=1.08 ms, GEMM=0.28 ms
Iter 362: total=2.02 ms, PRG=0.07 ms, comm=1.07 ms, GEMM=0.27 ms
Iter 363: total=2.01 ms, PRG=0.07 ms, comm=1.06 ms, GEMM=0.27 ms
Iter 364: total=2.01 ms, PRG=0.07 ms, comm=1.07 ms, GEMM=0.27 ms
Iter 365: total=1.99 ms, PRG=0.07 ms, comm=1.05 ms, GEMM=0.27 ms
Iter 366: total=2.01 ms, PRG=0.07 ms, comm=1.07 ms, GEMM=0.27 ms
Iter 367: total=2.01 ms, PRG=0.07 ms, comm=1.06 ms, GEMM=0.27 ms
Iter 368: total=2.01 ms, PRG=0.07 ms, comm=1.07 ms, GEMM=0.27 ms
Iter 369: total=2.01 ms, PRG=0.07 ms, comm=1.05 ms, GEMM=0.27 ms
Iter 370: total=2.04 ms, PRG=0.07 ms, comm=1.10 ms, GEMM=0.27 ms
Iter 371: total=2.02 ms, PRG=0.07 ms, comm=1.07 ms, GEMM=0.27 ms
Iter 372: total=2.01 ms, PRG=0.07 ms, comm=1.06 ms, GEMM=0.27 ms
Iter 373: total=2.01 ms, PRG=0.07 ms, comm=1.06 ms, GEMM=0.27 ms
Iter 374: total=2.01 ms, PRG=0.07 ms, comm=1.06 ms, GEMM=0.27 ms
Iter 375: total=2.01 ms, PRG=0.07 ms, comm=1.06 ms, GEMM=0.27 ms
Iter 376: total=2.02 ms, PRG=0.07 ms, comm=1.07 ms, GEMM=0.28 ms
Iter 377: total=2.00 ms, PRG=0.07 ms, comm=1.05 ms, GEMM=0.27 ms
Iter 378: total=2.02 ms, PRG=0.07 ms, comm=1.07 ms, GEMM=0.27 ms
Iter 379: total=2.01 ms, PRG=0.07 ms, comm=1.06 ms, GEMM=0.27 ms
Iter 380: total=2.00 ms, PRG=0.07 ms, comm=1.06 ms, GEMM=0.27 ms
Iter 381: total=2.04 ms, PRG=0.07 ms, comm=1.10 ms, GEMM=0.27 ms
Iter 382: total=2.05 ms, PRG=0.07 ms, comm=1.10 ms, GEMM=0.27 ms
Iter 383: total=2.01 ms, PRG=0.07 ms, comm=1.06 ms, GEMM=0.28 ms
Iter 384: total=2.03 ms, PRG=0.07 ms, comm=1.08 ms, GEMM=0.27 ms
Iter 385: total=2.03 ms, PRG=0.07 ms, comm=1.09 ms, GEMM=0.27 ms
Iter 386: total=2.02 ms, PRG=0.07 ms, comm=1.07 ms, GEMM=0.27 ms
Iter 387: total=2.03 ms, PRG=0.07 ms, comm=1.08 ms, GEMM=0.28 ms
Iter 388: total=2.01 ms, PRG=0.07 ms, comm=1.06 ms, GEMM=0.27 ms
Iter 389: total=2.02 ms, PRG=0.07 ms, comm=1.06 ms, GEMM=0.27 ms
Iter 390: total=2.02 ms, PRG=0.07 ms, comm=1.06 ms, GEMM=0.27 ms
Iter 391: total=2.01 ms, PRG=0.07 ms, comm=1.06 ms, GEMM=0.27 ms
Iter 392: total=2.01 ms, PRG=0.07 ms, comm=1.06 ms, GEMM=0.27 ms
Iter 393: total=2.00 ms, PRG=0.07 ms, comm=1.06 ms, GEMM=0.27 ms
Iter 394: total=2.01 ms, PRG=0.07 ms, comm=1.06 ms, GEMM=0.28 ms
Iter 395: total=2.02 ms, PRG=0.07 ms, comm=1.07 ms, GEMM=0.27 ms
Iter 396: total=2.03 ms, PRG=0.07 ms, comm=1.08 ms, GEMM=0.27 ms
Iter 397: total=2.01 ms, PRG=0.07 ms, comm=1.06 ms, GEMM=0.27 ms
Iter 398: total=2.02 ms, PRG=0.07 ms, comm=1.07 ms, GEMM=0.27 ms
Iter 399: total=2.01 ms, PRG=0.07 ms, comm=1.06 ms, GEMM=0.27 ms
Iter 400: total=2.01 ms, PRG=0.07 ms, comm=1.06 ms, GEMM=0.27 ms
Iter 401: total=2.01 ms, PRG=0.07 ms, comm=1.07 ms, GEMM=0.27 ms
Iter 402: total=2.01 ms, PRG=0.07 ms, comm=1.06 ms, GEMM=0.27 ms
Iter 403: total=2.00 ms, PRG=0.07 ms, comm=1.06 ms, GEMM=0.27 ms
Iter 404: total=2.01 ms, PRG=0.07 ms, comm=1.07 ms, GEMM=0.27 ms
Iter 405: total=2.01 ms, PRG=0.07 ms, comm=1.06 ms, GEMM=0.27 ms
Iter 406: total=2.02 ms, PRG=0.07 ms, comm=1.07 ms, GEMM=0.27 ms
Iter 407: total=2.01 ms, PRG=0.07 ms, comm=1.06 ms, GEMM=0.27 ms
Iter 408: total=2.02 ms, PRG=0.07 ms, comm=1.07 ms, GEMM=0.27 ms
Iter 409: total=2.03 ms, PRG=0.07 ms, comm=1.08 ms, GEMM=0.27 ms
Iter 410: total=2.02 ms, PRG=0.07 ms, comm=1.07 ms, GEMM=0.27 ms
Iter 411: total=2.01 ms, PRG=0.07 ms, comm=1.06 ms, GEMM=0.27 ms
Iter 412: total=2.01 ms, PRG=0.07 ms, comm=1.06 ms, GEMM=0.27 ms
Iter 413: total=2.03 ms, PRG=0.07 ms, comm=1.09 ms, GEMM=0.27 ms
Iter 414: total=2.02 ms, PRG=0.07 ms, comm=1.07 ms, GEMM=0.27 ms
Iter 415: total=2.00 ms, PRG=0.07 ms, comm=1.06 ms, GEMM=0.27 ms
Iter 416: total=2.01 ms, PRG=0.07 ms, comm=1.06 ms, GEMM=0.27 ms
Iter 417: total=2.00 ms, PRG=0.07 ms, comm=1.05 ms, GEMM=0.27 ms
Iter 418: total=2.02 ms, PRG=0.07 ms, comm=1.06 ms, GEMM=0.27 ms
Iter 419: total=2.00 ms, PRG=0.07 ms, comm=1.05 ms, GEMM=0.28 ms
Iter 420: total=2.00 ms, PRG=0.07 ms, comm=1.05 ms, GEMM=0.27 ms
Iter 421: total=1.99 ms, PRG=0.07 ms, comm=1.04 ms, GEMM=0.27 ms
Iter 422: total=1.99 ms, PRG=0.07 ms, comm=1.04 ms, GEMM=0.27 ms
Iter 423: total=2.01 ms, PRG=0.07 ms, comm=1.06 ms, GEMM=0.27 ms
Iter 424: total=2.00 ms, PRG=0.07 ms, comm=1.05 ms, GEMM=0.27 ms
Iter 425: total=2.04 ms, PRG=0.07 ms, comm=1.09 ms, GEMM=0.27 ms
Iter 426: total=1.97 ms, PRG=0.07 ms, comm=1.07 ms, GEMM=0.27 ms
Iter 427: total=2.03 ms, PRG=0.07 ms, comm=1.10 ms, GEMM=0.27 ms
Iter 428: total=2.01 ms, PRG=0.07 ms, comm=1.07 ms, GEMM=0.27 ms
Iter 429: total=2.01 ms, PRG=0.07 ms, comm=1.07 ms, GEMM=0.27 ms
Iter 430: total=2.01 ms, PRG=0.07 ms, comm=1.06 ms, GEMM=0.27 ms
Iter 431: total=2.02 ms, PRG=0.07 ms, comm=1.07 ms, GEMM=0.27 ms
Iter 432: total=2.01 ms, PRG=0.07 ms, comm=1.07 ms, GEMM=0.27 ms
Iter 433: total=2.02 ms, PRG=0.07 ms, comm=1.07 ms, GEMM=0.27 ms
Iter 434: total=2.01 ms, PRG=0.07 ms, comm=1.06 ms, GEMM=0.27 ms
Iter 435: total=2.01 ms, PRG=0.07 ms, comm=1.06 ms, GEMM=0.27 ms
Iter 436: total=1.99 ms, PRG=0.07 ms, comm=1.06 ms, GEMM=0.27 ms
Iter 437: total=2.02 ms, PRG=0.07 ms, comm=1.07 ms, GEMM=0.27 ms
Iter 438: total=2.01 ms, PRG=0.07 ms, comm=1.07 ms, GEMM=0.27 ms
Iter 439: total=2.01 ms, PRG=0.07 ms, comm=1.06 ms, GEMM=0.27 ms
Iter 440: total=2.01 ms, PRG=0.07 ms, comm=1.07 ms, GEMM=0.27 ms
Iter 441: total=2.00 ms, PRG=0.07 ms, comm=1.06 ms, GEMM=0.27 ms
Iter 442: total=2.00 ms, PRG=0.07 ms, comm=1.06 ms, GEMM=0.27 ms
Iter 443: total=2.01 ms, PRG=0.07 ms, comm=1.06 ms, GEMM=0.27 ms
Iter 444: total=2.02 ms, PRG=0.07 ms, comm=1.07 ms, GEMM=0.28 ms
Iter 445: total=2.02 ms, PRG=0.07 ms, comm=1.07 ms, GEMM=0.27 ms
Iter 446: total=2.02 ms, PRG=0.07 ms, comm=1.07 ms, GEMM=0.27 ms
Iter 447: total=2.00 ms, PRG=0.07 ms, comm=1.06 ms, GEMM=0.27 ms
Iter 448: total=2.01 ms, PRG=0.07 ms, comm=1.06 ms, GEMM=0.27 ms
Iter 449: total=2.02 ms, PRG=0.07 ms, comm=1.07 ms, GEMM=0.27 ms
Iter 450: total=2.04 ms, PRG=0.07 ms, comm=1.09 ms, GEMM=0.27 ms
Iter 451: total=2.01 ms, PRG=0.07 ms, comm=1.07 ms, GEMM=0.27 ms
Iter 452: total=2.03 ms, PRG=0.07 ms, comm=1.09 ms, GEMM=0.27 ms
Iter 453: total=2.01 ms, PRG=0.07 ms, comm=1.06 ms, GEMM=0.28 ms
Iter 454: total=2.01 ms, PRG=0.07 ms, comm=1.06 ms, GEMM=0.27 ms
Iter 455: total=2.00 ms, PRG=0.07 ms, comm=1.09 ms, GEMM=0.27 ms
Iter 456: total=2.02 ms, PRG=0.07 ms, comm=1.09 ms, GEMM=0.27 ms
Iter 457: total=2.04 ms, PRG=0.07 ms, comm=1.10 ms, GEMM=0.27 ms
Iter 458: total=2.00 ms, PRG=0.07 ms, comm=1.05 ms, GEMM=0.27 ms
Iter 459: total=2.00 ms, PRG=0.07 ms, comm=1.06 ms, GEMM=0.28 ms
Iter 460: total=2.00 ms, PRG=0.07 ms, comm=1.06 ms, GEMM=0.27 ms
Iter 461: total=2.00 ms, PRG=0.07 ms, comm=1.05 ms, GEMM=0.27 ms
Iter 462: total=2.03 ms, PRG=0.07 ms, comm=1.06 ms, GEMM=0.27 ms
Iter 463: total=2.00 ms, PRG=0.07 ms, comm=1.06 ms, GEMM=0.27 ms
Iter 464: total=2.02 ms, PRG=0.07 ms, comm=1.07 ms, GEMM=0.27 ms
Iter 465: total=2.00 ms, PRG=0.07 ms, comm=1.06 ms, GEMM=0.27 ms
Iter 466: total=2.01 ms, PRG=0.07 ms, comm=1.07 ms, GEMM=0.27 ms
Iter 467: total=2.02 ms, PRG=0.07 ms, comm=1.07 ms, GEMM=0.27 ms
Iter 468: total=2.02 ms, PRG=0.07 ms, comm=1.07 ms, GEMM=0.27 ms
Iter 469: total=2.02 ms, PRG=0.07 ms, comm=1.07 ms, GEMM=0.28 ms
Iter 470: total=2.01 ms, PRG=0.07 ms, comm=1.06 ms, GEMM=0.27 ms
Iter 471: total=2.02 ms, PRG=0.07 ms, comm=1.07 ms, GEMM=0.27 ms
Iter 472: total=2.02 ms, PRG=0.07 ms, comm=1.07 ms, GEMM=0.27 ms
Iter 473: total=2.02 ms, PRG=0.07 ms, comm=1.07 ms, GEMM=0.27 ms
Iter 474: total=2.02 ms, PRG=0.07 ms, comm=1.07 ms, GEMM=0.27 ms
Iter 475: total=2.01 ms, PRG=0.07 ms, comm=1.06 ms, GEMM=0.27 ms
Iter 476: total=2.00 ms, PRG=0.07 ms, comm=1.05 ms, GEMM=0.27 ms
Iter 477: total=2.00 ms, PRG=0.07 ms, comm=1.06 ms, GEMM=0.27 ms
Iter 478: total=2.00 ms, PRG=0.07 ms, comm=1.05 ms, GEMM=0.27 ms
Iter 479: total=2.05 ms, PRG=0.07 ms, comm=1.11 ms, GEMM=0.28 ms
Iter 480: total=2.01 ms, PRG=0.07 ms, comm=1.07 ms, GEMM=0.27 ms
Iter 481: total=1.99 ms, PRG=0.07 ms, comm=1.05 ms, GEMM=0.27 ms
Iter 482: total=1.99 ms, PRG=0.07 ms, comm=1.04 ms, GEMM=0.27 ms
Iter 483: total=1.99 ms, PRG=0.07 ms, comm=1.04 ms, GEMM=0.27 ms
Iter 484: total=1.98 ms, PRG=0.07 ms, comm=1.04 ms, GEMM=0.27 ms
Iter 485: total=2.00 ms, PRG=0.07 ms, comm=1.06 ms, GEMM=0.27 ms
Iter 486: total=1.97 ms, PRG=0.07 ms, comm=1.04 ms, GEMM=0.27 ms
Iter 487: total=1.98 ms, PRG=0.07 ms, comm=1.10 ms, GEMM=0.27 ms
Iter 488: total=2.04 ms, PRG=0.07 ms, comm=1.12 ms, GEMM=0.27 ms
Iter 489: total=2.02 ms, PRG=0.07 ms, comm=1.08 ms, GEMM=0.27 ms
Iter 490: total=1.99 ms, PRG=0.07 ms, comm=1.05 ms, GEMM=0.27 ms
Iter 491: total=1.99 ms, PRG=0.07 ms, comm=1.05 ms, GEMM=0.27 ms
Iter 492: total=2.00 ms, PRG=0.07 ms, comm=1.05 ms, GEMM=0.27 ms
Iter 493: total=2.01 ms, PRG=0.07 ms, comm=1.06 ms, GEMM=0.27 ms
Iter 494: total=1.97 ms, PRG=0.07 ms, comm=1.03 ms, GEMM=0.27 ms
Iter 495: total=2.00 ms, PRG=0.07 ms, comm=1.05 ms, GEMM=0.27 ms
Iter 496: total=1.98 ms, PRG=0.07 ms, comm=1.04 ms, GEMM=0.27 ms
Iter 497: total=1.99 ms, PRG=0.07 ms, comm=1.04 ms, GEMM=0.27 ms
Iter 498: total=1.95 ms, PRG=0.07 ms, comm=1.03 ms, GEMM=0.27 ms
Iter 499: total=1.98 ms, PRG=0.07 ms, comm=1.08 ms, GEMM=0.27 ms
Iter 500: total=2.04 ms, PRG=0.07 ms, comm=1.11 ms, GEMM=0.27 ms
Iter 501: total=2.01 ms, PRG=0.07 ms, comm=1.07 ms, GEMM=0.27 ms
Iter 502: total=1.99 ms, PRG=0.07 ms, comm=1.05 ms, GEMM=0.28 ms
Iter 503: total=1.99 ms, PRG=0.07 ms, comm=1.04 ms, GEMM=0.27 ms
Iter 504: total=1.99 ms, PRG=0.07 ms, comm=1.05 ms, GEMM=0.27 ms
Iter 505: total=2.02 ms, PRG=0.07 ms, comm=1.07 ms, GEMM=0.27 ms
Iter 506: total=2.00 ms, PRG=0.07 ms, comm=1.06 ms, GEMM=0.27 ms
Iter 507: total=1.99 ms, PRG=0.07 ms, comm=1.04 ms, GEMM=0.27 ms
Iter 508: total=1.99 ms, PRG=0.07 ms, comm=1.04 ms, GEMM=0.27 ms
Iter 509: total=2.00 ms, PRG=0.07 ms, comm=1.06 ms, GEMM=0.27 ms
Iter 510: total=1.99 ms, PRG=0.07 ms, comm=1.05 ms, GEMM=0.27 ms
Iter 511: total=1.99 ms, PRG=0.07 ms, comm=1.04 ms, GEMM=0.28 ms
Iter 512: total=1.99 ms, PRG=0.07 ms, comm=1.04 ms, GEMM=0.27 ms
Iter 513: total=2.00 ms, PRG=0.07 ms, comm=1.05 ms, GEMM=0.27 ms
Iter 514: total=1.99 ms, PRG=0.07 ms, comm=1.05 ms, GEMM=0.27 ms
Iter 515: total=2.00 ms, PRG=0.07 ms, comm=1.06 ms, GEMM=0.27 ms
Iter 516: total=2.00 ms, PRG=0.07 ms, comm=1.05 ms, GEMM=0.27 ms
Iter 517: total=1.99 ms, PRG=0.07 ms, comm=1.04 ms, GEMM=0.27 ms
Iter 518: total=2.00 ms, PRG=0.07 ms, comm=1.05 ms, GEMM=0.27 ms
Iter 519: total=1.98 ms, PRG=0.07 ms, comm=1.03 ms, GEMM=0.27 ms
Iter 520: total=1.98 ms, PRG=0.07 ms, comm=1.03 ms, GEMM=0.27 ms
Iter 521: total=1.99 ms, PRG=0.07 ms, comm=1.05 ms, GEMM=0.27 ms
Iter 522: total=1.99 ms, PRG=0.07 ms, comm=1.04 ms, GEMM=0.27 ms
Iter 523: total=1.99 ms, PRG=0.07 ms, comm=1.05 ms, GEMM=0.27 ms
Iter 524: total=1.99 ms, PRG=0.07 ms, comm=1.04 ms, GEMM=0.27 ms
Iter 525: total=1.98 ms, PRG=0.07 ms, comm=1.03 ms, GEMM=0.27 ms
Iter 526: total=1.98 ms, PRG=0.07 ms, comm=1.04 ms, GEMM=0.27 ms
Iter 527: total=2.00 ms, PRG=0.07 ms, comm=1.04 ms, GEMM=0.27 ms
Iter 528: total=1.99 ms, PRG=0.07 ms, comm=1.05 ms, GEMM=0.27 ms
Iter 529: total=2.01 ms, PRG=0.07 ms, comm=1.06 ms, GEMM=0.27 ms
Iter 530: total=1.98 ms, PRG=0.07 ms, comm=1.08 ms, GEMM=0.27 ms
Iter 531: total=1.97 ms, PRG=0.07 ms, comm=1.10 ms, GEMM=0.27 ms
Iter 532: total=1.99 ms, PRG=0.07 ms, comm=1.12 ms, GEMM=0.27 ms
Iter 533: total=1.99 ms, PRG=0.07 ms, comm=1.12 ms, GEMM=0.27 ms
Iter 534: total=2.02 ms, PRG=0.07 ms, comm=1.11 ms, GEMM=0.27 ms
Iter 535: total=2.02 ms, PRG=0.07 ms, comm=1.08 ms, GEMM=0.27 ms
Iter 536: total=2.00 ms, PRG=0.07 ms, comm=1.06 ms, GEMM=0.27 ms
Iter 537: total=1.99 ms, PRG=0.07 ms, comm=1.05 ms, GEMM=0.27 ms
Iter 538: total=2.00 ms, PRG=0.07 ms, comm=1.05 ms, GEMM=0.27 ms
Iter 539: total=1.99 ms, PRG=0.07 ms, comm=1.05 ms, GEMM=0.27 ms
Iter 540: total=1.98 ms, PRG=0.07 ms, comm=1.03 ms, GEMM=0.27 ms
Iter 541: total=1.99 ms, PRG=0.07 ms, comm=1.04 ms, GEMM=0.27 ms
Iter 542: total=1.99 ms, PRG=0.07 ms, comm=1.04 ms, GEMM=0.27 ms
Iter 543: total=1.99 ms, PRG=0.07 ms, comm=1.04 ms, GEMM=0.28 ms
Iter 544: total=2.00 ms, PRG=0.07 ms, comm=1.05 ms, GEMM=0.27 ms
Iter 545: total=2.00 ms, PRG=0.07 ms, comm=1.06 ms, GEMM=0.27 ms
Iter 546: total=2.01 ms, PRG=0.07 ms, comm=1.06 ms, GEMM=0.27 ms
Iter 547: total=2.00 ms, PRG=0.07 ms, comm=1.04 ms, GEMM=0.27 ms
Iter 548: total=1.99 ms, PRG=0.07 ms, comm=1.05 ms, GEMM=0.27 ms
Iter 549: total=1.99 ms, PRG=0.07 ms, comm=1.04 ms, GEMM=0.27 ms
Iter 550: total=2.01 ms, PRG=0.07 ms, comm=1.06 ms, GEMM=0.27 ms
Iter 551: total=1.99 ms, PRG=0.07 ms, comm=1.05 ms, GEMM=0.27 ms
Iter 552: total=1.99 ms, PRG=0.07 ms, comm=1.04 ms, GEMM=0.27 ms
Iter 553: total=1.99 ms, PRG=0.07 ms, comm=1.04 ms, GEMM=0.27 ms
Iter 554: total=2.01 ms, PRG=0.07 ms, comm=1.06 ms, GEMM=0.27 ms
Iter 555: total=2.00 ms, PRG=0.07 ms, comm=1.05 ms, GEMM=0.28 ms
Iter 556: total=2.03 ms, PRG=0.07 ms, comm=1.08 ms, GEMM=0.27 ms
Iter 557: total=2.03 ms, PRG=0.07 ms, comm=1.08 ms, GEMM=0.27 ms
Iter 558: total=1.99 ms, PRG=0.07 ms, comm=1.04 ms, GEMM=0.27 ms
Iter 559: total=2.02 ms, PRG=0.07 ms, comm=1.07 ms, GEMM=0.27 ms
Iter 560: total=2.01 ms, PRG=0.07 ms, comm=1.06 ms, GEMM=0.27 ms
Iter 561: total=2.04 ms, PRG=0.07 ms, comm=1.09 ms, GEMM=0.28 ms
Iter 562: total=2.00 ms, PRG=0.07 ms, comm=1.05 ms, GEMM=0.27 ms
Iter 563: total=1.99 ms, PRG=0.07 ms, comm=1.09 ms, GEMM=0.27 ms
Iter 564: total=1.99 ms, PRG=0.07 ms, comm=1.11 ms, GEMM=0.27 ms
Iter 565: total=2.02 ms, PRG=0.07 ms, comm=1.11 ms, GEMM=0.27 ms
Iter 566: total=2.03 ms, PRG=0.07 ms, comm=1.09 ms, GEMM=0.27 ms
Iter 567: total=2.01 ms, PRG=0.07 ms, comm=1.07 ms, GEMM=0.27 ms
Iter 568: total=2.02 ms, PRG=0.07 ms, comm=1.08 ms, GEMM=0.27 ms
Iter 569: total=1.99 ms, PRG=0.07 ms, comm=1.04 ms, GEMM=0.27 ms
Iter 570: total=2.00 ms, PRG=0.07 ms, comm=1.06 ms, GEMM=0.27 ms
Iter 571: total=2.00 ms, PRG=0.07 ms, comm=1.05 ms, GEMM=0.27 ms
Iter 572: total=2.02 ms, PRG=0.07 ms, comm=1.08 ms, GEMM=0.27 ms
Iter 573: total=2.00 ms, PRG=0.07 ms, comm=1.06 ms, GEMM=0.27 ms
Iter 574: total=1.99 ms, PRG=0.07 ms, comm=1.05 ms, GEMM=0.27 ms
Iter 575: total=2.00 ms, PRG=0.07 ms, comm=1.05 ms, GEMM=0.27 ms
Iter 576: total=1.99 ms, PRG=0.07 ms, comm=1.04 ms, GEMM=0.27 ms
Iter 577: total=2.00 ms, PRG=0.07 ms, comm=1.05 ms, GEMM=0.27 ms
Iter 578: total=2.00 ms, PRG=0.07 ms, comm=1.05 ms, GEMM=0.27 ms
Iter 579: total=1.99 ms, PRG=0.07 ms, comm=1.03 ms, GEMM=0.28 ms
Iter 580: total=2.01 ms, PRG=0.07 ms, comm=1.06 ms, GEMM=0.28 ms
Iter 581: total=2.00 ms, PRG=0.07 ms, comm=1.05 ms, GEMM=0.27 ms
Iter 582: total=2.00 ms, PRG=0.07 ms, comm=1.05 ms, GEMM=0.27 ms
Iter 583: total=1.99 ms, PRG=0.07 ms, comm=1.04 ms, GEMM=0.27 ms
Iter 584: total=2.00 ms, PRG=0.07 ms, comm=1.05 ms, GEMM=0.27 ms
Iter 585: total=2.01 ms, PRG=0.07 ms, comm=1.06 ms, GEMM=0.27 ms
Iter 586: total=2.01 ms, PRG=0.07 ms, comm=1.06 ms, GEMM=0.27 ms
Iter 587: total=2.03 ms, PRG=0.07 ms, comm=1.09 ms, GEMM=0.27 ms
Iter 588: total=2.00 ms, PRG=0.07 ms, comm=1.05 ms, GEMM=0.28 ms
Iter 589: total=2.01 ms, PRG=0.07 ms, comm=1.06 ms, GEMM=0.27 ms
Iter 590: total=1.99 ms, PRG=0.07 ms, comm=1.05 ms, GEMM=0.28 ms
Iter 591: total=1.98 ms, PRG=0.07 ms, comm=1.04 ms, GEMM=0.27 ms
Iter 592: total=1.98 ms, PRG=0.07 ms, comm=1.08 ms, GEMM=0.27 ms
Iter 593: total=2.07 ms, PRG=0.07 ms, comm=1.13 ms, GEMM=0.27 ms
Iter 594: total=2.02 ms, PRG=0.07 ms, comm=1.08 ms, GEMM=0.27 ms
Iter 595: total=2.00 ms, PRG=0.07 ms, comm=1.06 ms, GEMM=0.27 ms
Iter 596: total=2.00 ms, PRG=0.07 ms, comm=1.06 ms, GEMM=0.27 ms
Iter 597: total=2.03 ms, PRG=0.08 ms, comm=1.08 ms, GEMM=0.27 ms
Iter 598: total=2.04 ms, PRG=0.07 ms, comm=1.09 ms, GEMM=0.27 ms
Iter 599: total=2.02 ms, PRG=0.07 ms, comm=1.08 ms, GEMM=0.27 ms
Iter 600: total=1.99 ms, PRG=0.07 ms, comm=1.06 ms, GEMM=0.27 ms
Iter 601: total=2.00 ms, PRG=0.07 ms, comm=1.07 ms, GEMM=0.27 ms
Iter 602: total=2.01 ms, PRG=0.07 ms, comm=1.07 ms, GEMM=0.27 ms
Iter 603: total=2.02 ms, PRG=0.07 ms, comm=1.08 ms, GEMM=0.27 ms
Iter 604: total=2.03 ms, PRG=0.07 ms, comm=1.07 ms, GEMM=0.28 ms
Iter 605: total=2.02 ms, PRG=0.07 ms, comm=1.07 ms, GEMM=0.27 ms
Iter 606: total=2.02 ms, PRG=0.07 ms, comm=1.07 ms, GEMM=0.27 ms
Iter 607: total=2.01 ms, PRG=0.07 ms, comm=1.06 ms, GEMM=0.27 ms
Iter 608: total=2.04 ms, PRG=0.07 ms, comm=1.09 ms, GEMM=0.27 ms
Iter 609: total=2.00 ms, PRG=0.07 ms, comm=1.05 ms, GEMM=0.27 ms
Iter 610: total=2.02 ms, PRG=0.07 ms, comm=1.07 ms, GEMM=0.27 ms
Iter 611: total=2.00 ms, PRG=0.07 ms, comm=1.05 ms, GEMM=0.27 ms
Iter 612: total=2.01 ms, PRG=0.07 ms, comm=1.06 ms, GEMM=0.27 ms
Iter 613: total=2.02 ms, PRG=0.07 ms, comm=1.07 ms, GEMM=0.28 ms
Iter 614: total=2.00 ms, PRG=0.07 ms, comm=1.05 ms, GEMM=0.27 ms
Iter 615: total=2.01 ms, PRG=0.07 ms, comm=1.06 ms, GEMM=0.27 ms
Iter 616: total=1.99 ms, PRG=0.07 ms, comm=1.09 ms, GEMM=0.27 ms
Iter 617: total=2.01 ms, PRG=0.07 ms, comm=1.15 ms, GEMM=0.27 ms
Iter 618: total=2.02 ms, PRG=0.07 ms, comm=1.15 ms, GEMM=0.27 ms
Iter 619: total=1.98 ms, PRG=0.07 ms, comm=1.11 ms, GEMM=0.27 ms
Iter 620: total=2.00 ms, PRG=0.07 ms, comm=1.13 ms, GEMM=0.27 ms
Iter 621: total=2.06 ms, PRG=0.07 ms, comm=1.17 ms, GEMM=0.27 ms
Iter 622: total=2.04 ms, PRG=0.07 ms, comm=1.09 ms, GEMM=0.28 ms
Iter 623: total=2.16 ms, PRG=0.07 ms, comm=1.20 ms, GEMM=0.28 ms
Iter 624: total=2.11 ms, PRG=0.07 ms, comm=1.14 ms, GEMM=0.28 ms
Iter 625: total=2.13 ms, PRG=0.07 ms, comm=1.17 ms, GEMM=0.28 ms
Iter 626: total=2.04 ms, PRG=0.07 ms, comm=1.11 ms, GEMM=0.28 ms
Iter 627: total=2.06 ms, PRG=0.07 ms, comm=1.10 ms, GEMM=0.28 ms
Iter 628: total=2.01 ms, PRG=0.07 ms, comm=1.05 ms, GEMM=0.28 ms
Iter 629: total=2.00 ms, PRG=0.07 ms, comm=1.05 ms, GEMM=0.27 ms
Iter 630: total=2.00 ms, PRG=0.07 ms, comm=1.05 ms, GEMM=0.27 ms
Iter 631: total=2.01 ms, PRG=0.07 ms, comm=1.06 ms, GEMM=0.27 ms
Iter 632: total=2.00 ms, PRG=0.07 ms, comm=1.05 ms, GEMM=0.27 ms
Iter 633: total=2.03 ms, PRG=0.07 ms, comm=1.08 ms, GEMM=0.27 ms
Iter 634: total=2.02 ms, PRG=0.07 ms, comm=1.07 ms, GEMM=0.27 ms
Iter 635: total=2.01 ms, PRG=0.07 ms, comm=1.06 ms, GEMM=0.27 ms
Iter 636: total=2.02 ms, PRG=0.07 ms, comm=1.07 ms, GEMM=0.27 ms
Iter 637: total=2.01 ms, PRG=0.07 ms, comm=1.06 ms, GEMM=0.27 ms
Iter 638: total=2.03 ms, PRG=0.07 ms, comm=1.07 ms, GEMM=0.27 ms
Iter 639: total=2.01 ms, PRG=0.07 ms, comm=1.07 ms, GEMM=0.27 ms
Iter 640: total=2.02 ms, PRG=0.07 ms, comm=1.07 ms, GEMM=0.27 ms
Iter 641: total=2.02 ms, PRG=0.07 ms, comm=1.07 ms, GEMM=0.27 ms
Iter 642: total=2.02 ms, PRG=0.07 ms, comm=1.07 ms, GEMM=0.27 ms
Iter 643: total=2.02 ms, PRG=0.07 ms, comm=1.08 ms, GEMM=0.27 ms
Iter 644: total=2.00 ms, PRG=0.07 ms, comm=1.06 ms, GEMM=0.27 ms
Iter 645: total=2.04 ms, PRG=0.07 ms, comm=1.09 ms, GEMM=0.27 ms
Iter 646: total=2.02 ms, PRG=0.07 ms, comm=1.07 ms, GEMM=0.27 ms
Iter 647: total=2.01 ms, PRG=0.07 ms, comm=1.06 ms, GEMM=0.27 ms
Iter 648: total=2.01 ms, PRG=0.07 ms, comm=1.07 ms, GEMM=0.27 ms
Iter 649: total=2.04 ms, PRG=0.07 ms, comm=1.09 ms, GEMM=0.27 ms
Iter 650: total=2.04 ms, PRG=0.07 ms, comm=1.09 ms, GEMM=0.27 ms
Iter 651: total=2.02 ms, PRG=0.07 ms, comm=1.07 ms, GEMM=0.28 ms
Iter 652: total=2.02 ms, PRG=0.07 ms, comm=1.07 ms, GEMM=0.27 ms
Iter 653: total=2.00 ms, PRG=0.07 ms, comm=1.06 ms, GEMM=0.27 ms
Iter 654: total=2.00 ms, PRG=0.07 ms, comm=1.06 ms, GEMM=0.27 ms
Iter 655: total=2.01 ms, PRG=0.07 ms, comm=1.07 ms, GEMM=0.27 ms
Iter 656: total=2.01 ms, PRG=0.07 ms, comm=1.07 ms, GEMM=0.27 ms
Iter 657: total=2.01 ms, PRG=0.07 ms, comm=1.06 ms, GEMM=0.27 ms
Iter 658: total=2.00 ms, PRG=0.07 ms, comm=1.05 ms, GEMM=0.27 ms
Iter 659: total=2.00 ms, PRG=0.07 ms, comm=1.06 ms, GEMM=0.27 ms
Iter 660: total=2.00 ms, PRG=0.07 ms, comm=1.05 ms, GEMM=0.27 ms
Iter 661: total=2.01 ms, PRG=0.07 ms, comm=1.06 ms, GEMM=0.27 ms
Iter 662: total=2.00 ms, PRG=0.07 ms, comm=1.05 ms, GEMM=0.27 ms
Iter 663: total=2.01 ms, PRG=0.07 ms, comm=1.06 ms, GEMM=0.27 ms
Iter 664: total=2.01 ms, PRG=0.07 ms, comm=1.06 ms, GEMM=0.27 ms
Iter 665: total=2.01 ms, PRG=0.07 ms, comm=1.07 ms, GEMM=0.27 ms
Iter 666: total=2.00 ms, PRG=0.07 ms, comm=1.05 ms, GEMM=0.27 ms
Iter 667: total=2.01 ms, PRG=0.07 ms, comm=1.06 ms, GEMM=0.27 ms
Iter 668: total=1.99 ms, PRG=0.07 ms, comm=1.04 ms, GEMM=0.27 ms
Iter 669: total=1.99 ms, PRG=0.07 ms, comm=1.04 ms, GEMM=0.27 ms
Iter 670: total=2.00 ms, PRG=0.07 ms, comm=1.05 ms, GEMM=0.28 ms
Iter 671: total=2.00 ms, PRG=0.07 ms, comm=1.05 ms, GEMM=0.27 ms
Iter 672: total=2.01 ms, PRG=0.07 ms, comm=1.07 ms, GEMM=0.27 ms
Iter 673: total=2.03 ms, PRG=0.07 ms, comm=1.07 ms, GEMM=0.27 ms
Iter 674: total=2.00 ms, PRG=0.07 ms, comm=1.06 ms, GEMM=0.27 ms
Iter 675: total=2.01 ms, PRG=0.07 ms, comm=1.06 ms, GEMM=0.27 ms
Iter 676: total=2.00 ms, PRG=0.07 ms, comm=1.05 ms, GEMM=0.28 ms
Iter 677: total=2.01 ms, PRG=0.07 ms, comm=1.06 ms, GEMM=0.27 ms
Iter 678: total=2.00 ms, PRG=0.07 ms, comm=1.06 ms, GEMM=0.27 ms
Iter 679: total=2.04 ms, PRG=0.07 ms, comm=1.09 ms, GEMM=0.27 ms
Iter 680: total=2.02 ms, PRG=0.07 ms, comm=1.06 ms, GEMM=0.27 ms
Iter 681: total=2.04 ms, PRG=0.07 ms, comm=1.10 ms, GEMM=0.27 ms
Iter 682: total=1.99 ms, PRG=0.07 ms, comm=1.05 ms, GEMM=0.27 ms
Iter 683: total=2.03 ms, PRG=0.07 ms, comm=1.08 ms, GEMM=0.27 ms
Iter 684: total=1.99 ms, PRG=0.07 ms, comm=1.04 ms, GEMM=0.27 ms
Iter 685: total=2.02 ms, PRG=0.07 ms, comm=1.06 ms, GEMM=0.29 ms
Iter 686: total=2.03 ms, PRG=0.07 ms, comm=1.08 ms, GEMM=0.28 ms
Iter 687: total=2.01 ms, PRG=0.07 ms, comm=1.07 ms, GEMM=0.27 ms
Iter 688: total=2.00 ms, PRG=0.07 ms, comm=1.06 ms, GEMM=0.27 ms
Iter 689: total=2.02 ms, PRG=0.07 ms, comm=1.09 ms, GEMM=0.27 ms
Iter 690: total=2.02 ms, PRG=0.07 ms, comm=1.07 ms, GEMM=0.27 ms
Iter 691: total=2.01 ms, PRG=0.07 ms, comm=1.06 ms, GEMM=0.27 ms
Iter 692: total=2.02 ms, PRG=0.07 ms, comm=1.08 ms, GEMM=0.27 ms
Iter 693: total=2.01 ms, PRG=0.07 ms, comm=1.06 ms, GEMM=0.27 ms
Iter 694: total=2.00 ms, PRG=0.07 ms, comm=1.05 ms, GEMM=0.27 ms
Iter 695: total=2.00 ms, PRG=0.07 ms, comm=1.06 ms, GEMM=0.27 ms
Iter 696: total=2.01 ms, PRG=0.07 ms, comm=1.06 ms, GEMM=0.27 ms
Iter 697: total=1.98 ms, PRG=0.07 ms, comm=1.08 ms, GEMM=0.27 ms
Iter 698: total=1.98 ms, PRG=0.07 ms, comm=1.10 ms, GEMM=0.27 ms
Iter 699: total=1.96 ms, PRG=0.07 ms, comm=1.09 ms, GEMM=0.27 ms
Iter 700: total=2.05 ms, PRG=0.07 ms, comm=1.14 ms, GEMM=0.27 ms
Iter 701: total=2.05 ms, PRG=0.07 ms, comm=1.12 ms, GEMM=0.27 ms
Iter 702: total=2.01 ms, PRG=0.07 ms, comm=1.07 ms, GEMM=0.27 ms
Iter 703: total=2.03 ms, PRG=0.07 ms, comm=1.08 ms, GEMM=0.27 ms
Iter 704: total=2.00 ms, PRG=0.07 ms, comm=1.07 ms, GEMM=0.27 ms
Iter 705: total=2.01 ms, PRG=0.07 ms, comm=1.07 ms, GEMM=0.27 ms
Iter 706: total=2.01 ms, PRG=0.07 ms, comm=1.06 ms, GEMM=0.27 ms
Iter 707: total=2.01 ms, PRG=0.07 ms, comm=1.06 ms, GEMM=0.27 ms
Iter 708: total=2.00 ms, PRG=0.07 ms, comm=1.06 ms, GEMM=0.27 ms
Iter 709: total=2.01 ms, PRG=0.07 ms, comm=1.06 ms, GEMM=0.27 ms
Iter 710: total=2.04 ms, PRG=0.07 ms, comm=1.10 ms, GEMM=0.27 ms
Iter 711: total=2.05 ms, PRG=0.07 ms, comm=1.09 ms, GEMM=0.27 ms
Iter 712: total=2.01 ms, PRG=0.07 ms, comm=1.06 ms, GEMM=0.28 ms
Iter 713: total=2.03 ms, PRG=0.07 ms, comm=1.09 ms, GEMM=0.27 ms
Iter 714: total=2.00 ms, PRG=0.07 ms, comm=1.10 ms, GEMM=0.27 ms
Iter 715: total=1.98 ms, PRG=0.07 ms, comm=1.10 ms, GEMM=0.27 ms
Iter 716: total=1.98 ms, PRG=0.07 ms, comm=1.11 ms, GEMM=0.27 ms
Iter 717: total=2.06 ms, PRG=0.07 ms, comm=1.13 ms, GEMM=0.27 ms
Iter 718: total=2.02 ms, PRG=0.07 ms, comm=1.08 ms, GEMM=0.27 ms
Iter 719: total=2.01 ms, PRG=0.07 ms, comm=1.06 ms, GEMM=0.28 ms
Iter 720: total=2.03 ms, PRG=0.07 ms, comm=1.08 ms, GEMM=0.27 ms
Iter 721: total=2.03 ms, PRG=0.07 ms, comm=1.08 ms, GEMM=0.28 ms
Iter 722: total=2.01 ms, PRG=0.07 ms, comm=1.06 ms, GEMM=0.28 ms
Iter 723: total=2.01 ms, PRG=0.07 ms, comm=1.06 ms, GEMM=0.27 ms
Iter 724: total=2.01 ms, PRG=0.07 ms, comm=1.07 ms, GEMM=0.27 ms
Iter 725: total=2.00 ms, PRG=0.07 ms, comm=1.06 ms, GEMM=0.27 ms
Iter 726: total=2.01 ms, PRG=0.07 ms, comm=1.07 ms, GEMM=0.27 ms
Iter 727: total=2.02 ms, PRG=0.07 ms, comm=1.07 ms, GEMM=0.28 ms
Iter 728: total=2.00 ms, PRG=0.07 ms, comm=1.06 ms, GEMM=0.27 ms
Iter 729: total=2.01 ms, PRG=0.07 ms, comm=1.06 ms, GEMM=0.27 ms
Iter 730: total=2.02 ms, PRG=0.07 ms, comm=1.08 ms, GEMM=0.27 ms
Iter 731: total=2.01 ms, PRG=0.07 ms, comm=1.07 ms, GEMM=0.28 ms
Iter 732: total=2.01 ms, PRG=0.07 ms, comm=1.06 ms, GEMM=0.27 ms
Iter 733: total=2.00 ms, PRG=0.07 ms, comm=1.06 ms, GEMM=0.27 ms
Iter 734: total=2.01 ms, PRG=0.07 ms, comm=1.07 ms, GEMM=0.27 ms
Iter 735: total=2.03 ms, PRG=0.07 ms, comm=1.08 ms, GEMM=0.27 ms
Iter 736: total=2.01 ms, PRG=0.07 ms, comm=1.06 ms, GEMM=0.27 ms
Iter 737: total=2.00 ms, PRG=0.07 ms, comm=1.05 ms, GEMM=0.27 ms
Iter 738: total=2.01 ms, PRG=0.07 ms, comm=1.07 ms, GEMM=0.27 ms
Iter 739: total=2.00 ms, PRG=0.07 ms, comm=1.06 ms, GEMM=0.27 ms
Iter 740: total=2.02 ms, PRG=0.07 ms, comm=1.07 ms, GEMM=0.27 ms
Iter 741: total=2.03 ms, PRG=0.07 ms, comm=1.07 ms, GEMM=0.27 ms
Iter 742: total=2.05 ms, PRG=0.07 ms, comm=1.10 ms, GEMM=0.27 ms
Iter 743: total=2.00 ms, PRG=0.07 ms, comm=1.06 ms, GEMM=0.27 ms
Iter 744: total=2.01 ms, PRG=0.07 ms, comm=1.06 ms, GEMM=0.28 ms
Iter 745: total=2.03 ms, PRG=0.07 ms, comm=1.08 ms, GEMM=0.28 ms
Iter 746: total=2.01 ms, PRG=0.07 ms, comm=1.07 ms, GEMM=0.27 ms
Iter 747: total=2.01 ms, PRG=0.07 ms, comm=1.06 ms, GEMM=0.27 ms
Iter 748: total=2.03 ms, PRG=0.07 ms, comm=1.07 ms, GEMM=0.27 ms
Iter 749: total=2.03 ms, PRG=0.07 ms, comm=1.09 ms, GEMM=0.27 ms
Iter 750: total=2.02 ms, PRG=0.07 ms, comm=1.06 ms, GEMM=0.28 ms
Iter 751: total=2.03 ms, PRG=0.07 ms, comm=1.08 ms, GEMM=0.27 ms
Iter 752: total=2.00 ms, PRG=0.07 ms, comm=1.05 ms, GEMM=0.27 ms
Iter 753: total=2.00 ms, PRG=0.07 ms, comm=1.06 ms, GEMM=0.27 ms
Iter 754: total=2.00 ms, PRG=0.07 ms, comm=1.05 ms, GEMM=0.27 ms
Iter 755: total=1.99 ms, PRG=0.07 ms, comm=1.04 ms, GEMM=0.27 ms
Iter 756: total=2.00 ms, PRG=0.07 ms, comm=1.05 ms, GEMM=0.27 ms
Iter 757: total=1.99 ms, PRG=0.07 ms, comm=1.05 ms, GEMM=0.27 ms
Iter 758: total=1.99 ms, PRG=0.07 ms, comm=1.04 ms, GEMM=0.27 ms
Iter 759: total=2.00 ms, PRG=0.07 ms, comm=1.05 ms, GEMM=0.27 ms
Iter 760: total=2.00 ms, PRG=0.07 ms, comm=1.05 ms, GEMM=0.28 ms
Iter 761: total=1.98 ms, PRG=0.07 ms, comm=1.04 ms, GEMM=0.27 ms
Iter 762: total=1.99 ms, PRG=0.07 ms, comm=1.05 ms, GEMM=0.27 ms
Iter 763: total=2.01 ms, PRG=0.07 ms, comm=1.06 ms, GEMM=0.27 ms
Iter 764: total=2.01 ms, PRG=0.07 ms, comm=1.06 ms, GEMM=0.27 ms
Iter 765: total=2.01 ms, PRG=0.07 ms, comm=1.05 ms, GEMM=0.27 ms
Iter 766: total=1.99 ms, PRG=0.07 ms, comm=1.10 ms, GEMM=0.27 ms
Iter 767: total=2.07 ms, PRG=0.07 ms, comm=1.13 ms, GEMM=0.27 ms
Iter 768: total=2.01 ms, PRG=0.07 ms, comm=1.07 ms, GEMM=0.27 ms
Iter 769: total=2.02 ms, PRG=0.07 ms, comm=1.08 ms, GEMM=0.28 ms
Iter 770: total=2.02 ms, PRG=0.07 ms, comm=1.08 ms, GEMM=0.27 ms
Iter 771: total=2.01 ms, PRG=0.07 ms, comm=1.06 ms, GEMM=0.27 ms
Iter 772: total=2.00 ms, PRG=0.07 ms, comm=1.05 ms, GEMM=0.27 ms
Iter 773: total=2.00 ms, PRG=0.07 ms, comm=1.05 ms, GEMM=0.27 ms
Iter 774: total=2.01 ms, PRG=0.07 ms, comm=1.06 ms, GEMM=0.27 ms
Iter 775: total=2.00 ms, PRG=0.07 ms, comm=1.06 ms, GEMM=0.28 ms
Iter 776: total=2.00 ms, PRG=0.07 ms, comm=1.05 ms, GEMM=0.27 ms
Iter 777: total=2.01 ms, PRG=0.07 ms, comm=1.06 ms, GEMM=0.27 ms
Iter 778: total=2.01 ms, PRG=0.07 ms, comm=1.06 ms, GEMM=0.27 ms
Iter 779: total=2.03 ms, PRG=0.07 ms, comm=1.08 ms, GEMM=0.27 ms
Iter 780: total=2.00 ms, PRG=0.07 ms, comm=1.05 ms, GEMM=0.27 ms
Iter 781: total=2.02 ms, PRG=0.07 ms, comm=1.07 ms, GEMM=0.27 ms
Iter 782: total=2.00 ms, PRG=0.07 ms, comm=1.06 ms, GEMM=0.27 ms
Iter 783: total=2.03 ms, PRG=0.07 ms, comm=1.08 ms, GEMM=0.27 ms
Iter 784: total=2.01 ms, PRG=0.07 ms, comm=1.06 ms, GEMM=0.27 ms
Iter 785: total=2.02 ms, PRG=0.07 ms, comm=1.06 ms, GEMM=0.28 ms
Iter 786: total=2.01 ms, PRG=0.07 ms, comm=1.06 ms, GEMM=0.27 ms
Iter 787: total=2.00 ms, PRG=0.07 ms, comm=1.05 ms, GEMM=0.27 ms
Iter 788: total=2.01 ms, PRG=0.07 ms, comm=1.06 ms, GEMM=0.28 ms
Iter 789: total=2.01 ms, PRG=0.07 ms, comm=1.06 ms, GEMM=0.27 ms
Iter 790: total=2.00 ms, PRG=0.07 ms, comm=1.05 ms, GEMM=0.27 ms
Iter 791: total=2.03 ms, PRG=0.07 ms, comm=1.08 ms, GEMM=0.27 ms
Iter 792: total=1.95 ms, PRG=0.07 ms, comm=1.05 ms, GEMM=0.27 ms
Iter 793: total=2.07 ms, PRG=0.07 ms, comm=1.13 ms, GEMM=0.27 ms
Iter 794: total=2.01 ms, PRG=0.07 ms, comm=1.07 ms, GEMM=0.27 ms
Iter 795: total=2.01 ms, PRG=0.07 ms, comm=1.07 ms, GEMM=0.28 ms
Iter 796: total=2.00 ms, PRG=0.07 ms, comm=1.05 ms, GEMM=0.27 ms
Iter 797: total=2.02 ms, PRG=0.07 ms, comm=1.07 ms, GEMM=0.27 ms
Iter 798: total=2.03 ms, PRG=0.07 ms, comm=1.08 ms, GEMM=0.27 ms
Iter 799: total=2.00 ms, PRG=0.07 ms, comm=1.07 ms, GEMM=0.27 ms
Iter 800: total=2.01 ms, PRG=0.07 ms, comm=1.06 ms, GEMM=0.27 ms
Iter 801: total=2.04 ms, PRG=0.07 ms, comm=1.08 ms, GEMM=0.28 ms
Iter 802: total=2.01 ms, PRG=0.07 ms, comm=1.07 ms, GEMM=0.27 ms
Iter 803: total=2.02 ms, PRG=0.07 ms, comm=1.07 ms, GEMM=0.27 ms
Iter 804: total=2.02 ms, PRG=0.07 ms, comm=1.07 ms, GEMM=0.27 ms
Iter 805: total=2.03 ms, PRG=0.07 ms, comm=1.08 ms, GEMM=0.27 ms
Iter 806: total=2.00 ms, PRG=0.07 ms, comm=1.05 ms, GEMM=0.27 ms
Iter 807: total=2.02 ms, PRG=0.07 ms, comm=1.07 ms, GEMM=0.27 ms
Iter 808: total=2.00 ms, PRG=0.07 ms, comm=1.05 ms, GEMM=0.27 ms
Iter 809: total=2.00 ms, PRG=0.07 ms, comm=1.09 ms, GEMM=0.27 ms
Iter 810: total=2.02 ms, PRG=0.07 ms, comm=1.09 ms, GEMM=0.27 ms
Iter 811: total=2.03 ms, PRG=0.07 ms, comm=1.09 ms, GEMM=0.28 ms
Iter 812: total=2.04 ms, PRG=0.07 ms, comm=1.09 ms, GEMM=0.27 ms
Iter 813: total=2.01 ms, PRG=0.07 ms, comm=1.07 ms, GEMM=0.27 ms
Iter 814: total=2.00 ms, PRG=0.07 ms, comm=1.06 ms, GEMM=0.27 ms
Iter 815: total=2.04 ms, PRG=0.07 ms, comm=1.09 ms, GEMM=0.27 ms
Iter 816: total=2.00 ms, PRG=0.07 ms, comm=1.05 ms, GEMM=0.28 ms
Iter 817: total=2.05 ms, PRG=0.07 ms, comm=1.10 ms, GEMM=0.27 ms
Iter 818: total=1.99 ms, PRG=0.07 ms, comm=1.04 ms, GEMM=0.27 ms
Iter 819: total=2.04 ms, PRG=0.07 ms, comm=1.08 ms, GEMM=0.28 ms
Iter 820: total=1.97 ms, PRG=0.07 ms, comm=1.05 ms, GEMM=0.27 ms
Iter 821: total=2.04 ms, PRG=0.07 ms, comm=1.10 ms, GEMM=0.27 ms
Iter 822: total=2.02 ms, PRG=0.07 ms, comm=1.08 ms, GEMM=0.27 ms
Iter 823: total=2.01 ms, PRG=0.07 ms, comm=1.08 ms, GEMM=0.27 ms
Iter 824: total=2.01 ms, PRG=0.07 ms, comm=1.06 ms, GEMM=0.27 ms
Iter 825: total=2.01 ms, PRG=0.07 ms, comm=1.06 ms, GEMM=0.27 ms
Iter 826: total=2.02 ms, PRG=0.07 ms, comm=1.08 ms, GEMM=0.27 ms
Iter 827: total=2.02 ms, PRG=0.07 ms, comm=1.07 ms, GEMM=0.28 ms
Iter 828: total=2.01 ms, PRG=0.07 ms, comm=1.06 ms, GEMM=0.27 ms
Iter 829: total=2.01 ms, PRG=0.07 ms, comm=1.06 ms, GEMM=0.27 ms
Iter 830: total=2.00 ms, PRG=0.07 ms, comm=1.05 ms, GEMM=0.27 ms
Iter 831: total=2.00 ms, PRG=0.07 ms, comm=1.05 ms, GEMM=0.27 ms
Iter 832: total=2.02 ms, PRG=0.07 ms, comm=1.07 ms, GEMM=0.27 ms
Iter 833: total=2.02 ms, PRG=0.07 ms, comm=1.07 ms, GEMM=0.27 ms
Iter 834: total=2.00 ms, PRG=0.07 ms, comm=1.05 ms, GEMM=0.27 ms
Iter 835: total=1.97 ms, PRG=0.07 ms, comm=1.06 ms, GEMM=0.27 ms
Iter 836: total=2.01 ms, PRG=0.07 ms, comm=1.12 ms, GEMM=0.27 ms
Iter 837: total=2.06 ms, PRG=0.07 ms, comm=1.14 ms, GEMM=0.27 ms
Iter 838: total=2.04 ms, PRG=0.07 ms, comm=1.10 ms, GEMM=0.28 ms
Iter 839: total=2.04 ms, PRG=0.07 ms, comm=1.10 ms, GEMM=0.27 ms
Iter 840: total=2.03 ms, PRG=0.07 ms, comm=1.08 ms, GEMM=0.29 ms
Iter 841: total=2.04 ms, PRG=0.07 ms, comm=1.09 ms, GEMM=0.27 ms
Iter 842: total=2.00 ms, PRG=0.07 ms, comm=1.06 ms, GEMM=0.27 ms
Iter 843: total=2.02 ms, PRG=0.07 ms, comm=1.07 ms, GEMM=0.27 ms
Iter 844: total=2.03 ms, PRG=0.07 ms, comm=1.08 ms, GEMM=0.27 ms
Iter 845: total=2.01 ms, PRG=0.07 ms, comm=1.06 ms, GEMM=0.27 ms
Iter 846: total=2.01 ms, PRG=0.07 ms, comm=1.06 ms, GEMM=0.27 ms
Iter 847: total=2.04 ms, PRG=0.07 ms, comm=1.09 ms, GEMM=0.27 ms
Iter 848: total=2.00 ms, PRG=0.07 ms, comm=1.06 ms, GEMM=0.27 ms
Iter 849: total=2.03 ms, PRG=0.07 ms, comm=1.08 ms, GEMM=0.27 ms
Iter 850: total=2.00 ms, PRG=0.07 ms, comm=1.05 ms, GEMM=0.27 ms
Iter 851: total=2.02 ms, PRG=0.07 ms, comm=1.07 ms, GEMM=0.27 ms
Iter 852: total=2.00 ms, PRG=0.07 ms, comm=1.06 ms, GEMM=0.27 ms
Iter 853: total=2.02 ms, PRG=0.07 ms, comm=1.07 ms, GEMM=0.27 ms
Iter 854: total=2.02 ms, PRG=0.07 ms, comm=1.07 ms, GEMM=0.27 ms
Iter 855: total=2.00 ms, PRG=0.07 ms, comm=1.05 ms, GEMM=0.27 ms
Iter 856: total=2.00 ms, PRG=0.07 ms, comm=1.05 ms, GEMM=0.27 ms
Iter 857: total=2.00 ms, PRG=0.07 ms, comm=1.06 ms, GEMM=0.27 ms
Iter 858: total=2.01 ms, PRG=0.07 ms, comm=1.07 ms, GEMM=0.27 ms
Iter 859: total=2.03 ms, PRG=0.07 ms, comm=1.08 ms, GEMM=0.27 ms
Iter 860: total=2.00 ms, PRG=0.07 ms, comm=1.06 ms, GEMM=0.27 ms
Iter 861: total=2.00 ms, PRG=0.07 ms, comm=1.05 ms, GEMM=0.27 ms
Iter 862: total=2.01 ms, PRG=0.07 ms, comm=1.06 ms, GEMM=0.27 ms
Iter 863: total=2.01 ms, PRG=0.07 ms, comm=1.07 ms, GEMM=0.27 ms
Iter 864: total=2.02 ms, PRG=0.07 ms, comm=1.07 ms, GEMM=0.27 ms
Iter 865: total=2.00 ms, PRG=0.07 ms, comm=1.06 ms, GEMM=0.27 ms
Iter 866: total=2.00 ms, PRG=0.07 ms, comm=1.05 ms, GEMM=0.27 ms
Iter 867: total=2.02 ms, PRG=0.07 ms, comm=1.08 ms, GEMM=0.27 ms
Iter 868: total=2.02 ms, PRG=0.07 ms, comm=1.07 ms, GEMM=0.27 ms
Iter 869: total=2.02 ms, PRG=0.07 ms, comm=1.07 ms, GEMM=0.27 ms
Iter 870: total=2.01 ms, PRG=0.07 ms, comm=1.06 ms, GEMM=0.27 ms
Iter 871: total=2.03 ms, PRG=0.07 ms, comm=1.08 ms, GEMM=0.27 ms
Iter 872: total=2.02 ms, PRG=0.07 ms, comm=1.07 ms, GEMM=0.27 ms
Iter 873: total=2.03 ms, PRG=0.07 ms, comm=1.07 ms, GEMM=0.28 ms
Iter 874: total=2.04 ms, PRG=0.07 ms, comm=1.08 ms, GEMM=0.27 ms
Iter 875: total=2.00 ms, PRG=0.07 ms, comm=1.05 ms, GEMM=0.27 ms
Iter 876: total=2.01 ms, PRG=0.07 ms, comm=1.06 ms, GEMM=0.27 ms
Iter 877: total=1.99 ms, PRG=0.07 ms, comm=1.05 ms, GEMM=0.27 ms
Iter 878: total=2.01 ms, PRG=0.07 ms, comm=1.06 ms, GEMM=0.27 ms
Iter 879: total=1.97 ms, PRG=0.07 ms, comm=1.06 ms, GEMM=0.27 ms
Iter 880: total=2.03 ms, PRG=0.07 ms, comm=1.09 ms, GEMM=0.27 ms
Iter 881: total=2.03 ms, PRG=0.07 ms, comm=1.08 ms, GEMM=0.27 ms
Iter 882: total=2.01 ms, PRG=0.07 ms, comm=1.07 ms, GEMM=0.27 ms
Iter 883: total=1.99 ms, PRG=0.07 ms, comm=1.06 ms, GEMM=0.27 ms
Iter 884: total=2.00 ms, PRG=0.07 ms, comm=1.06 ms, GEMM=0.27 ms
Iter 885: total=2.02 ms, PRG=0.07 ms, comm=1.07 ms, GEMM=0.27 ms
Iter 886: total=2.01 ms, PRG=0.07 ms, comm=1.07 ms, GEMM=0.27 ms
Iter 887: total=1.99 ms, PRG=0.07 ms, comm=1.08 ms, GEMM=0.27 ms
Iter 888: total=2.04 ms, PRG=0.07 ms, comm=1.10 ms, GEMM=0.27 ms
Iter 889: total=2.04 ms, PRG=0.07 ms, comm=1.10 ms, GEMM=0.27 ms
Iter 890: total=2.03 ms, PRG=0.07 ms, comm=1.09 ms, GEMM=0.27 ms
Iter 891: total=2.02 ms, PRG=0.07 ms, comm=1.07 ms, GEMM=0.27 ms
Iter 892: total=2.01 ms, PRG=0.07 ms, comm=1.07 ms, GEMM=0.27 ms
Iter 893: total=2.01 ms, PRG=0.07 ms, comm=1.07 ms, GEMM=0.27 ms
Iter 894: total=2.00 ms, PRG=0.07 ms, comm=1.06 ms, GEMM=0.27 ms
Iter 895: total=2.02 ms, PRG=0.07 ms, comm=1.07 ms, GEMM=0.27 ms
Iter 896: total=2.01 ms, PRG=0.07 ms, comm=1.06 ms, GEMM=0.28 ms
Iter 897: total=2.00 ms, PRG=0.07 ms, comm=1.05 ms, GEMM=0.27 ms
Iter 898: total=2.00 ms, PRG=0.07 ms, comm=1.05 ms, GEMM=0.27 ms
Iter 899: total=2.01 ms, PRG=0.07 ms, comm=1.06 ms, GEMM=0.27 ms
Iter 900: total=2.04 ms, PRG=0.07 ms, comm=1.09 ms, GEMM=0.27 ms
Iter 901: total=2.00 ms, PRG=0.07 ms, comm=1.05 ms, GEMM=0.27 ms
Iter 902: total=2.00 ms, PRG=0.07 ms, comm=1.04 ms, GEMM=0.27 ms
Iter 903: total=2.02 ms, PRG=0.07 ms, comm=1.07 ms, GEMM=0.27 ms
Iter 904: total=1.95 ms, PRG=0.07 ms, comm=1.05 ms, GEMM=0.27 ms
Iter 905: total=2.01 ms, PRG=0.07 ms, comm=1.13 ms, GEMM=0.27 ms
Iter 906: total=2.05 ms, PRG=0.07 ms, comm=1.13 ms, GEMM=0.27 ms
Iter 907: total=2.03 ms, PRG=0.07 ms, comm=1.09 ms, GEMM=0.27 ms
Iter 908: total=2.00 ms, PRG=0.07 ms, comm=1.06 ms, GEMM=0.27 ms
Iter 909: total=2.00 ms, PRG=0.07 ms, comm=1.06 ms, GEMM=0.27 ms
Iter 910: total=1.99 ms, PRG=0.07 ms, comm=1.05 ms, GEMM=0.27 ms
Iter 911: total=2.01 ms, PRG=0.07 ms, comm=1.05 ms, GEMM=0.28 ms
Iter 912: total=2.00 ms, PRG=0.07 ms, comm=1.05 ms, GEMM=0.28 ms
Iter 913: total=1.99 ms, PRG=0.07 ms, comm=1.05 ms, GEMM=0.27 ms
Iter 914: total=2.00 ms, PRG=0.07 ms, comm=1.05 ms, GEMM=0.27 ms
Iter 915: total=2.03 ms, PRG=0.07 ms, comm=1.08 ms, GEMM=0.28 ms
Iter 916: total=1.99 ms, PRG=0.07 ms, comm=1.04 ms, GEMM=0.27 ms
Iter 917: total=2.02 ms, PRG=0.07 ms, comm=1.07 ms, GEMM=0.27 ms
Iter 918: total=2.01 ms, PRG=0.07 ms, comm=1.06 ms, GEMM=0.27 ms
Iter 919: total=2.01 ms, PRG=0.07 ms, comm=1.06 ms, GEMM=0.27 ms
Iter 920: total=2.01 ms, PRG=0.07 ms, comm=1.06 ms, GEMM=0.27 ms
Iter 921: total=2.01 ms, PRG=0.07 ms, comm=1.06 ms, GEMM=0.27 ms
Iter 922: total=1.99 ms, PRG=0.07 ms, comm=1.05 ms, GEMM=0.27 ms
Iter 923: total=2.01 ms, PRG=0.07 ms, comm=1.06 ms, GEMM=0.27 ms
Iter 924: total=2.00 ms, PRG=0.07 ms, comm=1.05 ms, GEMM=0.27 ms
Iter 925: total=2.00 ms, PRG=0.07 ms, comm=1.05 ms, GEMM=0.27 ms
Iter 926: total=2.01 ms, PRG=0.07 ms, comm=1.07 ms, GEMM=0.27 ms
Iter 927: total=2.02 ms, PRG=0.07 ms, comm=1.07 ms, GEMM=0.27 ms
Iter 928: total=2.00 ms, PRG=0.07 ms, comm=1.05 ms, GEMM=0.27 ms
Iter 929: total=2.02 ms, PRG=0.07 ms, comm=1.08 ms, GEMM=0.27 ms
Iter 930: total=2.01 ms, PRG=0.07 ms, comm=1.06 ms, GEMM=0.27 ms
Iter 931: total=2.02 ms, PRG=0.07 ms, comm=1.07 ms, GEMM=0.27 ms
Iter 932: total=2.01 ms, PRG=0.07 ms, comm=1.06 ms, GEMM=0.27 ms
Iter 933: total=2.01 ms, PRG=0.07 ms, comm=1.06 ms, GEMM=0.27 ms
Iter 934: total=2.01 ms, PRG=0.07 ms, comm=1.05 ms, GEMM=0.27 ms
Iter 935: total=2.01 ms, PRG=0.07 ms, comm=1.06 ms, GEMM=0.27 ms
Iter 936: total=2.01 ms, PRG=0.07 ms, comm=1.07 ms, GEMM=0.28 ms
Iter 937: total=2.02 ms, PRG=0.07 ms, comm=1.07 ms, GEMM=0.27 ms
Iter 938: total=2.01 ms, PRG=0.07 ms, comm=1.06 ms, GEMM=0.27 ms
Iter 939: total=2.01 ms, PRG=0.07 ms, comm=1.07 ms, GEMM=0.27 ms
Iter 940: total=2.02 ms, PRG=0.07 ms, comm=1.07 ms, GEMM=0.27 ms
Iter 941: total=2.02 ms, PRG=0.07 ms, comm=1.07 ms, GEMM=0.27 ms
Iter 942: total=2.02 ms, PRG=0.07 ms, comm=1.07 ms, GEMM=0.27 ms
Iter 943: total=2.00 ms, PRG=0.07 ms, comm=1.07 ms, GEMM=0.27 ms
Iter 944: total=2.02 ms, PRG=0.07 ms, comm=1.08 ms, GEMM=0.27 ms
Iter 945: total=1.99 ms, PRG=0.07 ms, comm=1.05 ms, GEMM=0.27 ms
Iter 946: total=2.03 ms, PRG=0.07 ms, comm=1.08 ms, GEMM=0.27 ms
Iter 947: total=2.03 ms, PRG=0.07 ms, comm=1.08 ms, GEMM=0.27 ms
Iter 948: total=2.00 ms, PRG=0.07 ms, comm=1.06 ms, GEMM=0.27 ms
Iter 949: total=2.00 ms, PRG=0.07 ms, comm=1.06 ms, GEMM=0.27 ms
Iter 950: total=2.05 ms, PRG=0.07 ms, comm=1.09 ms, GEMM=0.27 ms
Iter 951: total=2.01 ms, PRG=0.07 ms, comm=1.07 ms, GEMM=0.27 ms
Iter 952: total=2.02 ms, PRG=0.07 ms, comm=1.07 ms, GEMM=0.27 ms
Iter 953: total=2.00 ms, PRG=0.07 ms, comm=1.05 ms, GEMM=0.27 ms
Iter 954: total=2.00 ms, PRG=0.07 ms, comm=1.05 ms, GEMM=0.27 ms
Iter 955: total=2.00 ms, PRG=0.07 ms, comm=1.06 ms, GEMM=0.27 ms
Iter 956: total=2.02 ms, PRG=0.07 ms, comm=1.07 ms, GEMM=0.27 ms
Iter 957: total=2.01 ms, PRG=0.07 ms, comm=1.05 ms, GEMM=0.27 ms
Iter 958: total=2.03 ms, PRG=0.07 ms, comm=1.08 ms, GEMM=0.27 ms
Iter 959: total=2.02 ms, PRG=0.07 ms, comm=1.07 ms, GEMM=0.28 ms
Iter 960: total=2.00 ms, PRG=0.07 ms, comm=1.06 ms, GEMM=0.27 ms
Iter 961: total=2.01 ms, PRG=0.07 ms, comm=1.06 ms, GEMM=0.27 ms
Iter 962: total=2.00 ms, PRG=0.07 ms, comm=1.05 ms, GEMM=0.27 ms
Iter 963: total=2.00 ms, PRG=0.07 ms, comm=1.06 ms, GEMM=0.27 ms
Iter 964: total=2.02 ms, PRG=0.07 ms, comm=1.07 ms, GEMM=0.27 ms
Iter 965: total=2.01 ms, PRG=0.07 ms, comm=1.06 ms, GEMM=0.27 ms
Iter 966: total=1.98 ms, PRG=0.07 ms, comm=1.07 ms, GEMM=0.27 ms
Iter 967: total=2.04 ms, PRG=0.07 ms, comm=1.10 ms, GEMM=0.27 ms
Iter 968: total=2.01 ms, PRG=0.07 ms, comm=1.07 ms, GEMM=0.27 ms
Iter 969: total=2.03 ms, PRG=0.07 ms, comm=1.08 ms, GEMM=0.27 ms
Iter 970: total=2.02 ms, PRG=0.08 ms, comm=1.06 ms, GEMM=0.27 ms
Iter 971: total=2.00 ms, PRG=0.07 ms, comm=1.06 ms, GEMM=0.27 ms
Iter 972: total=2.05 ms, PRG=0.07 ms, comm=1.10 ms, GEMM=0.28 ms
Iter 973: total=2.06 ms, PRG=0.07 ms, comm=1.12 ms, GEMM=0.28 ms
Iter 974: total=2.01 ms, PRG=0.07 ms, comm=1.06 ms, GEMM=0.27 ms
Iter 975: total=2.03 ms, PRG=0.07 ms, comm=1.08 ms, GEMM=0.28 ms
Iter 976: total=2.03 ms, PRG=0.07 ms, comm=1.08 ms, GEMM=0.27 ms
Iter 977: total=2.01 ms, PRG=0.07 ms, comm=1.06 ms, GEMM=0.27 ms
Iter 978: total=2.00 ms, PRG=0.07 ms, comm=1.05 ms, GEMM=0.27 ms
Iter 979: total=2.00 ms, PRG=0.07 ms, comm=1.05 ms, GEMM=0.27 ms
Iter 980: total=1.99 ms, PRG=0.07 ms, comm=1.05 ms, GEMM=0.27 ms
Iter 981: total=2.01 ms, PRG=0.07 ms, comm=1.06 ms, GEMM=0.27 ms
Iter 982: total=2.02 ms, PRG=0.07 ms, comm=1.07 ms, GEMM=0.27 ms
Iter 983: total=2.01 ms, PRG=0.07 ms, comm=1.06 ms, GEMM=0.27 ms
Iter 984: total=2.00 ms, PRG=0.07 ms, comm=1.05 ms, GEMM=0.27 ms
Iter 985: total=2.00 ms, PRG=0.07 ms, comm=1.06 ms, GEMM=0.27 ms
Iter 986: total=2.01 ms, PRG=0.07 ms, comm=1.06 ms, GEMM=0.27 ms
Iter 987: total=2.00 ms, PRG=0.07 ms, comm=1.05 ms, GEMM=0.27 ms
Iter 988: total=2.03 ms, PRG=0.07 ms, comm=1.08 ms, GEMM=0.27 ms
Iter 989: total=2.00 ms, PRG=0.07 ms, comm=1.05 ms, GEMM=0.27 ms
Iter 990: total=2.00 ms, PRG=0.07 ms, comm=1.06 ms, GEMM=0.27 ms
Iter 991: total=2.01 ms, PRG=0.07 ms, comm=1.06 ms, GEMM=0.27 ms
Iter 992: total=2.02 ms, PRG=0.07 ms, comm=1.08 ms, GEMM=0.27 ms
Iter 993: total=2.01 ms, PRG=0.07 ms, comm=1.06 ms, GEMM=0.27 ms
Iter 994: total=2.00 ms, PRG=0.07 ms, comm=1.06 ms, GEMM=0.27 ms
Iter 995: total=1.99 ms, PRG=0.07 ms, comm=1.04 ms, GEMM=0.27 ms
Iter 996: total=2.02 ms, PRG=0.07 ms, comm=1.08 ms, GEMM=0.27 ms
Iter 997: total=2.01 ms, PRG=0.07 ms, comm=1.06 ms, GEMM=0.27 ms
Iter 998: total=2.01 ms, PRG=0.07 ms, comm=1.07 ms, GEMM=0.27 ms
Iter 999: total=2.02 ms, PRG=0.07 ms, comm=1.07 ms, GEMM=0.28 ms
Iter 1000: total=2.03 ms, PRG=0.07 ms, comm=1.08 ms, GEMM=0.27 ms

╔══════════════════════════════════════════════════╗
║  Results (with A/B/C storage pressure)          ║
╠══════════════════════════════════════════════════╣
║  Matrix:      [128×768] × [768×768] = [128×768]   ║
║  Iterations:             1000                     ║
║  Total time:             2.02 s                 ║
║  PRG time:               0.07 ms / iter         ║
║  Comm time:              1.07 ms / iter         ║
║  GEMM time:              0.27 ms / iter         ║
║  Comm bytes:      5.51 /     5.51 MB/iter     ║
║                                              ║
║  PRG throughput (A+B):       9641.11 M elems/s   ║
║  Gen throughput (A+B+C):      831.74 M elems/s   ║
║  Total throughput (A+B+C):    389.76 M elems/s   ║
║                                              ║
║  PRG bandwidth  (A+B → SSD):     77.13 GB/s    ║
║  Gen bandwidth  (A+B+C→SSD):      6.65 GB/s    ║
║  Total bandwidth(A+B+C→SSD):      3.12 GB/s    ║
║                                              ║
║  GEMM throughput:               74.83 GOPS/s     ║
╚══════════════════════════════════════════════════╝

[Party 0] Communication per iter: Sent=5.505024 MB, Recv=5.505024 MB, Total=11.010048 MB
[Party 0] Communication total: Sent=5505.024000 MB, Recv=5505.024000 MB, Total=11010.048000 MB
