WARNING:__main__:device: cuda:0, rank: 0, world_size: 1, 16-bits inference: False
/home/ylu18/miniconda3/envs/shaft_clean/lib/python3.10/site-packages/huggingface_hub/file_download.py:942: FutureWarning: `resume_download` is deprecated and will be removed in version 1.0.0. Downloads always resume when possible. If you want to force a new download, use `force_download=True`.
  warnings.warn(
[W shape_type_inference.cpp:1920] Warning: The shape inference of shaft::Embedding type is missing, so it may result in wrong shape inference for the exported graph. Please consider adding it in symbolic function. (function UpdateReliable)
[W shape_type_inference.cpp:1920] Warning: The shape inference of shaft::Embedding type is missing, so it may result in wrong shape inference for the exported graph. Please consider adding it in symbolic function. (function UpdateReliable)
/home/ylu18/miniconda3/envs/shaft_clean/lib/python3.10/site-packages/torch/onnx/utils.py:1636: UserWarning: The exported ONNX model failed ONNX shape inference.The model will not be executable by the ONNX Runtime.If this is unintended and you believe there is a bug,please report an issue at https://github.com/pytorch/pytorch/issues.Error reported by strict ONNX shape inference: [ShapeInferenceError] (op_type:Dropout, node name: /transformer/drop/Dropout): training_mode typestr: T2, has unsupported type: tensor(int64) (Triggered internally at /workspace/croot/pytorch_1692381528408/work/torch/csrc/jit/serialization/export.cpp:1407.)
  _C._check_onnx_proto(proto)
/home/ylu18/luoresearch/2PC/vit_experiment/crypten/nn/onnx_converter.py:256: UserWarning: The given NumPy array is not writable, and PyTorch does not support non-writable tensors. This means writing to this tensor will result in undefined behavior. You may want to copy the array to protect its data or make it writable before converting it to a tensor. This type of warning will be suppressed for the rest of this program. (Triggered internally at /workspace/croot/pytorch_1692381528408/work/torch/csrc/utils/tensor_numpy.cpp:206.)
  param = torch.from_numpy(numpy_helper.to_array(node))
/home/ylu18/luoresearch/2PC/vit_experiment/crypten/mpc/provider/tfp_provider.py:62: UserWarning: Defining your `__torch_function__` as a plain method is deprecated and will be an error in future, please define it as a classmethod. (Triggered internally at /workspace/croot/pytorch_1692381528408/work/torch/csrc/utils/python_arg_parser.cpp:363.)
  v = torch.nn.functional.one_hot(r, num_classes=length)
/home/ylu18/luoresearch/2PC/vit_experiment/crypten/mpc/provider/tfp_provider.py:29: UserWarning: Defining your `__torch_function__` as a plain method is deprecated and will be an error in future, please define it as a classmethod. (Triggered internally at /workspace/croot/pytorch_1692381528408/work/torch/csrc/utils/python_arg_parser.cpp:363.)
  c = getattr(torch, op)(a, b, *args, **kwargs)
/home/ylu18/luoresearch/2PC/vit_experiment/crypten/mpc/primitives/beaver.py:82: UserWarning: Defining your `__torch_function__` as a plain method is deprecated and will be an error in future, please define it as a classmethod. (Triggered internally at /workspace/croot/pytorch_1692381528408/work/torch/csrc/utils/python_arg_parser.cpp:363.)
  c._tensor += getattr(torch, op)(epsilon, b._tensor, *args, **kwargs)
/home/ylu18/luoresearch/2PC/vit_experiment/crypten/mpc/primitives/beaver.py:83: UserWarning: Defining your `__torch_function__` as a plain method is deprecated and will be an error in future, please define it as a classmethod. (Triggered internally at /workspace/croot/pytorch_1692381528408/work/torch/csrc/utils/python_arg_parser.cpp:363.)
  c._tensor += getattr(torch, op)(a._tensor, delta, *args, **kwargs)
/home/ylu18/luoresearch/2PC/vit_experiment/crypten/mpc/primitives/beaver.py:84: UserWarning: Defining your `__torch_function__` as a plain method is deprecated and will be an error in future, please define it as a classmethod. (Triggered internally at /workspace/croot/pytorch_1692381528408/work/torch/csrc/utils/python_arg_parser.cpp:363.)
  c += getattr(torch, op)(epsilon, delta, *args, **kwargs)
/home/ylu18/luoresearch/2PC/vit_experiment/crypten/mpc/primitives/arithmetic.py:372: UserWarning: Defining your `__torch_function__` as a plain method is deprecated and will be an error in future, please define it as a classmethod. (Triggered internally at /workspace/croot/pytorch_1692381528408/work/torch/csrc/utils/python_arg_parser.cpp:363.)
  result.share = getattr(torch, op)(result.share, y, *args, **kwargs)
================ Diagnostic Run torch.onnx.export version 2.0.1 ================
verbose: False, log level: Level.ERROR
======================= 0 NONE 0 NOTE 0 WARNING 0 ERROR ========================

================ Diagnostic Run torch.onnx.export version 2.0.1 ================
verbose: False, log level: Level.ERROR
======================= 0 NONE 0 NOTE 2 WARNING 0 ERROR ========================
2 WARNING were not printed due to the log level.

comp time: 9.70s
