==== bert_W_QKV (128,768,768), iters=1000 ====
[PCG] Loaded from /home/ylu18/luoresearch/2PC/results/bert_hybrid_20260505_020113/brillm_dummy_pcg/bert_W_QKV_party0.bin
[PCG] Matrix: [128×768] × [768×768] = [128×768], k=64-bit

╔═══════════════════════════════════════════════════════════╗
║  GPU Matrix Beaver Online                                 ║
║  Y = X × W                                                ║
╠═══════════════════════════════════════════════════════════╣
║  GPU: NVIDIA RTX A6000                               ║
║  Matrix: [128×768] × [768×768] = [128×768]                      
║  k_bits: 64                                              ║
║  iterations: 1000                                         ║
╚═══════════════════════════════════════════════════════════╝

Iter 1: total=5.21 ms, PRG=0.08 ms, comm=4.30 ms, GEMM=0.32 ms
Iter 2: total=4.85 ms, PRG=0.07 ms, comm=4.02 ms, GEMM=0.29 ms
Iter 3: total=3.05 ms, PRG=0.07 ms, comm=2.24 ms, GEMM=0.28 ms
Iter 4: total=3.06 ms, PRG=0.07 ms, comm=2.24 ms, GEMM=0.28 ms
Iter 5: total=3.01 ms, PRG=0.07 ms, comm=2.19 ms, GEMM=0.28 ms
Iter 6: total=3.09 ms, PRG=0.07 ms, comm=2.29 ms, GEMM=0.28 ms
Iter 7: total=3.05 ms, PRG=0.07 ms, comm=2.24 ms, GEMM=0.28 ms
Iter 8: total=3.05 ms, PRG=0.07 ms, comm=2.25 ms, GEMM=0.28 ms
Iter 9: total=3.03 ms, PRG=0.07 ms, comm=2.23 ms, GEMM=0.28 ms
Iter 10: total=3.00 ms, PRG=0.07 ms, comm=2.21 ms, GEMM=0.28 ms
Iter 11: total=3.01 ms, PRG=0.07 ms, comm=2.19 ms, GEMM=0.28 ms
Iter 12: total=3.04 ms, PRG=0.07 ms, comm=2.24 ms, GEMM=0.28 ms
Iter 13: total=3.00 ms, PRG=0.07 ms, comm=2.19 ms, GEMM=0.28 ms
Iter 14: total=3.00 ms, PRG=0.07 ms, comm=2.19 ms, GEMM=0.28 ms
Iter 15: total=3.01 ms, PRG=0.07 ms, comm=2.21 ms, GEMM=0.28 ms
Iter 16: total=3.02 ms, PRG=0.07 ms, comm=2.22 ms, GEMM=0.27 ms
Iter 17: total=3.05 ms, PRG=0.07 ms, comm=2.24 ms, GEMM=0.28 ms
Iter 18: total=3.04 ms, PRG=0.07 ms, comm=2.20 ms, GEMM=0.28 ms
Iter 19: total=3.03 ms, PRG=0.07 ms, comm=2.21 ms, GEMM=0.28 ms
Iter 20: total=2.99 ms, PRG=0.07 ms, comm=2.20 ms, GEMM=0.28 ms
Iter 21: total=3.10 ms, PRG=0.07 ms, comm=2.30 ms, GEMM=0.27 ms
Iter 22: total=3.03 ms, PRG=0.07 ms, comm=2.21 ms, GEMM=0.28 ms
Iter 23: total=3.04 ms, PRG=0.07 ms, comm=2.24 ms, GEMM=0.28 ms
Iter 24: total=2.98 ms, PRG=0.07 ms, comm=2.19 ms, GEMM=0.27 ms
Iter 25: total=3.02 ms, PRG=0.07 ms, comm=2.18 ms, GEMM=0.28 ms
Iter 26: total=3.03 ms, PRG=0.07 ms, comm=2.18 ms, GEMM=0.28 ms
Iter 27: total=3.06 ms, PRG=0.07 ms, comm=2.25 ms, GEMM=0.28 ms
Iter 28: total=2.98 ms, PRG=0.07 ms, comm=2.18 ms, GEMM=0.28 ms
Iter 29: total=2.99 ms, PRG=0.07 ms, comm=2.17 ms, GEMM=0.28 ms
Iter 30: total=3.04 ms, PRG=0.07 ms, comm=2.24 ms, GEMM=0.28 ms
Iter 31: total=3.00 ms, PRG=0.07 ms, comm=2.18 ms, GEMM=0.28 ms
Iter 32: total=3.00 ms, PRG=0.07 ms, comm=2.17 ms, GEMM=0.28 ms
Iter 33: total=3.16 ms, PRG=0.07 ms, comm=2.35 ms, GEMM=0.28 ms
Iter 34: total=3.02 ms, PRG=0.07 ms, comm=2.19 ms, GEMM=0.28 ms
Iter 35: total=3.01 ms, PRG=0.07 ms, comm=2.21 ms, GEMM=0.27 ms
Iter 36: total=3.01 ms, PRG=0.07 ms, comm=2.21 ms, GEMM=0.28 ms
Iter 37: total=3.00 ms, PRG=0.07 ms, comm=2.21 ms, GEMM=0.28 ms
Iter 38: total=2.98 ms, PRG=0.07 ms, comm=2.15 ms, GEMM=0.28 ms
Iter 39: total=3.01 ms, PRG=0.07 ms, comm=2.19 ms, GEMM=0.28 ms
Iter 40: total=3.00 ms, PRG=0.07 ms, comm=2.18 ms, GEMM=0.28 ms
Iter 41: total=3.04 ms, PRG=0.07 ms, comm=2.23 ms, GEMM=0.28 ms
Iter 42: total=2.99 ms, PRG=0.07 ms, comm=2.16 ms, GEMM=0.28 ms
Iter 43: total=3.04 ms, PRG=0.07 ms, comm=2.24 ms, GEMM=0.28 ms
Iter 44: total=3.04 ms, PRG=0.07 ms, comm=2.24 ms, GEMM=0.28 ms
Iter 45: total=3.05 ms, PRG=0.07 ms, comm=2.25 ms, GEMM=0.28 ms
Iter 46: total=3.03 ms, PRG=0.07 ms, comm=2.21 ms, GEMM=0.28 ms
Iter 47: total=3.04 ms, PRG=0.07 ms, comm=2.25 ms, GEMM=0.27 ms
Iter 48: total=2.98 ms, PRG=0.07 ms, comm=2.18 ms, GEMM=0.27 ms
Iter 49: total=3.01 ms, PRG=0.07 ms, comm=2.18 ms, GEMM=0.28 ms
Iter 50: total=3.00 ms, PRG=0.07 ms, comm=2.20 ms, GEMM=0.28 ms
Iter 51: total=3.05 ms, PRG=0.07 ms, comm=2.22 ms, GEMM=0.28 ms
Iter 52: total=3.02 ms, PRG=0.07 ms, comm=2.19 ms, GEMM=0.28 ms
Iter 53: total=3.01 ms, PRG=0.07 ms, comm=2.22 ms, GEMM=0.27 ms
Iter 54: total=3.86 ms, PRG=0.07 ms, comm=3.04 ms, GEMM=0.28 ms
Iter 55: total=3.02 ms, PRG=0.07 ms, comm=2.19 ms, GEMM=0.27 ms
Iter 56: total=3.02 ms, PRG=0.07 ms, comm=2.21 ms, GEMM=0.28 ms
Iter 57: total=3.01 ms, PRG=0.07 ms, comm=2.21 ms, GEMM=0.28 ms
Iter 58: total=2.98 ms, PRG=0.07 ms, comm=2.18 ms, GEMM=0.27 ms
Iter 59: total=3.01 ms, PRG=0.07 ms, comm=2.18 ms, GEMM=0.28 ms
Iter 60: total=3.03 ms, PRG=0.07 ms, comm=2.21 ms, GEMM=0.28 ms
Iter 61: total=3.03 ms, PRG=0.07 ms, comm=2.22 ms, GEMM=0.28 ms
Iter 62: total=3.02 ms, PRG=0.07 ms, comm=2.22 ms, GEMM=0.28 ms
Iter 63: total=3.14 ms, PRG=0.07 ms, comm=2.32 ms, GEMM=0.28 ms
Iter 64: total=3.04 ms, PRG=0.07 ms, comm=2.22 ms, GEMM=0.28 ms
Iter 65: total=3.03 ms, PRG=0.07 ms, comm=2.23 ms, GEMM=0.27 ms
Iter 66: total=3.00 ms, PRG=0.07 ms, comm=2.18 ms, GEMM=0.28 ms
Iter 67: total=2.99 ms, PRG=0.07 ms, comm=2.19 ms, GEMM=0.28 ms
Iter 68: total=3.03 ms, PRG=0.07 ms, comm=2.21 ms, GEMM=0.28 ms
Iter 69: total=3.04 ms, PRG=0.07 ms, comm=2.23 ms, GEMM=0.28 ms
Iter 70: total=3.01 ms, PRG=0.07 ms, comm=2.21 ms, GEMM=0.28 ms
Iter 71: total=3.00 ms, PRG=0.07 ms, comm=2.18 ms, GEMM=0.28 ms
Iter 72: total=3.04 ms, PRG=0.07 ms, comm=2.25 ms, GEMM=0.27 ms
Iter 73: total=3.03 ms, PRG=0.07 ms, comm=2.21 ms, GEMM=0.28 ms
Iter 74: total=3.22 ms, PRG=0.07 ms, comm=2.40 ms, GEMM=0.27 ms
Iter 75: total=3.02 ms, PRG=0.07 ms, comm=2.19 ms, GEMM=0.28 ms
Iter 76: total=3.01 ms, PRG=0.07 ms, comm=2.19 ms, GEMM=0.28 ms
Iter 77: total=3.06 ms, PRG=0.07 ms, comm=2.26 ms, GEMM=0.28 ms
Iter 78: total=3.01 ms, PRG=0.07 ms, comm=2.21 ms, GEMM=0.28 ms
Iter 79: total=2.98 ms, PRG=0.07 ms, comm=2.15 ms, GEMM=0.28 ms
Iter 80: total=3.04 ms, PRG=0.07 ms, comm=2.21 ms, GEMM=0.28 ms
Iter 81: total=3.02 ms, PRG=0.07 ms, comm=2.19 ms, GEMM=0.28 ms
Iter 82: total=3.01 ms, PRG=0.07 ms, comm=2.20 ms, GEMM=0.28 ms
Iter 83: total=3.04 ms, PRG=0.07 ms, comm=2.23 ms, GEMM=0.28 ms
Iter 84: total=3.02 ms, PRG=0.07 ms, comm=2.23 ms, GEMM=0.28 ms
Iter 85: total=3.02 ms, PRG=0.07 ms, comm=2.21 ms, GEMM=0.28 ms
Iter 86: total=3.03 ms, PRG=0.07 ms, comm=2.23 ms, GEMM=0.28 ms
Iter 87: total=3.00 ms, PRG=0.07 ms, comm=2.20 ms, GEMM=0.28 ms
Iter 88: total=3.02 ms, PRG=0.07 ms, comm=2.20 ms, GEMM=0.28 ms
Iter 89: total=3.02 ms, PRG=0.07 ms, comm=2.20 ms, GEMM=0.28 ms
Iter 90: total=3.00 ms, PRG=0.07 ms, comm=2.20 ms, GEMM=0.28 ms
Iter 91: total=3.00 ms, PRG=0.07 ms, comm=2.19 ms, GEMM=0.28 ms
Iter 92: total=2.99 ms, PRG=0.07 ms, comm=2.17 ms, GEMM=0.28 ms
Iter 93: total=3.07 ms, PRG=0.07 ms, comm=2.25 ms, GEMM=0.28 ms
Iter 94: total=3.02 ms, PRG=0.07 ms, comm=2.22 ms, GEMM=0.27 ms
Iter 95: total=3.02 ms, PRG=0.07 ms, comm=2.22 ms, GEMM=0.28 ms
Iter 96: total=3.04 ms, PRG=0.07 ms, comm=2.24 ms, GEMM=0.28 ms
Iter 97: total=3.01 ms, PRG=0.07 ms, comm=2.21 ms, GEMM=0.28 ms
Iter 98: total=3.05 ms, PRG=0.07 ms, comm=2.23 ms, GEMM=0.28 ms
Iter 99: total=3.04 ms, PRG=0.07 ms, comm=2.20 ms, GEMM=0.28 ms
Iter 100: total=3.02 ms, PRG=0.07 ms, comm=2.19 ms, GEMM=0.28 ms
Iter 101: total=3.08 ms, PRG=0.07 ms, comm=2.28 ms, GEMM=0.27 ms
Iter 102: total=3.01 ms, PRG=0.07 ms, comm=2.20 ms, GEMM=0.28 ms
Iter 103: total=3.05 ms, PRG=0.07 ms, comm=2.22 ms, GEMM=0.28 ms
Iter 104: total=3.02 ms, PRG=0.07 ms, comm=2.21 ms, GEMM=0.28 ms
Iter 105: total=3.01 ms, PRG=0.07 ms, comm=2.21 ms, GEMM=0.28 ms
Iter 106: total=3.03 ms, PRG=0.07 ms, comm=2.21 ms, GEMM=0.28 ms
Iter 107: total=3.02 ms, PRG=0.07 ms, comm=2.19 ms, GEMM=0.28 ms
Iter 108: total=3.04 ms, PRG=0.07 ms, comm=2.24 ms, GEMM=0.28 ms
Iter 109: total=3.00 ms, PRG=0.07 ms, comm=2.19 ms, GEMM=0.28 ms
Iter 110: total=3.06 ms, PRG=0.07 ms, comm=2.22 ms, GEMM=0.28 ms
Iter 111: total=3.06 ms, PRG=0.07 ms, comm=2.25 ms, GEMM=0.28 ms
Iter 112: total=3.01 ms, PRG=0.07 ms, comm=2.21 ms, GEMM=0.28 ms
Iter 113: total=3.00 ms, PRG=0.07 ms, comm=2.20 ms, GEMM=0.27 ms
Iter 114: total=3.06 ms, PRG=0.07 ms, comm=2.27 ms, GEMM=0.28 ms
Iter 115: total=3.03 ms, PRG=0.07 ms, comm=2.22 ms, GEMM=0.28 ms
Iter 116: total=3.03 ms, PRG=0.07 ms, comm=2.21 ms, GEMM=0.28 ms
Iter 117: total=2.99 ms, PRG=0.07 ms, comm=2.20 ms, GEMM=0.27 ms
Iter 118: total=2.99 ms, PRG=0.07 ms, comm=2.20 ms, GEMM=0.27 ms
Iter 119: total=3.03 ms, PRG=0.07 ms, comm=2.23 ms, GEMM=0.28 ms
Iter 120: total=3.01 ms, PRG=0.07 ms, comm=2.21 ms, GEMM=0.28 ms
Iter 121: total=3.86 ms, PRG=0.07 ms, comm=3.04 ms, GEMM=0.28 ms
Iter 122: total=3.00 ms, PRG=0.07 ms, comm=2.20 ms, GEMM=0.28 ms
Iter 123: total=3.00 ms, PRG=0.07 ms, comm=2.20 ms, GEMM=0.27 ms
Iter 124: total=3.03 ms, PRG=0.07 ms, comm=2.20 ms, GEMM=0.28 ms
Iter 125: total=3.02 ms, PRG=0.07 ms, comm=2.23 ms, GEMM=0.27 ms
Iter 126: total=3.00 ms, PRG=0.07 ms, comm=2.20 ms, GEMM=0.28 ms
Iter 127: total=3.02 ms, PRG=0.07 ms, comm=2.20 ms, GEMM=0.28 ms
Iter 128: total=3.05 ms, PRG=0.07 ms, comm=2.22 ms, GEMM=0.28 ms
Iter 129: total=3.03 ms, PRG=0.07 ms, comm=2.21 ms, GEMM=0.28 ms
Iter 130: total=2.96 ms, PRG=0.07 ms, comm=2.14 ms, GEMM=0.28 ms
Iter 131: total=3.02 ms, PRG=0.07 ms, comm=2.20 ms, GEMM=0.28 ms
Iter 132: total=3.02 ms, PRG=0.07 ms, comm=2.21 ms, GEMM=0.28 ms
Iter 133: total=3.02 ms, PRG=0.07 ms, comm=2.21 ms, GEMM=0.28 ms
Iter 134: total=3.05 ms, PRG=0.07 ms, comm=2.24 ms, GEMM=0.27 ms
Iter 135: total=3.00 ms, PRG=0.07 ms, comm=2.19 ms, GEMM=0.28 ms
Iter 136: total=3.05 ms, PRG=0.07 ms, comm=2.25 ms, GEMM=0.28 ms
Iter 137: total=3.03 ms, PRG=0.07 ms, comm=2.21 ms, GEMM=0.28 ms
Iter 138: total=3.00 ms, PRG=0.07 ms, comm=2.17 ms, GEMM=0.28 ms
Iter 139: total=3.04 ms, PRG=0.07 ms, comm=2.24 ms, GEMM=0.28 ms
Iter 140: total=3.02 ms, PRG=0.07 ms, comm=2.22 ms, GEMM=0.27 ms
Iter 141: total=2.99 ms, PRG=0.07 ms, comm=2.19 ms, GEMM=0.27 ms
Iter 142: total=2.99 ms, PRG=0.07 ms, comm=2.18 ms, GEMM=0.28 ms
Iter 143: total=3.01 ms, PRG=0.07 ms, comm=2.18 ms, GEMM=0.28 ms
Iter 144: total=3.02 ms, PRG=0.07 ms, comm=2.20 ms, GEMM=0.28 ms
Iter 145: total=3.02 ms, PRG=0.07 ms, comm=2.21 ms, GEMM=0.28 ms
Iter 146: total=3.03 ms, PRG=0.07 ms, comm=2.22 ms, GEMM=0.28 ms
Iter 147: total=3.00 ms, PRG=0.07 ms, comm=2.20 ms, GEMM=0.28 ms
Iter 148: total=3.88 ms, PRG=0.07 ms, comm=3.07 ms, GEMM=0.28 ms
Iter 149: total=3.01 ms, PRG=0.07 ms, comm=2.21 ms, GEMM=0.28 ms
Iter 150: total=3.02 ms, PRG=0.07 ms, comm=2.22 ms, GEMM=0.27 ms
Iter 151: total=2.99 ms, PRG=0.07 ms, comm=2.19 ms, GEMM=0.28 ms
Iter 152: total=3.01 ms, PRG=0.07 ms, comm=2.21 ms, GEMM=0.27 ms
Iter 153: total=3.00 ms, PRG=0.07 ms, comm=2.20 ms, GEMM=0.27 ms
Iter 154: total=3.03 ms, PRG=0.07 ms, comm=2.18 ms, GEMM=0.28 ms
Iter 155: total=3.06 ms, PRG=0.07 ms, comm=2.26 ms, GEMM=0.28 ms
Iter 156: total=3.05 ms, PRG=0.07 ms, comm=2.24 ms, GEMM=0.28 ms
Iter 157: total=3.01 ms, PRG=0.07 ms, comm=2.21 ms, GEMM=0.28 ms
Iter 158: total=3.05 ms, PRG=0.07 ms, comm=2.23 ms, GEMM=0.27 ms
Iter 159: total=3.01 ms, PRG=0.07 ms, comm=2.20 ms, GEMM=0.28 ms
Iter 160: total=3.04 ms, PRG=0.07 ms, comm=2.22 ms, GEMM=0.28 ms
Iter 161: total=3.02 ms, PRG=0.07 ms, comm=2.19 ms, GEMM=0.28 ms
Iter 162: total=3.02 ms, PRG=0.07 ms, comm=2.20 ms, GEMM=0.28 ms
Iter 163: total=3.04 ms, PRG=0.07 ms, comm=2.22 ms, GEMM=0.28 ms
Iter 164: total=3.02 ms, PRG=0.07 ms, comm=2.22 ms, GEMM=0.27 ms
Iter 165: total=3.02 ms, PRG=0.07 ms, comm=2.22 ms, GEMM=0.28 ms
Iter 166: total=3.22 ms, PRG=0.07 ms, comm=2.40 ms, GEMM=0.28 ms
Iter 167: total=3.08 ms, PRG=0.07 ms, comm=2.27 ms, GEMM=0.27 ms
Iter 168: total=3.23 ms, PRG=0.07 ms, comm=2.42 ms, GEMM=0.28 ms
Iter 169: total=3.02 ms, PRG=0.07 ms, comm=2.20 ms, GEMM=0.28 ms
Iter 170: total=3.01 ms, PRG=0.07 ms, comm=2.20 ms, GEMM=0.28 ms
Iter 171: total=3.03 ms, PRG=0.07 ms, comm=2.21 ms, GEMM=0.27 ms
Iter 172: total=3.00 ms, PRG=0.07 ms, comm=2.20 ms, GEMM=0.28 ms
Iter 173: total=3.03 ms, PRG=0.07 ms, comm=2.23 ms, GEMM=0.27 ms
Iter 174: total=3.03 ms, PRG=0.07 ms, comm=2.23 ms, GEMM=0.28 ms
Iter 175: total=3.16 ms, PRG=0.07 ms, comm=2.35 ms, GEMM=0.28 ms
Iter 176: total=4.67 ms, PRG=0.07 ms, comm=3.86 ms, GEMM=0.28 ms
Iter 177: total=3.05 ms, PRG=0.07 ms, comm=2.24 ms, GEMM=0.27 ms
Iter 178: total=2.98 ms, PRG=0.07 ms, comm=2.17 ms, GEMM=0.28 ms
Iter 179: total=3.02 ms, PRG=0.07 ms, comm=2.19 ms, GEMM=0.28 ms
Iter 180: total=3.05 ms, PRG=0.07 ms, comm=2.24 ms, GEMM=0.27 ms
Iter 181: total=2.99 ms, PRG=0.07 ms, comm=2.20 ms, GEMM=0.27 ms
Iter 182: total=3.01 ms, PRG=0.07 ms, comm=2.20 ms, GEMM=0.28 ms
Iter 183: total=3.01 ms, PRG=0.07 ms, comm=2.21 ms, GEMM=0.28 ms
Iter 184: total=3.12 ms, PRG=0.07 ms, comm=2.32 ms, GEMM=0.27 ms
Iter 185: total=3.01 ms, PRG=0.07 ms, comm=2.20 ms, GEMM=0.28 ms
Iter 186: total=3.03 ms, PRG=0.07 ms, comm=2.23 ms, GEMM=0.28 ms
Iter 187: total=3.02 ms, PRG=0.07 ms, comm=2.20 ms, GEMM=0.28 ms
Iter 188: total=3.02 ms, PRG=0.07 ms, comm=2.22 ms, GEMM=0.27 ms
Iter 189: total=3.00 ms, PRG=0.07 ms, comm=2.19 ms, GEMM=0.28 ms
Iter 190: total=3.01 ms, PRG=0.07 ms, comm=2.20 ms, GEMM=0.28 ms
Iter 191: total=2.98 ms, PRG=0.07 ms, comm=2.17 ms, GEMM=0.28 ms
Iter 192: total=3.01 ms, PRG=0.07 ms, comm=2.20 ms, GEMM=0.27 ms
Iter 193: total=3.02 ms, PRG=0.07 ms, comm=2.22 ms, GEMM=0.28 ms
Iter 194: total=3.03 ms, PRG=0.07 ms, comm=2.20 ms, GEMM=0.29 ms
Iter 195: total=3.01 ms, PRG=0.08 ms, comm=2.20 ms, GEMM=0.29 ms
Iter 196: total=3.02 ms, PRG=0.08 ms, comm=2.21 ms, GEMM=0.29 ms
Iter 197: total=3.04 ms, PRG=0.08 ms, comm=2.23 ms, GEMM=0.29 ms
Iter 198: total=3.02 ms, PRG=0.08 ms, comm=2.21 ms, GEMM=0.29 ms
Iter 199: total=3.11 ms, PRG=0.08 ms, comm=2.27 ms, GEMM=0.28 ms
Iter 200: total=3.05 ms, PRG=0.08 ms, comm=2.22 ms, GEMM=0.29 ms
Iter 201: total=3.04 ms, PRG=0.08 ms, comm=2.23 ms, GEMM=0.28 ms
Iter 202: total=3.94 ms, PRG=0.08 ms, comm=3.09 ms, GEMM=0.29 ms
Iter 203: total=3.03 ms, PRG=0.08 ms, comm=2.20 ms, GEMM=0.29 ms
Iter 204: total=3.03 ms, PRG=0.08 ms, comm=2.21 ms, GEMM=0.28 ms
Iter 205: total=3.00 ms, PRG=0.08 ms, comm=2.18 ms, GEMM=0.28 ms
Iter 206: total=3.02 ms, PRG=0.08 ms, comm=2.21 ms, GEMM=0.28 ms
Iter 207: total=3.03 ms, PRG=0.08 ms, comm=2.19 ms, GEMM=0.29 ms
Iter 208: total=3.08 ms, PRG=0.08 ms, comm=2.22 ms, GEMM=0.29 ms
Iter 209: total=3.05 ms, PRG=0.08 ms, comm=2.22 ms, GEMM=0.29 ms
Iter 210: total=3.05 ms, PRG=0.08 ms, comm=2.24 ms, GEMM=0.28 ms
Iter 211: total=3.06 ms, PRG=0.08 ms, comm=2.19 ms, GEMM=0.29 ms
Iter 212: total=3.06 ms, PRG=0.08 ms, comm=2.21 ms, GEMM=0.29 ms
Iter 213: total=3.05 ms, PRG=0.08 ms, comm=2.24 ms, GEMM=0.28 ms
Iter 214: total=3.05 ms, PRG=0.08 ms, comm=2.23 ms, GEMM=0.28 ms
Iter 215: total=3.02 ms, PRG=0.08 ms, comm=2.19 ms, GEMM=0.29 ms
Iter 216: total=4.73 ms, PRG=0.08 ms, comm=3.00 ms, GEMM=0.31 ms
Iter 217: total=3.03 ms, PRG=0.08 ms, comm=2.21 ms, GEMM=0.28 ms
Iter 218: total=3.06 ms, PRG=0.08 ms, comm=2.24 ms, GEMM=0.29 ms
Iter 219: total=3.02 ms, PRG=0.08 ms, comm=2.18 ms, GEMM=0.29 ms
Iter 220: total=3.06 ms, PRG=0.07 ms, comm=2.19 ms, GEMM=0.29 ms
Iter 221: total=3.04 ms, PRG=0.08 ms, comm=2.23 ms, GEMM=0.28 ms
Iter 222: total=3.04 ms, PRG=0.08 ms, comm=2.23 ms, GEMM=0.28 ms
Iter 223: total=3.02 ms, PRG=0.08 ms, comm=2.21 ms, GEMM=0.28 ms
Iter 224: total=3.05 ms, PRG=0.08 ms, comm=2.23 ms, GEMM=0.29 ms
Iter 225: total=3.87 ms, PRG=0.08 ms, comm=3.04 ms, GEMM=0.29 ms
Iter 226: total=3.03 ms, PRG=0.08 ms, comm=2.21 ms, GEMM=0.29 ms
Iter 227: total=3.08 ms, PRG=0.08 ms, comm=2.25 ms, GEMM=0.28 ms
Iter 228: total=3.01 ms, PRG=0.08 ms, comm=2.19 ms, GEMM=0.29 ms
Iter 229: total=3.04 ms, PRG=0.08 ms, comm=2.20 ms, GEMM=0.29 ms
Iter 230: total=3.11 ms, PRG=0.08 ms, comm=2.29 ms, GEMM=0.29 ms
Iter 231: total=3.09 ms, PRG=0.08 ms, comm=2.27 ms, GEMM=0.29 ms
Iter 232: total=3.04 ms, PRG=0.08 ms, comm=2.21 ms, GEMM=0.29 ms
Iter 233: total=3.02 ms, PRG=0.08 ms, comm=2.21 ms, GEMM=0.29 ms
Iter 234: total=3.02 ms, PRG=0.08 ms, comm=2.20 ms, GEMM=0.29 ms
Iter 235: total=3.02 ms, PRG=0.08 ms, comm=2.19 ms, GEMM=0.29 ms
Iter 236: total=3.03 ms, PRG=0.08 ms, comm=2.22 ms, GEMM=0.28 ms
Iter 237: total=3.03 ms, PRG=0.08 ms, comm=2.20 ms, GEMM=0.28 ms
Iter 238: total=3.06 ms, PRG=0.08 ms, comm=2.25 ms, GEMM=0.28 ms
Iter 239: total=3.11 ms, PRG=0.08 ms, comm=2.29 ms, GEMM=0.28 ms
Iter 240: total=3.09 ms, PRG=0.08 ms, comm=2.27 ms, GEMM=0.28 ms
Iter 241: total=3.04 ms, PRG=0.08 ms, comm=2.22 ms, GEMM=0.28 ms
Iter 242: total=3.02 ms, PRG=0.08 ms, comm=2.18 ms, GEMM=0.29 ms
Iter 243: total=3.05 ms, PRG=0.08 ms, comm=2.23 ms, GEMM=0.28 ms
Iter 244: total=3.02 ms, PRG=0.07 ms, comm=2.19 ms, GEMM=0.29 ms
Iter 245: total=3.08 ms, PRG=0.08 ms, comm=2.26 ms, GEMM=0.28 ms
Iter 246: total=3.05 ms, PRG=0.08 ms, comm=2.23 ms, GEMM=0.29 ms
Iter 247: total=3.05 ms, PRG=0.08 ms, comm=2.24 ms, GEMM=0.28 ms
Iter 248: total=3.06 ms, PRG=0.08 ms, comm=2.24 ms, GEMM=0.28 ms
Iter 249: total=3.05 ms, PRG=0.08 ms, comm=2.23 ms, GEMM=0.28 ms
Iter 250: total=3.02 ms, PRG=0.08 ms, comm=2.17 ms, GEMM=0.28 ms
Iter 251: total=3.04 ms, PRG=0.08 ms, comm=2.21 ms, GEMM=0.29 ms
Iter 252: total=3.04 ms, PRG=0.07 ms, comm=2.19 ms, GEMM=0.29 ms
Iter 253: total=3.20 ms, PRG=0.08 ms, comm=2.38 ms, GEMM=0.28 ms
Iter 254: total=3.00 ms, PRG=0.08 ms, comm=2.19 ms, GEMM=0.28 ms
Iter 255: total=3.03 ms, PRG=0.08 ms, comm=2.21 ms, GEMM=0.28 ms
Iter 256: total=3.02 ms, PRG=0.08 ms, comm=2.19 ms, GEMM=0.29 ms
Iter 257: total=3.04 ms, PRG=0.08 ms, comm=2.23 ms, GEMM=0.29 ms
Iter 258: total=3.05 ms, PRG=0.08 ms, comm=2.21 ms, GEMM=0.29 ms
Iter 259: total=3.06 ms, PRG=0.08 ms, comm=2.21 ms, GEMM=0.29 ms
Iter 260: total=3.03 ms, PRG=0.08 ms, comm=2.22 ms, GEMM=0.28 ms
Iter 261: total=3.04 ms, PRG=0.08 ms, comm=2.23 ms, GEMM=0.28 ms
Iter 262: total=3.05 ms, PRG=0.08 ms, comm=2.24 ms, GEMM=0.29 ms
Iter 263: total=3.04 ms, PRG=0.08 ms, comm=2.23 ms, GEMM=0.28 ms
Iter 264: total=3.02 ms, PRG=0.07 ms, comm=2.21 ms, GEMM=0.28 ms
Iter 265: total=3.03 ms, PRG=0.08 ms, comm=2.20 ms, GEMM=0.29 ms
Iter 266: total=3.06 ms, PRG=0.08 ms, comm=2.23 ms, GEMM=0.29 ms
Iter 267: total=3.04 ms, PRG=0.08 ms, comm=2.21 ms, GEMM=0.29 ms
Iter 268: total=3.06 ms, PRG=0.08 ms, comm=2.24 ms, GEMM=0.29 ms
Iter 269: total=3.04 ms, PRG=0.07 ms, comm=2.23 ms, GEMM=0.29 ms
Iter 270: total=3.02 ms, PRG=0.08 ms, comm=2.21 ms, GEMM=0.28 ms
Iter 271: total=3.01 ms, PRG=0.08 ms, comm=2.17 ms, GEMM=0.29 ms
Iter 272: total=3.05 ms, PRG=0.08 ms, comm=2.22 ms, GEMM=0.29 ms
Iter 273: total=3.02 ms, PRG=0.08 ms, comm=2.21 ms, GEMM=0.28 ms
Iter 274: total=3.06 ms, PRG=0.08 ms, comm=2.22 ms, GEMM=0.29 ms
Iter 275: total=3.02 ms, PRG=0.08 ms, comm=2.21 ms, GEMM=0.28 ms
Iter 276: total=3.05 ms, PRG=0.08 ms, comm=2.22 ms, GEMM=0.29 ms
Iter 277: total=3.06 ms, PRG=0.08 ms, comm=2.25 ms, GEMM=0.28 ms
Iter 278: total=3.02 ms, PRG=0.08 ms, comm=2.21 ms, GEMM=0.28 ms
Iter 279: total=3.02 ms, PRG=0.08 ms, comm=2.20 ms, GEMM=0.28 ms
Iter 280: total=3.02 ms, PRG=0.08 ms, comm=2.20 ms, GEMM=0.29 ms
Iter 281: total=3.06 ms, PRG=0.08 ms, comm=2.25 ms, GEMM=0.28 ms
Iter 282: total=3.01 ms, PRG=0.08 ms, comm=2.17 ms, GEMM=0.29 ms
Iter 283: total=3.02 ms, PRG=0.08 ms, comm=2.18 ms, GEMM=0.28 ms
Iter 284: total=3.04 ms, PRG=0.08 ms, comm=2.21 ms, GEMM=0.28 ms
Iter 285: total=3.01 ms, PRG=0.08 ms, comm=2.19 ms, GEMM=0.28 ms
Iter 286: total=3.07 ms, PRG=0.08 ms, comm=2.25 ms, GEMM=0.29 ms
Iter 287: total=3.04 ms, PRG=0.08 ms, comm=2.21 ms, GEMM=0.29 ms
Iter 288: total=3.03 ms, PRG=0.08 ms, comm=2.21 ms, GEMM=0.28 ms
Iter 289: total=3.06 ms, PRG=0.08 ms, comm=2.23 ms, GEMM=0.29 ms
Iter 290: total=3.04 ms, PRG=0.08 ms, comm=2.22 ms, GEMM=0.28 ms
Iter 291: total=3.04 ms, PRG=0.08 ms, comm=2.22 ms, GEMM=0.29 ms
Iter 292: total=3.05 ms, PRG=0.08 ms, comm=2.25 ms, GEMM=0.29 ms
Iter 293: total=2.99 ms, PRG=0.08 ms, comm=2.18 ms, GEMM=0.28 ms
Iter 294: total=3.02 ms, PRG=0.08 ms, comm=2.17 ms, GEMM=0.29 ms
Iter 295: total=3.05 ms, PRG=0.08 ms, comm=2.21 ms, GEMM=0.29 ms
Iter 296: total=3.09 ms, PRG=0.08 ms, comm=2.21 ms, GEMM=0.29 ms
Iter 297: total=3.04 ms, PRG=0.08 ms, comm=2.20 ms, GEMM=0.29 ms
Iter 298: total=3.04 ms, PRG=0.08 ms, comm=2.21 ms, GEMM=0.29 ms
Iter 299: total=3.04 ms, PRG=0.08 ms, comm=2.22 ms, GEMM=0.28 ms
Iter 300: total=3.01 ms, PRG=0.08 ms, comm=2.18 ms, GEMM=0.29 ms
Iter 301: total=3.06 ms, PRG=0.07 ms, comm=2.26 ms, GEMM=0.28 ms
Iter 302: total=3.03 ms, PRG=0.08 ms, comm=2.22 ms, GEMM=0.29 ms
Iter 303: total=3.05 ms, PRG=0.08 ms, comm=2.23 ms, GEMM=0.28 ms
Iter 304: total=3.08 ms, PRG=0.08 ms, comm=2.26 ms, GEMM=0.28 ms
Iter 305: total=3.01 ms, PRG=0.08 ms, comm=2.19 ms, GEMM=0.28 ms
Iter 306: total=2.99 ms, PRG=0.08 ms, comm=2.18 ms, GEMM=0.29 ms
Iter 307: total=3.20 ms, PRG=0.08 ms, comm=2.36 ms, GEMM=0.29 ms
Iter 308: total=3.05 ms, PRG=0.08 ms, comm=2.24 ms, GEMM=0.29 ms
Iter 309: total=3.02 ms, PRG=0.08 ms, comm=2.18 ms, GEMM=0.29 ms
Iter 310: total=3.01 ms, PRG=0.08 ms, comm=2.21 ms, GEMM=0.28 ms
Iter 311: total=3.04 ms, PRG=0.08 ms, comm=2.19 ms, GEMM=0.29 ms
Iter 312: total=3.03 ms, PRG=0.08 ms, comm=2.22 ms, GEMM=0.29 ms
Iter 313: total=3.07 ms, PRG=0.08 ms, comm=2.26 ms, GEMM=0.29 ms
Iter 314: total=3.02 ms, PRG=0.08 ms, comm=2.21 ms, GEMM=0.28 ms
Iter 315: total=3.05 ms, PRG=0.08 ms, comm=2.23 ms, GEMM=0.28 ms
Iter 316: total=3.03 ms, PRG=0.08 ms, comm=2.22 ms, GEMM=0.28 ms
Iter 317: total=3.03 ms, PRG=0.08 ms, comm=2.18 ms, GEMM=0.29 ms
Iter 318: total=3.06 ms, PRG=0.08 ms, comm=2.23 ms, GEMM=0.29 ms
Iter 319: total=3.04 ms, PRG=0.08 ms, comm=2.22 ms, GEMM=0.29 ms
Iter 320: total=3.04 ms, PRG=0.08 ms, comm=2.22 ms, GEMM=0.28 ms
Iter 321: total=3.04 ms, PRG=0.08 ms, comm=2.22 ms, GEMM=0.28 ms
Iter 322: total=3.03 ms, PRG=0.08 ms, comm=2.22 ms, GEMM=0.29 ms
Iter 323: total=3.00 ms, PRG=0.08 ms, comm=2.17 ms, GEMM=0.29 ms
Iter 324: total=3.05 ms, PRG=0.08 ms, comm=2.23 ms, GEMM=0.28 ms
Iter 325: total=3.04 ms, PRG=0.08 ms, comm=2.19 ms, GEMM=0.29 ms
Iter 326: total=3.05 ms, PRG=0.08 ms, comm=2.20 ms, GEMM=0.29 ms
Iter 327: total=3.17 ms, PRG=0.08 ms, comm=2.36 ms, GEMM=0.28 ms
Iter 328: total=3.06 ms, PRG=0.08 ms, comm=2.21 ms, GEMM=0.29 ms
Iter 329: total=3.04 ms, PRG=0.08 ms, comm=2.21 ms, GEMM=0.29 ms
Iter 330: total=3.06 ms, PRG=0.08 ms, comm=2.24 ms, GEMM=0.28 ms
Iter 331: total=3.05 ms, PRG=0.08 ms, comm=2.22 ms, GEMM=0.28 ms
Iter 332: total=3.05 ms, PRG=0.08 ms, comm=2.20 ms, GEMM=0.29 ms
Iter 333: total=3.13 ms, PRG=0.07 ms, comm=2.31 ms, GEMM=0.29 ms
Iter 334: total=3.04 ms, PRG=0.08 ms, comm=2.22 ms, GEMM=0.29 ms
Iter 335: total=3.09 ms, PRG=0.08 ms, comm=2.25 ms, GEMM=0.28 ms
Iter 336: total=3.01 ms, PRG=0.08 ms, comm=2.18 ms, GEMM=0.29 ms
Iter 337: total=3.05 ms, PRG=0.08 ms, comm=2.22 ms, GEMM=0.29 ms
Iter 338: total=3.04 ms, PRG=0.08 ms, comm=2.18 ms, GEMM=0.29 ms
Iter 339: total=3.05 ms, PRG=0.08 ms, comm=2.21 ms, GEMM=0.29 ms
Iter 340: total=3.04 ms, PRG=0.07 ms, comm=2.22 ms, GEMM=0.29 ms
Iter 341: total=3.01 ms, PRG=0.08 ms, comm=2.19 ms, GEMM=0.29 ms
Iter 342: total=3.04 ms, PRG=0.08 ms, comm=2.21 ms, GEMM=0.29 ms
Iter 343: total=3.04 ms, PRG=0.08 ms, comm=2.22 ms, GEMM=0.28 ms
Iter 344: total=3.02 ms, PRG=0.08 ms, comm=2.20 ms, GEMM=0.29 ms
Iter 345: total=3.05 ms, PRG=0.08 ms, comm=2.23 ms, GEMM=0.28 ms
Iter 346: total=3.04 ms, PRG=0.08 ms, comm=2.23 ms, GEMM=0.28 ms
Iter 347: total=3.04 ms, PRG=0.08 ms, comm=2.23 ms, GEMM=0.28 ms
Iter 348: total=3.02 ms, PRG=0.08 ms, comm=2.21 ms, GEMM=0.29 ms
Iter 349: total=3.05 ms, PRG=0.08 ms, comm=2.23 ms, GEMM=0.28 ms
Iter 350: total=3.06 ms, PRG=0.08 ms, comm=2.25 ms, GEMM=0.29 ms
Iter 351: total=3.04 ms, PRG=0.08 ms, comm=2.20 ms, GEMM=0.29 ms
Iter 352: total=3.03 ms, PRG=0.08 ms, comm=2.20 ms, GEMM=0.29 ms
Iter 353: total=3.06 ms, PRG=0.08 ms, comm=2.23 ms, GEMM=0.29 ms
Iter 354: total=3.01 ms, PRG=0.08 ms, comm=2.18 ms, GEMM=0.29 ms
Iter 355: total=3.05 ms, PRG=0.07 ms, comm=2.24 ms, GEMM=0.28 ms
Iter 356: total=3.02 ms, PRG=0.08 ms, comm=2.18 ms, GEMM=0.29 ms
Iter 357: total=3.01 ms, PRG=0.08 ms, comm=2.19 ms, GEMM=0.29 ms
Iter 358: total=3.05 ms, PRG=0.08 ms, comm=2.19 ms, GEMM=0.29 ms
Iter 359: total=3.18 ms, PRG=0.08 ms, comm=2.34 ms, GEMM=0.29 ms
Iter 360: total=3.05 ms, PRG=0.08 ms, comm=2.24 ms, GEMM=0.28 ms
Iter 361: total=3.02 ms, PRG=0.08 ms, comm=2.18 ms, GEMM=0.29 ms
Iter 362: total=3.04 ms, PRG=0.08 ms, comm=2.22 ms, GEMM=0.28 ms
Iter 363: total=3.02 ms, PRG=0.08 ms, comm=2.18 ms, GEMM=0.29 ms
Iter 364: total=3.04 ms, PRG=0.08 ms, comm=2.20 ms, GEMM=0.29 ms
Iter 365: total=3.05 ms, PRG=0.08 ms, comm=2.20 ms, GEMM=0.29 ms
Iter 366: total=3.04 ms, PRG=0.08 ms, comm=2.21 ms, GEMM=0.30 ms
Iter 367: total=3.03 ms, PRG=0.08 ms, comm=2.21 ms, GEMM=0.28 ms
Iter 368: total=3.03 ms, PRG=0.08 ms, comm=2.21 ms, GEMM=0.28 ms
Iter 369: total=3.06 ms, PRG=0.08 ms, comm=2.23 ms, GEMM=0.28 ms
Iter 370: total=3.04 ms, PRG=0.08 ms, comm=2.22 ms, GEMM=0.29 ms
Iter 371: total=3.05 ms, PRG=0.08 ms, comm=2.22 ms, GEMM=0.29 ms
Iter 372: total=3.04 ms, PRG=0.08 ms, comm=2.20 ms, GEMM=0.29 ms
Iter 373: total=3.06 ms, PRG=0.08 ms, comm=2.25 ms, GEMM=0.28 ms
Iter 374: total=3.07 ms, PRG=0.08 ms, comm=2.19 ms, GEMM=0.29 ms
Iter 375: total=3.04 ms, PRG=0.08 ms, comm=2.22 ms, GEMM=0.28 ms
Iter 376: total=3.05 ms, PRG=0.08 ms, comm=2.22 ms, GEMM=0.28 ms
Iter 377: total=3.08 ms, PRG=0.08 ms, comm=2.25 ms, GEMM=0.28 ms
Iter 378: total=3.02 ms, PRG=0.08 ms, comm=2.17 ms, GEMM=0.29 ms
Iter 379: total=3.09 ms, PRG=0.08 ms, comm=2.24 ms, GEMM=0.29 ms
Iter 380: total=3.08 ms, PRG=0.08 ms, comm=2.26 ms, GEMM=0.28 ms
Iter 381: total=3.02 ms, PRG=0.07 ms, comm=2.21 ms, GEMM=0.28 ms
Iter 382: total=3.07 ms, PRG=0.08 ms, comm=2.22 ms, GEMM=0.29 ms
Iter 383: total=3.04 ms, PRG=0.08 ms, comm=2.20 ms, GEMM=0.29 ms
Iter 384: total=3.04 ms, PRG=0.08 ms, comm=2.22 ms, GEMM=0.28 ms
Iter 385: total=3.03 ms, PRG=0.08 ms, comm=2.19 ms, GEMM=0.29 ms
Iter 386: total=3.03 ms, PRG=0.08 ms, comm=2.20 ms, GEMM=0.29 ms
Iter 387: total=3.05 ms, PRG=0.08 ms, comm=2.23 ms, GEMM=0.28 ms
Iter 388: total=3.03 ms, PRG=0.08 ms, comm=2.20 ms, GEMM=0.29 ms
Iter 389: total=3.05 ms, PRG=0.08 ms, comm=2.23 ms, GEMM=0.28 ms
Iter 390: total=3.02 ms, PRG=0.08 ms, comm=2.19 ms, GEMM=0.29 ms
Iter 391: total=3.02 ms, PRG=0.08 ms, comm=2.21 ms, GEMM=0.28 ms
Iter 392: total=3.02 ms, PRG=0.08 ms, comm=2.18 ms, GEMM=0.29 ms
Iter 393: total=3.05 ms, PRG=0.08 ms, comm=2.21 ms, GEMM=0.29 ms
Iter 394: total=3.03 ms, PRG=0.08 ms, comm=2.22 ms, GEMM=0.28 ms
Iter 395: total=3.03 ms, PRG=0.08 ms, comm=2.22 ms, GEMM=0.28 ms
Iter 396: total=3.05 ms, PRG=0.08 ms, comm=2.22 ms, GEMM=0.28 ms
Iter 397: total=3.02 ms, PRG=0.08 ms, comm=2.21 ms, GEMM=0.29 ms
Iter 398: total=3.78 ms, PRG=0.08 ms, comm=2.95 ms, GEMM=0.29 ms
Iter 399: total=3.03 ms, PRG=0.08 ms, comm=2.22 ms, GEMM=0.28 ms
Iter 400: total=3.02 ms, PRG=0.08 ms, comm=2.21 ms, GEMM=0.28 ms
Iter 401: total=3.04 ms, PRG=0.08 ms, comm=2.23 ms, GEMM=0.28 ms
Iter 402: total=3.03 ms, PRG=0.08 ms, comm=2.22 ms, GEMM=0.29 ms
Iter 403: total=3.02 ms, PRG=0.08 ms, comm=2.21 ms, GEMM=0.29 ms
Iter 404: total=3.07 ms, PRG=0.08 ms, comm=2.21 ms, GEMM=0.29 ms
Iter 405: total=3.08 ms, PRG=0.08 ms, comm=2.26 ms, GEMM=0.29 ms
Iter 406: total=3.05 ms, PRG=0.08 ms, comm=2.24 ms, GEMM=0.28 ms
Iter 407: total=3.02 ms, PRG=0.08 ms, comm=2.21 ms, GEMM=0.29 ms
Iter 408: total=3.02 ms, PRG=0.08 ms, comm=2.18 ms, GEMM=0.29 ms
Iter 409: total=3.02 ms, PRG=0.08 ms, comm=2.20 ms, GEMM=0.29 ms
Iter 410: total=3.04 ms, PRG=0.08 ms, comm=2.22 ms, GEMM=0.28 ms
Iter 411: total=3.01 ms, PRG=0.08 ms, comm=2.20 ms, GEMM=0.29 ms
Iter 412: total=3.03 ms, PRG=0.07 ms, comm=2.19 ms, GEMM=0.29 ms
Iter 413: total=3.07 ms, PRG=0.08 ms, comm=2.25 ms, GEMM=0.28 ms
Iter 414: total=3.05 ms, PRG=0.08 ms, comm=2.24 ms, GEMM=0.28 ms
Iter 415: total=3.05 ms, PRG=0.08 ms, comm=2.23 ms, GEMM=0.28 ms
Iter 416: total=3.02 ms, PRG=0.08 ms, comm=2.20 ms, GEMM=0.28 ms
Iter 417: total=3.00 ms, PRG=0.08 ms, comm=2.19 ms, GEMM=0.28 ms
Iter 418: total=3.03 ms, PRG=0.08 ms, comm=2.19 ms, GEMM=0.29 ms
Iter 419: total=3.09 ms, PRG=0.08 ms, comm=2.26 ms, GEMM=0.28 ms
Iter 420: total=3.03 ms, PRG=0.08 ms, comm=2.21 ms, GEMM=0.28 ms
Iter 421: total=3.02 ms, PRG=0.08 ms, comm=2.20 ms, GEMM=0.28 ms
Iter 422: total=3.03 ms, PRG=0.08 ms, comm=2.21 ms, GEMM=0.29 ms
Iter 423: total=3.03 ms, PRG=0.08 ms, comm=2.22 ms, GEMM=0.29 ms
Iter 424: total=3.04 ms, PRG=0.07 ms, comm=2.23 ms, GEMM=0.28 ms
Iter 425: total=3.05 ms, PRG=0.07 ms, comm=2.20 ms, GEMM=0.29 ms
Iter 426: total=3.06 ms, PRG=0.08 ms, comm=2.22 ms, GEMM=0.29 ms
Iter 427: total=3.05 ms, PRG=0.08 ms, comm=2.21 ms, GEMM=0.29 ms
Iter 428: total=3.05 ms, PRG=0.08 ms, comm=2.24 ms, GEMM=0.28 ms
Iter 429: total=3.05 ms, PRG=0.08 ms, comm=2.23 ms, GEMM=0.29 ms
Iter 430: total=3.05 ms, PRG=0.08 ms, comm=2.20 ms, GEMM=0.29 ms
Iter 431: total=3.04 ms, PRG=0.08 ms, comm=2.22 ms, GEMM=0.29 ms
Iter 432: total=3.05 ms, PRG=0.08 ms, comm=2.23 ms, GEMM=0.28 ms
Iter 433: total=3.05 ms, PRG=0.08 ms, comm=2.20 ms, GEMM=0.29 ms
Iter 434: total=3.04 ms, PRG=0.08 ms, comm=2.20 ms, GEMM=0.28 ms
Iter 435: total=3.05 ms, PRG=0.08 ms, comm=2.23 ms, GEMM=0.29 ms
Iter 436: total=3.08 ms, PRG=0.08 ms, comm=2.25 ms, GEMM=0.29 ms
Iter 437: total=3.02 ms, PRG=0.07 ms, comm=2.18 ms, GEMM=0.29 ms
Iter 438: total=3.06 ms, PRG=0.08 ms, comm=2.24 ms, GEMM=0.28 ms
Iter 439: total=3.05 ms, PRG=0.08 ms, comm=2.24 ms, GEMM=0.28 ms
Iter 440: total=3.03 ms, PRG=0.08 ms, comm=2.21 ms, GEMM=0.29 ms
Iter 441: total=3.05 ms, PRG=0.08 ms, comm=2.23 ms, GEMM=0.29 ms
Iter 442: total=3.03 ms, PRG=0.08 ms, comm=2.19 ms, GEMM=0.29 ms
Iter 443: total=3.04 ms, PRG=0.08 ms, comm=2.23 ms, GEMM=0.28 ms
Iter 444: total=3.00 ms, PRG=0.08 ms, comm=2.19 ms, GEMM=0.28 ms
Iter 445: total=3.00 ms, PRG=0.08 ms, comm=2.17 ms, GEMM=0.28 ms
Iter 446: total=3.16 ms, PRG=0.08 ms, comm=2.32 ms, GEMM=0.28 ms
Iter 447: total=3.05 ms, PRG=0.08 ms, comm=2.24 ms, GEMM=0.28 ms
Iter 448: total=3.11 ms, PRG=0.08 ms, comm=2.28 ms, GEMM=0.28 ms
Iter 449: total=3.09 ms, PRG=0.08 ms, comm=2.26 ms, GEMM=0.29 ms
Iter 450: total=3.07 ms, PRG=0.08 ms, comm=2.24 ms, GEMM=0.29 ms
Iter 451: total=3.03 ms, PRG=0.08 ms, comm=2.21 ms, GEMM=0.28 ms
Iter 452: total=3.04 ms, PRG=0.08 ms, comm=2.22 ms, GEMM=0.28 ms
Iter 453: total=3.03 ms, PRG=0.08 ms, comm=2.22 ms, GEMM=0.29 ms
Iter 454: total=3.06 ms, PRG=0.08 ms, comm=2.24 ms, GEMM=0.29 ms
Iter 455: total=3.03 ms, PRG=0.08 ms, comm=2.18 ms, GEMM=0.29 ms
Iter 456: total=3.06 ms, PRG=0.08 ms, comm=2.21 ms, GEMM=0.29 ms
Iter 457: total=3.05 ms, PRG=0.08 ms, comm=2.23 ms, GEMM=0.28 ms
Iter 458: total=3.02 ms, PRG=0.08 ms, comm=2.21 ms, GEMM=0.28 ms
Iter 459: total=3.06 ms, PRG=0.08 ms, comm=2.23 ms, GEMM=0.28 ms
Iter 460: total=3.04 ms, PRG=0.08 ms, comm=2.20 ms, GEMM=0.28 ms
Iter 461: total=3.04 ms, PRG=0.08 ms, comm=2.23 ms, GEMM=0.28 ms
Iter 462: total=3.06 ms, PRG=0.08 ms, comm=2.23 ms, GEMM=0.28 ms
Iter 463: total=3.06 ms, PRG=0.08 ms, comm=2.19 ms, GEMM=0.29 ms
Iter 464: total=3.05 ms, PRG=0.08 ms, comm=2.21 ms, GEMM=0.29 ms
Iter 465: total=3.06 ms, PRG=0.08 ms, comm=2.25 ms, GEMM=0.28 ms
Iter 466: total=3.06 ms, PRG=0.08 ms, comm=2.24 ms, GEMM=0.28 ms
Iter 467: total=3.04 ms, PRG=0.08 ms, comm=2.22 ms, GEMM=0.29 ms
Iter 468: total=3.10 ms, PRG=0.08 ms, comm=2.26 ms, GEMM=0.29 ms
Iter 469: total=3.03 ms, PRG=0.08 ms, comm=2.22 ms, GEMM=0.29 ms
Iter 470: total=3.01 ms, PRG=0.08 ms, comm=2.19 ms, GEMM=0.28 ms
Iter 471: total=3.04 ms, PRG=0.08 ms, comm=2.18 ms, GEMM=0.29 ms
Iter 472: total=3.03 ms, PRG=0.08 ms, comm=2.20 ms, GEMM=0.28 ms
Iter 473: total=3.03 ms, PRG=0.08 ms, comm=2.23 ms, GEMM=0.29 ms
Iter 474: total=3.15 ms, PRG=0.08 ms, comm=2.34 ms, GEMM=0.28 ms
Iter 475: total=3.06 ms, PRG=0.08 ms, comm=2.24 ms, GEMM=0.28 ms
Iter 476: total=3.02 ms, PRG=0.08 ms, comm=2.21 ms, GEMM=0.29 ms
Iter 477: total=3.02 ms, PRG=0.08 ms, comm=2.21 ms, GEMM=0.28 ms
Iter 478: total=3.04 ms, PRG=0.08 ms, comm=2.20 ms, GEMM=0.29 ms
Iter 479: total=3.05 ms, PRG=0.08 ms, comm=2.24 ms, GEMM=0.28 ms
Iter 480: total=3.02 ms, PRG=0.08 ms, comm=2.19 ms, GEMM=0.29 ms
Iter 481: total=3.02 ms, PRG=0.08 ms, comm=2.21 ms, GEMM=0.28 ms
Iter 482: total=3.02 ms, PRG=0.08 ms, comm=2.19 ms, GEMM=0.29 ms
Iter 483: total=3.05 ms, PRG=0.08 ms, comm=2.23 ms, GEMM=0.28 ms
Iter 484: total=3.02 ms, PRG=0.08 ms, comm=2.21 ms, GEMM=0.29 ms
Iter 485: total=3.02 ms, PRG=0.08 ms, comm=2.18 ms, GEMM=0.29 ms
Iter 486: total=3.03 ms, PRG=0.08 ms, comm=2.20 ms, GEMM=0.29 ms
Iter 487: total=3.06 ms, PRG=0.08 ms, comm=2.21 ms, GEMM=0.28 ms
Iter 488: total=3.06 ms, PRG=0.08 ms, comm=2.22 ms, GEMM=0.29 ms
Iter 489: total=3.02 ms, PRG=0.08 ms, comm=2.21 ms, GEMM=0.28 ms
Iter 490: total=3.01 ms, PRG=0.08 ms, comm=2.19 ms, GEMM=0.28 ms
Iter 491: total=3.05 ms, PRG=0.08 ms, comm=2.19 ms, GEMM=0.29 ms
Iter 492: total=3.06 ms, PRG=0.08 ms, comm=2.21 ms, GEMM=0.29 ms
Iter 493: total=3.06 ms, PRG=0.08 ms, comm=2.22 ms, GEMM=0.29 ms
Iter 494: total=3.05 ms, PRG=0.08 ms, comm=2.22 ms, GEMM=0.29 ms
Iter 495: total=3.06 ms, PRG=0.08 ms, comm=2.22 ms, GEMM=0.29 ms
Iter 496: total=3.10 ms, PRG=0.08 ms, comm=2.28 ms, GEMM=0.29 ms
Iter 497: total=3.03 ms, PRG=0.08 ms, comm=2.22 ms, GEMM=0.28 ms
Iter 498: total=3.00 ms, PRG=0.08 ms, comm=2.17 ms, GEMM=0.29 ms
Iter 499: total=3.21 ms, PRG=0.08 ms, comm=2.20 ms, GEMM=0.29 ms
Iter 500: total=3.06 ms, PRG=0.08 ms, comm=2.21 ms, GEMM=0.29 ms
Iter 501: total=3.05 ms, PRG=0.08 ms, comm=2.20 ms, GEMM=0.29 ms
Iter 502: total=3.18 ms, PRG=0.08 ms, comm=2.36 ms, GEMM=0.29 ms
Iter 503: total=3.04 ms, PRG=0.08 ms, comm=2.22 ms, GEMM=0.28 ms
Iter 504: total=3.08 ms, PRG=0.08 ms, comm=2.25 ms, GEMM=0.28 ms
Iter 505: total=3.07 ms, PRG=0.08 ms, comm=2.25 ms, GEMM=0.28 ms
Iter 506: total=3.02 ms, PRG=0.08 ms, comm=2.21 ms, GEMM=0.29 ms
Iter 507: total=3.02 ms, PRG=0.08 ms, comm=2.16 ms, GEMM=0.29 ms
Iter 508: total=3.08 ms, PRG=0.08 ms, comm=2.24 ms, GEMM=0.29 ms
Iter 509: total=3.01 ms, PRG=0.08 ms, comm=2.19 ms, GEMM=0.29 ms
Iter 510: total=3.08 ms, PRG=0.08 ms, comm=2.26 ms, GEMM=0.28 ms
Iter 511: total=3.00 ms, PRG=0.08 ms, comm=2.18 ms, GEMM=0.29 ms
Iter 512: total=3.04 ms, PRG=0.08 ms, comm=2.22 ms, GEMM=0.28 ms
Iter 513: total=3.04 ms, PRG=0.08 ms, comm=2.20 ms, GEMM=0.29 ms
Iter 514: total=3.03 ms, PRG=0.07 ms, comm=2.22 ms, GEMM=0.28 ms
Iter 515: total=3.03 ms, PRG=0.08 ms, comm=2.20 ms, GEMM=0.28 ms
Iter 516: total=3.03 ms, PRG=0.08 ms, comm=2.18 ms, GEMM=0.29 ms
Iter 517: total=3.08 ms, PRG=0.08 ms, comm=2.26 ms, GEMM=0.29 ms
Iter 518: total=3.01 ms, PRG=0.08 ms, comm=2.20 ms, GEMM=0.28 ms
Iter 519: total=3.07 ms, PRG=0.08 ms, comm=2.20 ms, GEMM=0.29 ms
Iter 520: total=3.04 ms, PRG=0.08 ms, comm=2.23 ms, GEMM=0.28 ms
Iter 521: total=3.02 ms, PRG=0.08 ms, comm=2.18 ms, GEMM=0.29 ms
Iter 522: total=3.04 ms, PRG=0.08 ms, comm=2.22 ms, GEMM=0.28 ms
Iter 523: total=3.03 ms, PRG=0.08 ms, comm=2.21 ms, GEMM=0.28 ms
Iter 524: total=3.04 ms, PRG=0.08 ms, comm=2.20 ms, GEMM=0.29 ms
Iter 525: total=3.09 ms, PRG=0.08 ms, comm=2.26 ms, GEMM=0.28 ms
Iter 526: total=3.03 ms, PRG=0.08 ms, comm=2.19 ms, GEMM=0.29 ms
Iter 527: total=3.03 ms, PRG=0.08 ms, comm=2.22 ms, GEMM=0.28 ms
Iter 528: total=3.02 ms, PRG=0.08 ms, comm=2.21 ms, GEMM=0.29 ms
Iter 529: total=3.01 ms, PRG=0.08 ms, comm=2.18 ms, GEMM=0.28 ms
Iter 530: total=3.02 ms, PRG=0.08 ms, comm=2.19 ms, GEMM=0.28 ms
Iter 531: total=3.03 ms, PRG=0.08 ms, comm=2.19 ms, GEMM=0.29 ms
Iter 532: total=3.03 ms, PRG=0.08 ms, comm=2.22 ms, GEMM=0.29 ms
Iter 533: total=3.09 ms, PRG=0.08 ms, comm=2.24 ms, GEMM=0.29 ms
Iter 534: total=3.08 ms, PRG=0.08 ms, comm=2.27 ms, GEMM=0.28 ms
Iter 535: total=3.07 ms, PRG=0.08 ms, comm=2.25 ms, GEMM=0.29 ms
Iter 536: total=3.04 ms, PRG=0.08 ms, comm=2.22 ms, GEMM=0.28 ms
Iter 537: total=3.01 ms, PRG=0.08 ms, comm=2.19 ms, GEMM=0.28 ms
Iter 538: total=3.89 ms, PRG=0.08 ms, comm=3.06 ms, GEMM=0.29 ms
Iter 539: total=3.02 ms, PRG=0.07 ms, comm=2.19 ms, GEMM=0.28 ms
Iter 540: total=3.03 ms, PRG=0.08 ms, comm=2.21 ms, GEMM=0.28 ms
Iter 541: total=3.04 ms, PRG=0.08 ms, comm=2.22 ms, GEMM=0.28 ms
Iter 542: total=3.02 ms, PRG=0.08 ms, comm=2.20 ms, GEMM=0.28 ms
Iter 543: total=3.02 ms, PRG=0.08 ms, comm=2.21 ms, GEMM=0.28 ms
Iter 544: total=3.02 ms, PRG=0.08 ms, comm=2.21 ms, GEMM=0.28 ms
Iter 545: total=3.04 ms, PRG=0.08 ms, comm=2.23 ms, GEMM=0.29 ms
Iter 546: total=3.04 ms, PRG=0.07 ms, comm=2.24 ms, GEMM=0.28 ms
Iter 547: total=3.05 ms, PRG=0.08 ms, comm=2.24 ms, GEMM=0.28 ms
Iter 548: total=3.01 ms, PRG=0.08 ms, comm=2.20 ms, GEMM=0.28 ms
Iter 549: total=3.03 ms, PRG=0.08 ms, comm=2.17 ms, GEMM=0.29 ms
Iter 550: total=3.82 ms, PRG=0.08 ms, comm=2.99 ms, GEMM=0.29 ms
Iter 551: total=3.04 ms, PRG=0.08 ms, comm=2.23 ms, GEMM=0.28 ms
Iter 552: total=3.04 ms, PRG=0.08 ms, comm=2.23 ms, GEMM=0.28 ms
Iter 553: total=3.02 ms, PRG=0.08 ms, comm=2.18 ms, GEMM=0.29 ms
Iter 554: total=3.04 ms, PRG=0.08 ms, comm=2.22 ms, GEMM=0.28 ms
Iter 555: total=3.02 ms, PRG=0.08 ms, comm=2.20 ms, GEMM=0.29 ms
Iter 556: total=3.08 ms, PRG=0.08 ms, comm=2.22 ms, GEMM=0.29 ms
Iter 557: total=3.07 ms, PRG=0.07 ms, comm=2.22 ms, GEMM=0.29 ms
Iter 558: total=3.06 ms, PRG=0.08 ms, comm=2.25 ms, GEMM=0.29 ms
Iter 559: total=2.99 ms, PRG=0.08 ms, comm=2.18 ms, GEMM=0.28 ms
Iter 560: total=3.02 ms, PRG=0.08 ms, comm=2.20 ms, GEMM=0.28 ms
Iter 561: total=3.04 ms, PRG=0.08 ms, comm=2.23 ms, GEMM=0.28 ms
Iter 562: total=3.03 ms, PRG=0.08 ms, comm=2.19 ms, GEMM=0.28 ms
Iter 563: total=3.01 ms, PRG=0.08 ms, comm=2.16 ms, GEMM=0.29 ms
Iter 564: total=3.06 ms, PRG=0.08 ms, comm=2.24 ms, GEMM=0.29 ms
Iter 565: total=3.00 ms, PRG=0.08 ms, comm=2.19 ms, GEMM=0.28 ms
Iter 566: total=3.05 ms, PRG=0.08 ms, comm=2.24 ms, GEMM=0.29 ms
Iter 567: total=3.01 ms, PRG=0.08 ms, comm=2.20 ms, GEMM=0.28 ms
Iter 568: total=3.02 ms, PRG=0.08 ms, comm=2.20 ms, GEMM=0.28 ms
Iter 569: total=3.06 ms, PRG=0.08 ms, comm=2.25 ms, GEMM=0.28 ms
Iter 570: total=3.04 ms, PRG=0.08 ms, comm=2.23 ms, GEMM=0.28 ms
Iter 571: total=3.09 ms, PRG=0.08 ms, comm=2.27 ms, GEMM=0.28 ms
Iter 572: total=3.05 ms, PRG=0.08 ms, comm=2.24 ms, GEMM=0.29 ms
Iter 573: total=3.03 ms, PRG=0.08 ms, comm=2.21 ms, GEMM=0.29 ms
Iter 574: total=3.05 ms, PRG=0.08 ms, comm=2.20 ms, GEMM=0.29 ms
Iter 575: total=3.07 ms, PRG=0.08 ms, comm=2.21 ms, GEMM=0.29 ms
Iter 576: total=3.03 ms, PRG=0.08 ms, comm=2.22 ms, GEMM=0.28 ms
Iter 577: total=3.04 ms, PRG=0.08 ms, comm=2.21 ms, GEMM=0.29 ms
Iter 578: total=3.01 ms, PRG=0.08 ms, comm=2.19 ms, GEMM=0.29 ms
Iter 579: total=3.04 ms, PRG=0.08 ms, comm=2.23 ms, GEMM=0.28 ms
Iter 580: total=3.00 ms, PRG=0.08 ms, comm=2.18 ms, GEMM=0.28 ms
Iter 581: total=2.98 ms, PRG=0.08 ms, comm=2.17 ms, GEMM=0.28 ms
Iter 582: total=3.04 ms, PRG=0.08 ms, comm=2.22 ms, GEMM=0.28 ms
Iter 583: total=3.04 ms, PRG=0.08 ms, comm=2.22 ms, GEMM=0.28 ms
Iter 584: total=3.05 ms, PRG=0.08 ms, comm=2.19 ms, GEMM=0.28 ms
Iter 585: total=3.06 ms, PRG=0.08 ms, comm=2.21 ms, GEMM=0.29 ms
Iter 586: total=3.07 ms, PRG=0.08 ms, comm=2.25 ms, GEMM=0.28 ms
Iter 587: total=3.04 ms, PRG=0.08 ms, comm=2.23 ms, GEMM=0.28 ms
Iter 588: total=3.06 ms, PRG=0.08 ms, comm=2.25 ms, GEMM=0.28 ms
Iter 589: total=3.06 ms, PRG=0.08 ms, comm=2.24 ms, GEMM=0.28 ms
Iter 590: total=3.04 ms, PRG=0.08 ms, comm=2.22 ms, GEMM=0.29 ms
Iter 591: total=3.02 ms, PRG=0.08 ms, comm=2.19 ms, GEMM=0.29 ms
Iter 592: total=3.04 ms, PRG=0.08 ms, comm=2.23 ms, GEMM=0.29 ms
Iter 593: total=3.01 ms, PRG=0.08 ms, comm=2.18 ms, GEMM=0.29 ms
Iter 594: total=3.05 ms, PRG=0.08 ms, comm=2.23 ms, GEMM=0.28 ms
Iter 595: total=3.03 ms, PRG=0.08 ms, comm=2.21 ms, GEMM=0.29 ms
Iter 596: total=3.06 ms, PRG=0.08 ms, comm=2.24 ms, GEMM=0.28 ms
Iter 597: total=3.02 ms, PRG=0.08 ms, comm=2.18 ms, GEMM=0.28 ms
Iter 598: total=3.04 ms, PRG=0.08 ms, comm=2.22 ms, GEMM=0.29 ms
Iter 599: total=3.04 ms, PRG=0.08 ms, comm=2.22 ms, GEMM=0.29 ms
Iter 600: total=3.05 ms, PRG=0.08 ms, comm=2.21 ms, GEMM=0.28 ms
Iter 601: total=3.08 ms, PRG=0.08 ms, comm=2.24 ms, GEMM=0.29 ms
Iter 602: total=3.05 ms, PRG=0.08 ms, comm=2.23 ms, GEMM=0.29 ms
Iter 603: total=3.03 ms, PRG=0.08 ms, comm=2.21 ms, GEMM=0.28 ms
Iter 604: total=3.03 ms, PRG=0.08 ms, comm=2.22 ms, GEMM=0.28 ms
Iter 605: total=3.03 ms, PRG=0.08 ms, comm=2.22 ms, GEMM=0.28 ms
Iter 606: total=3.02 ms, PRG=0.08 ms, comm=2.19 ms, GEMM=0.28 ms
Iter 607: total=3.03 ms, PRG=0.08 ms, comm=2.19 ms, GEMM=0.29 ms
Iter 608: total=3.06 ms, PRG=0.08 ms, comm=2.25 ms, GEMM=0.28 ms
Iter 609: total=3.01 ms, PRG=0.08 ms, comm=2.20 ms, GEMM=0.28 ms
Iter 610: total=3.04 ms, PRG=0.08 ms, comm=2.23 ms, GEMM=0.28 ms
Iter 611: total=3.05 ms, PRG=0.08 ms, comm=2.24 ms, GEMM=0.28 ms
Iter 612: total=3.04 ms, PRG=0.08 ms, comm=2.22 ms, GEMM=0.28 ms
Iter 613: total=3.02 ms, PRG=0.08 ms, comm=2.21 ms, GEMM=0.29 ms
Iter 614: total=3.02 ms, PRG=0.08 ms, comm=2.21 ms, GEMM=0.28 ms
Iter 615: total=3.02 ms, PRG=0.08 ms, comm=2.20 ms, GEMM=0.28 ms
Iter 616: total=3.05 ms, PRG=0.08 ms, comm=2.23 ms, GEMM=0.28 ms
Iter 617: total=3.02 ms, PRG=0.08 ms, comm=2.21 ms, GEMM=0.29 ms
Iter 618: total=3.00 ms, PRG=0.08 ms, comm=2.15 ms, GEMM=0.29 ms
Iter 619: total=3.05 ms, PRG=0.08 ms, comm=2.23 ms, GEMM=0.29 ms
Iter 620: total=3.03 ms, PRG=0.08 ms, comm=2.22 ms, GEMM=0.29 ms
Iter 621: total=3.05 ms, PRG=0.08 ms, comm=2.23 ms, GEMM=0.29 ms
Iter 622: total=3.05 ms, PRG=0.08 ms, comm=2.23 ms, GEMM=0.28 ms
Iter 623: total=3.03 ms, PRG=0.08 ms, comm=2.21 ms, GEMM=0.29 ms
Iter 624: total=3.02 ms, PRG=0.08 ms, comm=2.20 ms, GEMM=0.28 ms
Iter 625: total=3.08 ms, PRG=0.07 ms, comm=2.25 ms, GEMM=0.29 ms
Iter 626: total=3.05 ms, PRG=0.08 ms, comm=2.20 ms, GEMM=0.29 ms
Iter 627: total=3.03 ms, PRG=0.08 ms, comm=2.21 ms, GEMM=0.28 ms
Iter 628: total=3.02 ms, PRG=0.08 ms, comm=2.20 ms, GEMM=0.29 ms
Iter 629: total=3.04 ms, PRG=0.08 ms, comm=2.19 ms, GEMM=0.29 ms
Iter 630: total=3.05 ms, PRG=0.08 ms, comm=2.24 ms, GEMM=0.28 ms
Iter 631: total=3.04 ms, PRG=0.08 ms, comm=2.23 ms, GEMM=0.28 ms
Iter 632: total=3.06 ms, PRG=0.08 ms, comm=2.23 ms, GEMM=0.29 ms
Iter 633: total=3.06 ms, PRG=0.08 ms, comm=2.24 ms, GEMM=0.28 ms
Iter 634: total=3.05 ms, PRG=0.08 ms, comm=2.23 ms, GEMM=0.28 ms
Iter 635: total=3.03 ms, PRG=0.08 ms, comm=2.21 ms, GEMM=0.28 ms
Iter 636: total=3.01 ms, PRG=0.07 ms, comm=2.20 ms, GEMM=0.29 ms
Iter 637: total=3.03 ms, PRG=0.08 ms, comm=2.22 ms, GEMM=0.29 ms
Iter 638: total=3.04 ms, PRG=0.08 ms, comm=2.20 ms, GEMM=0.29 ms
Iter 639: total=3.03 ms, PRG=0.08 ms, comm=2.22 ms, GEMM=0.29 ms
Iter 640: total=3.06 ms, PRG=0.08 ms, comm=2.24 ms, GEMM=0.28 ms
Iter 641: total=3.00 ms, PRG=0.08 ms, comm=2.16 ms, GEMM=0.29 ms
Iter 642: total=3.02 ms, PRG=0.08 ms, comm=2.19 ms, GEMM=0.29 ms
Iter 643: total=3.03 ms, PRG=0.08 ms, comm=2.22 ms, GEMM=0.28 ms
Iter 644: total=3.05 ms, PRG=0.08 ms, comm=2.22 ms, GEMM=0.29 ms
Iter 645: total=3.03 ms, PRG=0.08 ms, comm=2.18 ms, GEMM=0.29 ms
Iter 646: total=3.04 ms, PRG=0.08 ms, comm=2.23 ms, GEMM=0.28 ms
Iter 647: total=3.15 ms, PRG=0.08 ms, comm=2.30 ms, GEMM=0.29 ms
Iter 648: total=3.06 ms, PRG=0.08 ms, comm=2.25 ms, GEMM=0.28 ms
Iter 649: total=3.06 ms, PRG=0.08 ms, comm=2.24 ms, GEMM=0.28 ms
Iter 650: total=3.02 ms, PRG=0.07 ms, comm=2.21 ms, GEMM=0.28 ms
Iter 651: total=3.08 ms, PRG=0.08 ms, comm=2.23 ms, GEMM=0.29 ms
Iter 652: total=3.06 ms, PRG=0.08 ms, comm=2.24 ms, GEMM=0.29 ms
Iter 653: total=3.03 ms, PRG=0.08 ms, comm=2.21 ms, GEMM=0.28 ms
Iter 654: total=3.03 ms, PRG=0.08 ms, comm=2.22 ms, GEMM=0.29 ms
Iter 655: total=3.06 ms, PRG=0.08 ms, comm=2.24 ms, GEMM=0.28 ms
Iter 656: total=3.01 ms, PRG=0.08 ms, comm=2.18 ms, GEMM=0.29 ms
Iter 657: total=3.05 ms, PRG=0.08 ms, comm=2.23 ms, GEMM=0.28 ms
Iter 658: total=3.04 ms, PRG=0.08 ms, comm=2.18 ms, GEMM=0.29 ms
Iter 659: total=3.04 ms, PRG=0.08 ms, comm=2.23 ms, GEMM=0.29 ms
Iter 660: total=3.04 ms, PRG=0.08 ms, comm=2.19 ms, GEMM=0.29 ms
Iter 661: total=3.16 ms, PRG=0.08 ms, comm=2.33 ms, GEMM=0.29 ms
Iter 662: total=3.05 ms, PRG=0.08 ms, comm=2.22 ms, GEMM=0.29 ms
Iter 663: total=3.02 ms, PRG=0.08 ms, comm=2.20 ms, GEMM=0.28 ms
Iter 664: total=3.04 ms, PRG=0.08 ms, comm=2.21 ms, GEMM=0.28 ms
Iter 665: total=3.02 ms, PRG=0.08 ms, comm=2.19 ms, GEMM=0.28 ms
Iter 666: total=3.03 ms, PRG=0.08 ms, comm=2.21 ms, GEMM=0.28 ms
Iter 667: total=3.01 ms, PRG=0.08 ms, comm=2.19 ms, GEMM=0.29 ms
Iter 668: total=3.04 ms, PRG=0.08 ms, comm=2.23 ms, GEMM=0.28 ms
Iter 669: total=3.02 ms, PRG=0.08 ms, comm=2.20 ms, GEMM=0.29 ms
Iter 670: total=3.02 ms, PRG=0.08 ms, comm=2.20 ms, GEMM=0.28 ms
Iter 671: total=3.04 ms, PRG=0.08 ms, comm=2.23 ms, GEMM=0.28 ms
Iter 672: total=3.03 ms, PRG=0.08 ms, comm=2.22 ms, GEMM=0.28 ms
Iter 673: total=3.03 ms, PRG=0.08 ms, comm=2.21 ms, GEMM=0.28 ms
Iter 674: total=3.00 ms, PRG=0.08 ms, comm=2.18 ms, GEMM=0.29 ms
Iter 675: total=3.09 ms, PRG=0.08 ms, comm=2.24 ms, GEMM=0.28 ms
Iter 676: total=3.05 ms, PRG=0.08 ms, comm=2.24 ms, GEMM=0.28 ms
Iter 677: total=3.04 ms, PRG=0.08 ms, comm=2.21 ms, GEMM=0.29 ms
Iter 678: total=3.03 ms, PRG=0.07 ms, comm=2.22 ms, GEMM=0.28 ms
Iter 679: total=3.06 ms, PRG=0.08 ms, comm=2.24 ms, GEMM=0.28 ms
Iter 680: total=3.04 ms, PRG=0.07 ms, comm=2.23 ms, GEMM=0.28 ms
Iter 681: total=3.06 ms, PRG=0.08 ms, comm=2.24 ms, GEMM=0.28 ms
Iter 682: total=3.04 ms, PRG=0.08 ms, comm=2.19 ms, GEMM=0.29 ms
Iter 683: total=3.03 ms, PRG=0.08 ms, comm=2.22 ms, GEMM=0.28 ms
Iter 684: total=3.01 ms, PRG=0.08 ms, comm=2.19 ms, GEMM=0.28 ms
Iter 685: total=3.04 ms, PRG=0.08 ms, comm=2.21 ms, GEMM=0.29 ms
Iter 686: total=3.06 ms, PRG=0.08 ms, comm=2.21 ms, GEMM=0.29 ms
Iter 687: total=3.09 ms, PRG=0.08 ms, comm=2.25 ms, GEMM=0.29 ms
Iter 688: total=3.10 ms, PRG=0.08 ms, comm=2.27 ms, GEMM=0.28 ms
Iter 689: total=3.04 ms, PRG=0.08 ms, comm=2.22 ms, GEMM=0.28 ms
Iter 690: total=3.04 ms, PRG=0.08 ms, comm=2.21 ms, GEMM=0.29 ms
Iter 691: total=3.92 ms, PRG=0.07 ms, comm=3.09 ms, GEMM=0.29 ms
Iter 692: total=3.02 ms, PRG=0.08 ms, comm=2.17 ms, GEMM=0.29 ms
Iter 693: total=3.02 ms, PRG=0.08 ms, comm=2.21 ms, GEMM=0.29 ms
Iter 694: total=3.06 ms, PRG=0.08 ms, comm=2.22 ms, GEMM=0.28 ms
Iter 695: total=3.03 ms, PRG=0.08 ms, comm=2.20 ms, GEMM=0.29 ms
Iter 696: total=3.07 ms, PRG=0.08 ms, comm=2.23 ms, GEMM=0.29 ms
Iter 697: total=3.05 ms, PRG=0.08 ms, comm=2.23 ms, GEMM=0.29 ms
Iter 698: total=3.05 ms, PRG=0.08 ms, comm=2.23 ms, GEMM=0.28 ms
Iter 699: total=3.02 ms, PRG=0.08 ms, comm=2.21 ms, GEMM=0.28 ms
Iter 700: total=3.00 ms, PRG=0.08 ms, comm=2.18 ms, GEMM=0.29 ms
Iter 701: total=3.06 ms, PRG=0.08 ms, comm=2.23 ms, GEMM=0.29 ms
Iter 702: total=3.06 ms, PRG=0.08 ms, comm=2.24 ms, GEMM=0.28 ms
Iter 703: total=3.04 ms, PRG=0.08 ms, comm=2.21 ms, GEMM=0.29 ms
Iter 704: total=3.06 ms, PRG=0.08 ms, comm=2.24 ms, GEMM=0.29 ms
Iter 705: total=3.04 ms, PRG=0.08 ms, comm=2.23 ms, GEMM=0.29 ms
Iter 706: total=3.06 ms, PRG=0.08 ms, comm=2.25 ms, GEMM=0.29 ms
Iter 707: total=3.03 ms, PRG=0.08 ms, comm=2.19 ms, GEMM=0.29 ms
Iter 708: total=3.04 ms, PRG=0.08 ms, comm=2.21 ms, GEMM=0.29 ms
Iter 709: total=3.01 ms, PRG=0.08 ms, comm=2.20 ms, GEMM=0.28 ms
Iter 710: total=3.01 ms, PRG=0.08 ms, comm=2.20 ms, GEMM=0.29 ms
Iter 711: total=3.04 ms, PRG=0.08 ms, comm=2.23 ms, GEMM=0.28 ms
Iter 712: total=2.97 ms, PRG=0.08 ms, comm=2.15 ms, GEMM=0.29 ms
Iter 713: total=3.45 ms, PRG=0.08 ms, comm=2.61 ms, GEMM=0.29 ms
Iter 714: total=3.05 ms, PRG=0.08 ms, comm=2.21 ms, GEMM=0.29 ms
Iter 715: total=3.05 ms, PRG=0.08 ms, comm=2.23 ms, GEMM=0.28 ms
Iter 716: total=3.10 ms, PRG=0.08 ms, comm=2.27 ms, GEMM=0.28 ms
Iter 717: total=3.05 ms, PRG=0.08 ms, comm=2.20 ms, GEMM=0.29 ms
Iter 718: total=3.02 ms, PRG=0.08 ms, comm=2.21 ms, GEMM=0.28 ms
Iter 719: total=3.02 ms, PRG=0.08 ms, comm=2.16 ms, GEMM=0.29 ms
Iter 720: total=3.07 ms, PRG=0.08 ms, comm=2.22 ms, GEMM=0.29 ms
Iter 721: total=3.06 ms, PRG=0.08 ms, comm=2.24 ms, GEMM=0.29 ms
Iter 722: total=3.01 ms, PRG=0.08 ms, comm=2.20 ms, GEMM=0.28 ms
Iter 723: total=3.05 ms, PRG=0.08 ms, comm=2.21 ms, GEMM=0.29 ms
Iter 724: total=3.04 ms, PRG=0.08 ms, comm=2.22 ms, GEMM=0.28 ms
Iter 725: total=3.10 ms, PRG=0.08 ms, comm=2.24 ms, GEMM=0.29 ms
Iter 726: total=3.04 ms, PRG=0.08 ms, comm=2.22 ms, GEMM=0.28 ms
Iter 727: total=3.03 ms, PRG=0.08 ms, comm=2.22 ms, GEMM=0.28 ms
Iter 728: total=3.05 ms, PRG=0.08 ms, comm=2.22 ms, GEMM=0.29 ms
Iter 729: total=3.06 ms, PRG=0.08 ms, comm=2.21 ms, GEMM=0.29 ms
Iter 730: total=3.08 ms, PRG=0.08 ms, comm=2.26 ms, GEMM=0.28 ms
Iter 731: total=3.02 ms, PRG=0.08 ms, comm=2.17 ms, GEMM=0.29 ms
Iter 732: total=3.03 ms, PRG=0.08 ms, comm=2.22 ms, GEMM=0.29 ms
Iter 733: total=3.07 ms, PRG=0.08 ms, comm=2.25 ms, GEMM=0.28 ms
Iter 734: total=3.01 ms, PRG=0.08 ms, comm=2.19 ms, GEMM=0.29 ms
Iter 735: total=3.77 ms, PRG=0.08 ms, comm=2.96 ms, GEMM=0.29 ms
Iter 736: total=2.99 ms, PRG=0.08 ms, comm=2.15 ms, GEMM=0.29 ms
Iter 737: total=3.06 ms, PRG=0.08 ms, comm=2.23 ms, GEMM=0.29 ms
Iter 738: total=3.07 ms, PRG=0.08 ms, comm=2.24 ms, GEMM=0.29 ms
Iter 739: total=3.05 ms, PRG=0.08 ms, comm=2.21 ms, GEMM=0.29 ms
Iter 740: total=3.02 ms, PRG=0.08 ms, comm=2.21 ms, GEMM=0.29 ms
Iter 741: total=3.14 ms, PRG=0.08 ms, comm=2.33 ms, GEMM=0.28 ms
Iter 742: total=3.07 ms, PRG=0.08 ms, comm=2.25 ms, GEMM=0.28 ms
Iter 743: total=3.00 ms, PRG=0.08 ms, comm=2.18 ms, GEMM=0.29 ms
Iter 744: total=3.03 ms, PRG=0.08 ms, comm=2.22 ms, GEMM=0.28 ms
Iter 745: total=3.03 ms, PRG=0.08 ms, comm=2.22 ms, GEMM=0.28 ms
Iter 746: total=3.01 ms, PRG=0.08 ms, comm=2.20 ms, GEMM=0.28 ms
Iter 747: total=3.01 ms, PRG=0.08 ms, comm=2.20 ms, GEMM=0.28 ms
Iter 748: total=3.00 ms, PRG=0.08 ms, comm=2.17 ms, GEMM=0.29 ms
Iter 749: total=3.03 ms, PRG=0.08 ms, comm=2.22 ms, GEMM=0.28 ms
Iter 750: total=3.02 ms, PRG=0.08 ms, comm=2.20 ms, GEMM=0.28 ms
Iter 751: total=3.07 ms, PRG=0.08 ms, comm=2.23 ms, GEMM=0.29 ms
Iter 752: total=3.05 ms, PRG=0.08 ms, comm=2.24 ms, GEMM=0.28 ms
Iter 753: total=3.05 ms, PRG=0.08 ms, comm=2.23 ms, GEMM=0.29 ms
Iter 754: total=2.99 ms, PRG=0.08 ms, comm=2.18 ms, GEMM=0.29 ms
Iter 755: total=3.07 ms, PRG=0.08 ms, comm=2.26 ms, GEMM=0.28 ms
Iter 756: total=3.02 ms, PRG=0.08 ms, comm=2.19 ms, GEMM=0.29 ms
Iter 757: total=3.06 ms, PRG=0.08 ms, comm=2.25 ms, GEMM=0.28 ms
Iter 758: total=3.02 ms, PRG=0.08 ms, comm=2.20 ms, GEMM=0.28 ms
Iter 759: total=3.03 ms, PRG=0.08 ms, comm=2.22 ms, GEMM=0.28 ms
Iter 760: total=3.07 ms, PRG=0.08 ms, comm=2.26 ms, GEMM=0.28 ms
Iter 761: total=3.04 ms, PRG=0.08 ms, comm=2.21 ms, GEMM=0.29 ms
Iter 762: total=3.02 ms, PRG=0.08 ms, comm=2.21 ms, GEMM=0.28 ms
Iter 763: total=3.03 ms, PRG=0.08 ms, comm=2.21 ms, GEMM=0.28 ms
Iter 764: total=3.03 ms, PRG=0.08 ms, comm=2.18 ms, GEMM=0.29 ms
Iter 765: total=3.03 ms, PRG=0.08 ms, comm=2.22 ms, GEMM=0.29 ms
Iter 766: total=3.04 ms, PRG=0.08 ms, comm=2.23 ms, GEMM=0.28 ms
Iter 767: total=3.04 ms, PRG=0.08 ms, comm=2.21 ms, GEMM=0.29 ms
Iter 768: total=3.02 ms, PRG=0.08 ms, comm=2.21 ms, GEMM=0.28 ms
Iter 769: total=3.02 ms, PRG=0.08 ms, comm=2.20 ms, GEMM=0.29 ms
Iter 770: total=3.04 ms, PRG=0.08 ms, comm=2.22 ms, GEMM=0.28 ms
Iter 771: total=3.10 ms, PRG=0.08 ms, comm=2.29 ms, GEMM=0.28 ms
Iter 772: total=3.04 ms, PRG=0.08 ms, comm=2.23 ms, GEMM=0.28 ms
Iter 773: total=3.05 ms, PRG=0.08 ms, comm=2.22 ms, GEMM=0.29 ms
Iter 774: total=3.01 ms, PRG=0.08 ms, comm=2.20 ms, GEMM=0.28 ms
Iter 775: total=3.03 ms, PRG=0.08 ms, comm=2.19 ms, GEMM=0.29 ms
Iter 776: total=3.05 ms, PRG=0.08 ms, comm=2.24 ms, GEMM=0.28 ms
Iter 777: total=3.01 ms, PRG=0.08 ms, comm=2.20 ms, GEMM=0.28 ms
Iter 778: total=3.01 ms, PRG=0.08 ms, comm=2.19 ms, GEMM=0.28 ms
Iter 779: total=3.02 ms, PRG=0.08 ms, comm=2.21 ms, GEMM=0.28 ms
Iter 780: total=3.05 ms, PRG=0.08 ms, comm=2.20 ms, GEMM=0.29 ms
Iter 781: total=3.07 ms, PRG=0.08 ms, comm=2.23 ms, GEMM=0.29 ms
Iter 782: total=3.05 ms, PRG=0.08 ms, comm=2.22 ms, GEMM=0.29 ms
Iter 783: total=3.04 ms, PRG=0.08 ms, comm=2.19 ms, GEMM=0.29 ms
Iter 784: total=3.06 ms, PRG=0.08 ms, comm=2.23 ms, GEMM=0.28 ms
Iter 785: total=3.05 ms, PRG=0.08 ms, comm=2.23 ms, GEMM=0.28 ms
Iter 786: total=3.01 ms, PRG=0.08 ms, comm=2.20 ms, GEMM=0.28 ms
Iter 787: total=3.02 ms, PRG=0.08 ms, comm=2.21 ms, GEMM=0.28 ms
Iter 788: total=3.04 ms, PRG=0.08 ms, comm=2.21 ms, GEMM=0.29 ms
Iter 789: total=3.52 ms, PRG=0.08 ms, comm=2.70 ms, GEMM=0.29 ms
Iter 790: total=3.10 ms, PRG=0.08 ms, comm=2.27 ms, GEMM=0.29 ms
Iter 791: total=3.04 ms, PRG=0.08 ms, comm=2.22 ms, GEMM=0.28 ms
Iter 792: total=3.02 ms, PRG=0.08 ms, comm=2.21 ms, GEMM=0.28 ms
Iter 793: total=3.01 ms, PRG=0.08 ms, comm=2.18 ms, GEMM=0.28 ms
Iter 794: total=3.06 ms, PRG=0.08 ms, comm=2.21 ms, GEMM=0.29 ms
Iter 795: total=3.04 ms, PRG=0.08 ms, comm=2.22 ms, GEMM=0.28 ms
Iter 796: total=3.05 ms, PRG=0.08 ms, comm=2.18 ms, GEMM=0.29 ms
Iter 797: total=3.09 ms, PRG=0.08 ms, comm=2.27 ms, GEMM=0.28 ms
Iter 798: total=3.05 ms, PRG=0.08 ms, comm=2.24 ms, GEMM=0.28 ms
Iter 799: total=3.03 ms, PRG=0.08 ms, comm=2.20 ms, GEMM=0.29 ms
Iter 800: total=3.03 ms, PRG=0.08 ms, comm=2.21 ms, GEMM=0.29 ms
Iter 801: total=3.05 ms, PRG=0.08 ms, comm=2.22 ms, GEMM=0.29 ms
Iter 802: total=3.03 ms, PRG=0.08 ms, comm=2.19 ms, GEMM=0.29 ms
Iter 803: total=3.02 ms, PRG=0.08 ms, comm=2.20 ms, GEMM=0.29 ms
Iter 804: total=3.02 ms, PRG=0.08 ms, comm=2.21 ms, GEMM=0.28 ms
Iter 805: total=3.02 ms, PRG=0.08 ms, comm=2.20 ms, GEMM=0.29 ms
Iter 806: total=3.05 ms, PRG=0.07 ms, comm=2.21 ms, GEMM=0.29 ms
Iter 807: total=3.09 ms, PRG=0.08 ms, comm=2.27 ms, GEMM=0.28 ms
Iter 808: total=3.01 ms, PRG=0.08 ms, comm=2.19 ms, GEMM=0.28 ms
Iter 809: total=3.04 ms, PRG=0.08 ms, comm=2.20 ms, GEMM=0.29 ms
Iter 810: total=3.04 ms, PRG=0.08 ms, comm=2.22 ms, GEMM=0.28 ms
Iter 811: total=3.08 ms, PRG=0.08 ms, comm=2.24 ms, GEMM=0.29 ms
Iter 812: total=3.03 ms, PRG=0.08 ms, comm=2.21 ms, GEMM=0.29 ms
Iter 813: total=3.11 ms, PRG=0.08 ms, comm=2.28 ms, GEMM=0.28 ms
Iter 814: total=3.02 ms, PRG=0.08 ms, comm=2.21 ms, GEMM=0.28 ms
Iter 815: total=3.07 ms, PRG=0.08 ms, comm=2.21 ms, GEMM=0.29 ms
Iter 816: total=3.82 ms, PRG=0.07 ms, comm=2.98 ms, GEMM=0.29 ms
Iter 817: total=3.04 ms, PRG=0.08 ms, comm=2.20 ms, GEMM=0.28 ms
Iter 818: total=3.06 ms, PRG=0.07 ms, comm=2.24 ms, GEMM=0.29 ms
Iter 819: total=3.04 ms, PRG=0.08 ms, comm=2.21 ms, GEMM=0.29 ms
Iter 820: total=3.04 ms, PRG=0.08 ms, comm=2.23 ms, GEMM=0.28 ms
Iter 821: total=3.02 ms, PRG=0.08 ms, comm=2.21 ms, GEMM=0.28 ms
Iter 822: total=3.14 ms, PRG=0.08 ms, comm=2.31 ms, GEMM=0.29 ms
Iter 823: total=3.06 ms, PRG=0.08 ms, comm=2.23 ms, GEMM=0.28 ms
Iter 824: total=3.08 ms, PRG=0.08 ms, comm=2.25 ms, GEMM=0.28 ms
Iter 825: total=3.02 ms, PRG=0.08 ms, comm=2.20 ms, GEMM=0.28 ms
Iter 826: total=3.02 ms, PRG=0.08 ms, comm=2.22 ms, GEMM=0.28 ms
Iter 827: total=3.02 ms, PRG=0.08 ms, comm=2.18 ms, GEMM=0.29 ms
Iter 828: total=3.06 ms, PRG=0.08 ms, comm=2.25 ms, GEMM=0.28 ms
Iter 829: total=3.05 ms, PRG=0.08 ms, comm=2.22 ms, GEMM=0.29 ms
Iter 830: total=3.16 ms, PRG=0.08 ms, comm=2.35 ms, GEMM=0.28 ms
Iter 831: total=3.03 ms, PRG=0.08 ms, comm=2.21 ms, GEMM=0.28 ms
Iter 832: total=3.03 ms, PRG=0.08 ms, comm=2.21 ms, GEMM=0.29 ms
Iter 833: total=3.18 ms, PRG=0.08 ms, comm=2.35 ms, GEMM=0.29 ms
Iter 834: total=3.08 ms, PRG=0.08 ms, comm=2.24 ms, GEMM=0.29 ms
Iter 835: total=3.02 ms, PRG=0.08 ms, comm=2.20 ms, GEMM=0.29 ms
Iter 836: total=3.03 ms, PRG=0.08 ms, comm=2.19 ms, GEMM=0.29 ms
Iter 837: total=3.04 ms, PRG=0.08 ms, comm=2.23 ms, GEMM=0.28 ms
Iter 838: total=3.04 ms, PRG=0.08 ms, comm=2.23 ms, GEMM=0.28 ms
Iter 839: total=3.09 ms, PRG=0.08 ms, comm=2.26 ms, GEMM=0.28 ms
Iter 840: total=3.05 ms, PRG=0.08 ms, comm=2.23 ms, GEMM=0.28 ms
Iter 841: total=3.82 ms, PRG=0.08 ms, comm=2.98 ms, GEMM=0.29 ms
Iter 842: total=3.07 ms, PRG=0.08 ms, comm=2.26 ms, GEMM=0.28 ms
Iter 843: total=3.05 ms, PRG=0.07 ms, comm=2.23 ms, GEMM=0.29 ms
Iter 844: total=3.06 ms, PRG=0.08 ms, comm=2.21 ms, GEMM=0.29 ms
Iter 845: total=3.03 ms, PRG=0.08 ms, comm=2.22 ms, GEMM=0.29 ms
Iter 846: total=3.02 ms, PRG=0.08 ms, comm=2.21 ms, GEMM=0.29 ms
Iter 847: total=3.06 ms, PRG=0.08 ms, comm=2.24 ms, GEMM=0.28 ms
Iter 848: total=3.03 ms, PRG=0.08 ms, comm=2.22 ms, GEMM=0.28 ms
Iter 849: total=3.02 ms, PRG=0.08 ms, comm=2.20 ms, GEMM=0.28 ms
Iter 850: total=3.05 ms, PRG=0.08 ms, comm=2.22 ms, GEMM=0.29 ms
Iter 851: total=3.05 ms, PRG=0.08 ms, comm=2.22 ms, GEMM=0.28 ms
Iter 852: total=3.03 ms, PRG=0.07 ms, comm=2.22 ms, GEMM=0.28 ms
Iter 853: total=3.05 ms, PRG=0.08 ms, comm=2.20 ms, GEMM=0.29 ms
Iter 854: total=3.18 ms, PRG=0.08 ms, comm=2.36 ms, GEMM=0.28 ms
Iter 855: total=3.04 ms, PRG=0.08 ms, comm=2.22 ms, GEMM=0.28 ms
Iter 856: total=3.02 ms, PRG=0.08 ms, comm=2.20 ms, GEMM=0.28 ms
Iter 857: total=3.02 ms, PRG=0.08 ms, comm=2.21 ms, GEMM=0.29 ms
Iter 858: total=3.08 ms, PRG=0.08 ms, comm=2.26 ms, GEMM=0.29 ms
Iter 859: total=3.07 ms, PRG=0.08 ms, comm=2.23 ms, GEMM=0.29 ms
Iter 860: total=3.04 ms, PRG=0.08 ms, comm=2.22 ms, GEMM=0.28 ms
Iter 861: total=3.02 ms, PRG=0.08 ms, comm=2.21 ms, GEMM=0.28 ms
Iter 862: total=3.00 ms, PRG=0.08 ms, comm=2.19 ms, GEMM=0.28 ms
Iter 863: total=3.05 ms, PRG=0.08 ms, comm=2.22 ms, GEMM=0.28 ms
Iter 864: total=3.04 ms, PRG=0.08 ms, comm=2.21 ms, GEMM=0.29 ms
Iter 865: total=3.06 ms, PRG=0.08 ms, comm=2.20 ms, GEMM=0.29 ms
Iter 866: total=3.19 ms, PRG=0.08 ms, comm=2.36 ms, GEMM=0.28 ms
Iter 867: total=3.05 ms, PRG=0.08 ms, comm=2.22 ms, GEMM=0.29 ms
Iter 868: total=3.04 ms, PRG=0.08 ms, comm=2.23 ms, GEMM=0.28 ms
Iter 869: total=3.04 ms, PRG=0.08 ms, comm=2.23 ms, GEMM=0.28 ms
Iter 870: total=3.01 ms, PRG=0.08 ms, comm=2.17 ms, GEMM=0.29 ms
Iter 871: total=3.05 ms, PRG=0.08 ms, comm=2.22 ms, GEMM=0.29 ms
Iter 872: total=3.04 ms, PRG=0.08 ms, comm=2.22 ms, GEMM=0.28 ms
Iter 873: total=3.05 ms, PRG=0.08 ms, comm=2.23 ms, GEMM=0.28 ms
Iter 874: total=3.01 ms, PRG=0.08 ms, comm=2.21 ms, GEMM=0.28 ms
Iter 875: total=3.11 ms, PRG=0.08 ms, comm=2.26 ms, GEMM=0.29 ms
Iter 876: total=3.03 ms, PRG=0.08 ms, comm=2.21 ms, GEMM=0.28 ms
Iter 877: total=3.01 ms, PRG=0.08 ms, comm=2.18 ms, GEMM=0.29 ms
Iter 878: total=3.07 ms, PRG=0.08 ms, comm=2.25 ms, GEMM=0.28 ms
Iter 879: total=3.05 ms, PRG=0.08 ms, comm=2.21 ms, GEMM=0.29 ms
Iter 880: total=3.05 ms, PRG=0.08 ms, comm=2.23 ms, GEMM=0.29 ms
Iter 881: total=3.04 ms, PRG=0.08 ms, comm=2.21 ms, GEMM=0.29 ms
Iter 882: total=3.05 ms, PRG=0.08 ms, comm=2.20 ms, GEMM=0.29 ms
Iter 883: total=3.04 ms, PRG=0.08 ms, comm=2.23 ms, GEMM=0.29 ms
Iter 884: total=3.80 ms, PRG=0.08 ms, comm=2.96 ms, GEMM=0.29 ms
Iter 885: total=3.03 ms, PRG=0.08 ms, comm=2.21 ms, GEMM=0.29 ms
Iter 886: total=3.04 ms, PRG=0.08 ms, comm=2.22 ms, GEMM=0.29 ms
Iter 887: total=3.07 ms, PRG=0.07 ms, comm=2.25 ms, GEMM=0.28 ms
Iter 888: total=3.04 ms, PRG=0.08 ms, comm=2.22 ms, GEMM=0.28 ms
Iter 889: total=3.02 ms, PRG=0.08 ms, comm=2.21 ms, GEMM=0.29 ms
Iter 890: total=3.04 ms, PRG=0.08 ms, comm=2.17 ms, GEMM=0.29 ms
Iter 891: total=3.13 ms, PRG=0.08 ms, comm=2.29 ms, GEMM=0.28 ms
Iter 892: total=3.07 ms, PRG=0.08 ms, comm=2.26 ms, GEMM=0.28 ms
Iter 893: total=3.05 ms, PRG=0.08 ms, comm=2.22 ms, GEMM=0.29 ms
Iter 894: total=3.04 ms, PRG=0.08 ms, comm=2.23 ms, GEMM=0.28 ms
Iter 895: total=3.04 ms, PRG=0.08 ms, comm=2.19 ms, GEMM=0.29 ms
Iter 896: total=3.06 ms, PRG=0.08 ms, comm=2.23 ms, GEMM=0.29 ms
Iter 897: total=3.08 ms, PRG=0.08 ms, comm=2.26 ms, GEMM=0.28 ms
Iter 898: total=3.05 ms, PRG=0.08 ms, comm=2.24 ms, GEMM=0.29 ms
Iter 899: total=3.06 ms, PRG=0.07 ms, comm=2.24 ms, GEMM=0.28 ms
Iter 900: total=3.05 ms, PRG=0.08 ms, comm=2.23 ms, GEMM=0.29 ms
Iter 901: total=3.07 ms, PRG=0.08 ms, comm=2.25 ms, GEMM=0.28 ms
Iter 902: total=2.99 ms, PRG=0.08 ms, comm=2.17 ms, GEMM=0.28 ms
Iter 903: total=3.05 ms, PRG=0.07 ms, comm=2.24 ms, GEMM=0.28 ms
Iter 904: total=3.03 ms, PRG=0.08 ms, comm=2.21 ms, GEMM=0.29 ms
Iter 905: total=3.06 ms, PRG=0.08 ms, comm=2.24 ms, GEMM=0.28 ms
Iter 906: total=3.05 ms, PRG=0.08 ms, comm=2.24 ms, GEMM=0.28 ms
Iter 907: total=3.05 ms, PRG=0.08 ms, comm=2.24 ms, GEMM=0.29 ms
Iter 908: total=3.03 ms, PRG=0.08 ms, comm=2.20 ms, GEMM=0.28 ms
Iter 909: total=3.03 ms, PRG=0.08 ms, comm=2.22 ms, GEMM=0.28 ms
Iter 910: total=3.02 ms, PRG=0.08 ms, comm=2.17 ms, GEMM=0.29 ms
Iter 911: total=3.06 ms, PRG=0.08 ms, comm=2.22 ms, GEMM=0.29 ms
Iter 912: total=3.05 ms, PRG=0.08 ms, comm=2.23 ms, GEMM=0.29 ms
Iter 913: total=3.06 ms, PRG=0.08 ms, comm=2.24 ms, GEMM=0.28 ms
Iter 914: total=3.07 ms, PRG=0.08 ms, comm=2.21 ms, GEMM=0.29 ms
Iter 915: total=3.09 ms, PRG=0.08 ms, comm=2.22 ms, GEMM=0.29 ms
Iter 916: total=3.06 ms, PRG=0.08 ms, comm=2.20 ms, GEMM=0.29 ms
Iter 917: total=3.04 ms, PRG=0.08 ms, comm=2.20 ms, GEMM=0.29 ms
Iter 918: total=3.01 ms, PRG=0.08 ms, comm=2.20 ms, GEMM=0.29 ms
Iter 919: total=3.03 ms, PRG=0.08 ms, comm=2.23 ms, GEMM=0.28 ms
Iter 920: total=3.05 ms, PRG=0.08 ms, comm=2.21 ms, GEMM=0.29 ms
Iter 921: total=3.03 ms, PRG=0.08 ms, comm=2.22 ms, GEMM=0.28 ms
Iter 922: total=3.03 ms, PRG=0.08 ms, comm=2.22 ms, GEMM=0.28 ms
Iter 923: total=3.01 ms, PRG=0.08 ms, comm=2.20 ms, GEMM=0.29 ms
Iter 924: total=3.08 ms, PRG=0.08 ms, comm=2.25 ms, GEMM=0.28 ms
Iter 925: total=3.00 ms, PRG=0.08 ms, comm=2.19 ms, GEMM=0.28 ms
Iter 926: total=3.04 ms, PRG=0.07 ms, comm=2.22 ms, GEMM=0.28 ms
Iter 927: total=3.05 ms, PRG=0.08 ms, comm=2.23 ms, GEMM=0.29 ms
Iter 928: total=3.05 ms, PRG=0.08 ms, comm=2.24 ms, GEMM=0.28 ms
Iter 929: total=3.04 ms, PRG=0.08 ms, comm=2.21 ms, GEMM=0.29 ms
Iter 930: total=3.01 ms, PRG=0.08 ms, comm=2.20 ms, GEMM=0.29 ms
Iter 931: total=3.02 ms, PRG=0.08 ms, comm=2.19 ms, GEMM=0.29 ms
Iter 932: total=3.08 ms, PRG=0.08 ms, comm=2.25 ms, GEMM=0.29 ms
Iter 933: total=3.01 ms, PRG=0.08 ms, comm=2.19 ms, GEMM=0.29 ms
Iter 934: total=3.06 ms, PRG=0.08 ms, comm=2.23 ms, GEMM=0.28 ms
Iter 935: total=3.05 ms, PRG=0.08 ms, comm=2.23 ms, GEMM=0.28 ms
Iter 936: total=3.06 ms, PRG=0.08 ms, comm=2.21 ms, GEMM=0.29 ms
Iter 937: total=3.05 ms, PRG=0.08 ms, comm=2.21 ms, GEMM=0.29 ms
Iter 938: total=3.07 ms, PRG=0.08 ms, comm=2.22 ms, GEMM=0.29 ms
Iter 939: total=3.09 ms, PRG=0.08 ms, comm=2.23 ms, GEMM=0.29 ms
Iter 940: total=3.05 ms, PRG=0.08 ms, comm=2.21 ms, GEMM=0.29 ms
Iter 941: total=3.04 ms, PRG=0.08 ms, comm=2.23 ms, GEMM=0.28 ms
Iter 942: total=3.05 ms, PRG=0.08 ms, comm=2.20 ms, GEMM=0.29 ms
Iter 943: total=3.01 ms, PRG=0.08 ms, comm=2.19 ms, GEMM=0.29 ms
Iter 944: total=3.05 ms, PRG=0.08 ms, comm=2.23 ms, GEMM=0.28 ms
Iter 945: total=3.02 ms, PRG=0.08 ms, comm=2.16 ms, GEMM=0.29 ms
Iter 946: total=3.07 ms, PRG=0.08 ms, comm=2.23 ms, GEMM=0.29 ms
Iter 947: total=3.04 ms, PRG=0.08 ms, comm=2.22 ms, GEMM=0.29 ms
Iter 948: total=3.06 ms, PRG=0.08 ms, comm=2.23 ms, GEMM=0.29 ms
Iter 949: total=3.02 ms, PRG=0.08 ms, comm=2.20 ms, GEMM=0.28 ms
Iter 950: total=3.03 ms, PRG=0.08 ms, comm=2.22 ms, GEMM=0.28 ms
Iter 951: total=3.03 ms, PRG=0.08 ms, comm=2.22 ms, GEMM=0.29 ms
Iter 952: total=3.07 ms, PRG=0.08 ms, comm=2.24 ms, GEMM=0.28 ms
Iter 953: total=3.04 ms, PRG=0.08 ms, comm=2.22 ms, GEMM=0.28 ms
Iter 954: total=3.05 ms, PRG=0.08 ms, comm=2.24 ms, GEMM=0.28 ms
Iter 955: total=3.01 ms, PRG=0.07 ms, comm=2.21 ms, GEMM=0.29 ms
Iter 956: total=3.03 ms, PRG=0.08 ms, comm=2.22 ms, GEMM=0.29 ms
Iter 957: total=3.87 ms, PRG=0.08 ms, comm=3.04 ms, GEMM=0.29 ms
Iter 958: total=3.04 ms, PRG=0.08 ms, comm=2.22 ms, GEMM=0.29 ms
Iter 959: total=3.05 ms, PRG=0.08 ms, comm=2.21 ms, GEMM=0.29 ms
Iter 960: total=3.05 ms, PRG=0.08 ms, comm=2.23 ms, GEMM=0.29 ms
Iter 961: total=3.03 ms, PRG=0.08 ms, comm=2.23 ms, GEMM=0.28 ms
Iter 962: total=2.99 ms, PRG=0.08 ms, comm=2.18 ms, GEMM=0.28 ms
Iter 963: total=3.04 ms, PRG=0.08 ms, comm=2.18 ms, GEMM=0.29 ms
Iter 964: total=3.03 ms, PRG=0.08 ms, comm=2.20 ms, GEMM=0.29 ms
Iter 965: total=3.03 ms, PRG=0.07 ms, comm=2.22 ms, GEMM=0.28 ms
Iter 966: total=3.00 ms, PRG=0.08 ms, comm=2.19 ms, GEMM=0.29 ms
Iter 967: total=3.06 ms, PRG=0.08 ms, comm=2.23 ms, GEMM=0.28 ms
Iter 968: total=3.06 ms, PRG=0.08 ms, comm=2.24 ms, GEMM=0.29 ms
Iter 969: total=3.04 ms, PRG=0.08 ms, comm=2.23 ms, GEMM=0.28 ms
Iter 970: total=3.04 ms, PRG=0.08 ms, comm=2.21 ms, GEMM=0.29 ms
Iter 971: total=3.01 ms, PRG=0.08 ms, comm=2.19 ms, GEMM=0.28 ms
Iter 972: total=3.02 ms, PRG=0.08 ms, comm=2.18 ms, GEMM=0.29 ms
Iter 973: total=3.04 ms, PRG=0.07 ms, comm=2.23 ms, GEMM=0.28 ms
Iter 974: total=3.03 ms, PRG=0.08 ms, comm=2.21 ms, GEMM=0.28 ms
Iter 975: total=3.04 ms, PRG=0.08 ms, comm=2.20 ms, GEMM=0.29 ms
Iter 976: total=3.03 ms, PRG=0.08 ms, comm=2.19 ms, GEMM=0.29 ms
Iter 977: total=3.08 ms, PRG=0.08 ms, comm=2.24 ms, GEMM=0.29 ms
Iter 978: total=3.08 ms, PRG=0.08 ms, comm=2.27 ms, GEMM=0.29 ms
Iter 979: total=3.01 ms, PRG=0.08 ms, comm=2.20 ms, GEMM=0.28 ms
Iter 980: total=3.05 ms, PRG=0.08 ms, comm=2.20 ms, GEMM=0.29 ms
Iter 981: total=3.05 ms, PRG=0.08 ms, comm=2.21 ms, GEMM=0.29 ms
Iter 982: total=3.07 ms, PRG=0.08 ms, comm=2.23 ms, GEMM=0.29 ms
Iter 983: total=3.08 ms, PRG=0.08 ms, comm=2.23 ms, GEMM=0.29 ms
Iter 984: total=3.04 ms, PRG=0.08 ms, comm=2.22 ms, GEMM=0.29 ms
Iter 985: total=3.04 ms, PRG=0.08 ms, comm=2.21 ms, GEMM=0.28 ms
Iter 986: total=3.01 ms, PRG=0.08 ms, comm=2.19 ms, GEMM=0.28 ms
Iter 987: total=3.02 ms, PRG=0.08 ms, comm=2.19 ms, GEMM=0.29 ms
Iter 988: total=3.04 ms, PRG=0.08 ms, comm=2.22 ms, GEMM=0.29 ms
Iter 989: total=3.07 ms, PRG=0.08 ms, comm=2.23 ms, GEMM=0.29 ms
Iter 990: total=3.04 ms, PRG=0.08 ms, comm=2.21 ms, GEMM=0.29 ms
Iter 991: total=3.03 ms, PRG=0.08 ms, comm=2.21 ms, GEMM=0.28 ms
Iter 992: total=3.02 ms, PRG=0.08 ms, comm=2.21 ms, GEMM=0.29 ms
Iter 993: total=3.02 ms, PRG=0.08 ms, comm=2.20 ms, GEMM=0.29 ms
Iter 994: total=3.02 ms, PRG=0.08 ms, comm=2.18 ms, GEMM=0.29 ms
Iter 995: total=3.16 ms, PRG=0.08 ms, comm=2.35 ms, GEMM=0.28 ms
Iter 996: total=3.06 ms, PRG=0.08 ms, comm=2.24 ms, GEMM=0.28 ms
Iter 997: total=3.03 ms, PRG=0.08 ms, comm=2.21 ms, GEMM=0.29 ms
Iter 998: total=3.05 ms, PRG=0.08 ms, comm=2.22 ms, GEMM=0.29 ms
Iter 999: total=3.03 ms, PRG=0.08 ms, comm=2.19 ms, GEMM=0.29 ms
Iter 1000: total=3.03 ms, PRG=0.08 ms, comm=2.21 ms, GEMM=0.29 ms

╔══════════════════════════════════════════════════╗
║  Results (with A/B/C storage pressure)          ║
╠══════════════════════════════════════════════════╣
║  Matrix:      [128×768] × [768×768] = [128×768]   ║
║  Iterations:             1000                     ║
║  Total time:             3.06 s                 ║
║  PRG time:               0.08 ms / iter         ║
║  Comm time:              2.24 ms / iter         ║
║  GEMM time:              0.28 ms / iter         ║
║  Comm bytes:      5.51 /     5.51 MB/iter     ║
║                                              ║
║  PRG throughput (A+B):       9124.54 M elems/s   ║
║  Gen throughput (A+B+C):      954.93 M elems/s   ║
║  Total throughput (A+B+C):    257.00 M elems/s   ║
║                                              ║
║  PRG bandwidth  (A+B → SSD):     73.00 GB/s    ║
║  Gen bandwidth  (A+B+C→SSD):      7.64 GB/s    ║
║  Total bandwidth(A+B+C→SSD):      2.06 GB/s    ║
║                                              ║
║  GEMM throughput:               49.34 GOPS/s     ║
╚══════════════════════════════════════════════════╝

[Party 0] Communication per iter: Sent=5.505024 MB, Recv=5.505024 MB, Total=11.010048 MB
[Party 0] Communication total: Sent=5505.024000 MB, Recv=5505.024000 MB, Total=11010.048000 MB
